Component: ARM Compiler 5.05 update 1 (build 106) Tool: armlink [4d0efa]

==============================================================================

Section Cross References

    main.o(.text) refers to oled.o(.text) for OLED_Clear
    main.o(.text) refers to queue.o(.text) for xQueueGenericReceive
    main.o(.text) refers to tasks.o(.text) for xTaskCreate
    main.o(.text) refers to bsp.o(.text) for read_di
    main.o(.text) refers to stm32f10x_gpio.o(.text) for GPIO_ReadOutputDataBit
    main.o(.text) refers to stm32f10x_rcc.o(.text) for RCC_DeInit
    main.o(.text) refers to misc.o(.text) for NVIC_SetVectorTable
    main.o(.text) refers to comtest.o(.text) for vAltStartComTestTasks
    main.o(.text) refers to stm32f10x_usart.o(.text) for USART_SendData
    main.o(.text) refers to main.o(.data) for hsize
    main.o(.text) refers to bsp.o(.bss) for di_value
    main.o(.text) refers to main.o(.constdata) for high
    bsp.o(.text) refers to stm32f10x_rcc.o(.text) for RCC_APB2PeriphClockCmd
    bsp.o(.text) refers to stm32f10x_gpio.o(.text) for GPIO_Init
    bsp.o(.text) refers to stm32f10x_spi.o(.text) for SPI_Init
    bsp.o(.text) refers to oled.o(.text) for OLED_WR_Byte
    bsp.o(.text) refers to stm32f10x_dma.o(.text) for DMA_DeInit
    bsp.o(.text) refers to stm32f10x_adc.o(.text) for ADC_Init
    bsp.o(.text) refers to bsp.o(.data) for GPIO_InitStructure
    bsp.o(.text) refers to bsp.o(.bss) for DMA_InitStructure
    bsp.o(.text) refers to misc.o(.text) for NVIC_PriorityGroupConfig
    bsp.o(.text) refers to stm32f10x_usart.o(.text) for USART_Init
    timertest.o(.text) refers to stm32f10x_rcc.o(.text) for RCC_APB1PeriphClockCmd
    timertest.o(.text) refers to stm32f10x_tim.o(.text) for TIM_DeInit
    timertest.o(.text) refers to misc.o(.text) for NVIC_Init
    timertest.o(.text) refers to timertest.o(.data) for usSettleCount
    serial.o(.text) refers to queue.o(.text) for xQueueGenericCreate
    serial.o(.text) refers to stm32f10x_rcc.o(.text) for RCC_APB2PeriphClockCmd
    serial.o(.text) refers to stm32f10x_gpio.o(.text) for GPIO_Init
    serial.o(.text) refers to stm32f10x_usart.o(.text) for USART_Init
    serial.o(.text) refers to misc.o(.text) for NVIC_Init
    serial.o(.text) refers to serial.o(.data) for xRxedChars
    comtest.o(.text) refers to serial.o(.text) for xSerialGetChar
    comtest.o(.text) refers to tasks.o(.text) for xTaskGetTickCount
    comtest.o(.text) refers to comtest.o(.data) for xPort
    comtest.o(.text) refers to bsp.o(.bss) for di_value
    comtest.o(.text) refers to bsp.o(.data) for com_sdata
    oled.o(.text) refers to _printf_pad.o(.text) for _printf_pre_padding
    oled.o(.text) refers to _printf_percent.o(.ARM.Collect$$_printf_percent$$00000000) for _printf_percent
    oled.o(.text) refers to _printf_f.o(.ARM.Collect$$_printf_percent$$00000003) for _printf_f
    oled.o(.text) refers to printf1.o(x$fpl$printf1) for _printf_fp_dec
    oled.o(.text) refers to stm32f10x_rcc.o(.text) for RCC_APB1PeriphClockCmd
    oled.o(.text) refers to stm32f10x_gpio.o(.text) for GPIO_Init
    oled.o(.text) refers to stm32f10x_spi.o(.text) for SPI_Init
    oled.o(.text) refers to oled.o(.data) for parm_sel
    oled.o(.text) refers to oled.o(.constdata) for F6x8
    oled.o(.text) refers to fdiv.o(x$fpl$fdiv) for __aeabi_fdiv
    oled.o(.text) refers to f2d.o(x$fpl$f2d) for __aeabi_f2d
    oled.o(.text) refers to noretval__2sprintf.o(.text) for __2sprintf
    oled.o(.text) refers to oled.o(.bss) for ptr
    system_stm32f10x.o(.text) refers to system_stm32f10x.o(.data) for SystemCoreClock
    startup_stm32f10x_hd.o(STACK) refers (Special) to heapauxi.o(.text) for __use_two_region_memory
    startup_stm32f10x_hd.o(HEAP) refers (Special) to heapauxi.o(.text) for __use_two_region_memory
    startup_stm32f10x_hd.o(RESET) refers (Special) to heapauxi.o(.text) for __use_two_region_memory
    startup_stm32f10x_hd.o(RESET) refers to startup_stm32f10x_hd.o(STACK) for __initial_sp
    startup_stm32f10x_hd.o(RESET) refers to startup_stm32f10x_hd.o(.text) for Reset_Handler
    startup_stm32f10x_hd.o(RESET) refers to stm32f10x_it.o(.text) for NMI_Handler
    startup_stm32f10x_hd.o(RESET) refers to port.o(.emb_text) for vPortSVCHandler
    startup_stm32f10x_hd.o(RESET) refers to port.o(.text) for xPortSysTickHandler
    startup_stm32f10x_hd.o(RESET) refers to timertest.o(.text) for vTimer2IntHandler
    startup_stm32f10x_hd.o(RESET) refers to serial.o(.text) for vUARTInterruptHandler
    startup_stm32f10x_hd.o(.text) refers (Special) to heapauxi.o(.text) for __use_two_region_memory
    startup_stm32f10x_hd.o(.text) refers to __main.o(!!!main) for __main
    startup_stm32f10x_hd.o(.text) refers to startup_stm32f10x_hd.o(HEAP) for Heap_Mem
    startup_stm32f10x_hd.o(.text) refers to startup_stm32f10x_hd.o(STACK) for Stack_Mem
    queue.o(.text) refers to port.o(.text) for vPortEnterCritical
    queue.o(.text) refers to tasks.o(.text) for xTaskRemoveFromEventList
[...]
    .ARM.Collect$$rtentry$$0000000C          0x080001cc   Section        0  __rtentry2.o(.ARM.Collect$$rtentry$$0000000C)
    .ARM.Collect$$rtentry$$0000000D          0x080001cc   Section        8  __rtentry2.o(.ARM.Collect$$rtentry$$0000000D)
    .ARM.Collect$$rtexit$$00000000           0x080001d4   Section        2  rtexit.o(.ARM.Collect$$rtexit$$00000000)
    .ARM.Collect$$rtexit$$00000002           0x080001d6   Section        0  rtexit2.o(.ARM.Collect$$rtexit$$00000002)
    .ARM.Collect$$rtexit$$00000003           0x080001d6   Section        4  rtexit2.o(.ARM.Collect$$rtexit$$00000003)
    .ARM.Collect$$rtexit$$00000004           0x080001da   Section        6  rtexit2.o(.ARM.Collect$$rtexit$$00000004)
    .emb_text                                0x080001e0   Section      150  port.o(.emb_text)
    .text                                    0x08000278   Section        0  main.o(.text)
    oled091_task                             0x08000279   Thumb Code    96  main.o(.text)
    rin_task                                 0x080002f3   Thumb Code    42  main.o(.text)
    led_task                                 0x08000335   Thumb Code    34  main.o(.text)
    prvSetupHardware                         0x0800036f   Thumb Code   140  main.o(.text)
    rs422_task                               0x08000451   Thumb Code    28  main.o(.text)
    rs422_receive_task                       0x0800046d   Thumb Code    24  main.o(.text)
    .text                                    0x08000520   Section        0  stm32f10x_it.o(.text)
    .text                                    0x0800053c   Section        0  bsp.o(.text)
    .text                                    0x08000a14   Section        0  timertest.o(.text)
    .text                                    0x08000b0c   Section        0  serial.o(.text)
    .text                                    0x08000cfc   Section        0  comtest.o(.text)
    vComRxTask                               0x08000cfd   Thumb Code   100  comtest.o(.text)
    vComTxTask                               0x08000d61   Thumb Code    96  comtest.o(.text)
    .text                                    0x08000e38   Section        0  oled.o(.text)
    .text                                    0x080019bc   Section       52  startup_stm32f10x_hd.o(.text)
    .text                                    0x080019f0   Section        0  list.o(.text)
    .text                                    0x08001a84   Section        0  queue.o(.text)
    prvInitialiseNewQueue                    0x08001aff   Thumb Code    38  queue.o(.text)
    prvUnlockQueue                           0x08001b5d   Thumb Code   126  queue.o(.text)
    prvIsQueueFull                           0x08001bdb   Thumb Code    30  queue.o(.text)
    prvCopyDataToQueue                       0x08001bf9   Thumb Code   106  queue.o(.text)
    prvIsQueueEmpty                          0x08001e75   Thumb Code    26  queue.o(.text)
    prvCopyDataFromQueue                     0x08001e8f   Thumb Code    46  queue.o(.text)
    .text                                    0x08002124   Section        0  tasks.o(.text)
    prvInitialiseTaskLists                   0x08002125   Thumb Code    70  tasks.o(.text)
    prvAddNewTaskToReadyList                 0x0800216b   Thumb Code   150  tasks.o(.text)
    prvInitialiseNewTask                     0x08002201   Thumb Code   128  tasks.o(.text)
    prvResetNextTaskUnblockTime              0x080022e1   Thumb Code    42  tasks.o(.text)
    prvDeleteTCB                             0x0800230b   Thumb Code    18  tasks.o(.text)
    prvAddCurrentTaskToDelayedList           0x080025cd   Thumb Code   124  tasks.o(.text)
    prvTaskIsTaskSuspended                   0x08002903   Thumb Code    56  tasks.o(.text)
    prvCheckTasksWaitingTermination          0x08002a67   Thumb Code    86  tasks.o(.text)
    prvIdleTask                              0x08002abd   Thumb Code    32  tasks.o(.text)
    .text                                    0x080030c4   Section        0  port.o(.text)
    prvTaskExitError                         0x080030c5   Thumb Code    22  port.o(.text)
    .text                                    0x080031ac   Section        0  heap_2.o(.text)
    prvHeapInit                              0x080031ad   Thumb Code    42  heap_2.o(.text)
    .text                                    0x080032d0   Section        0  misc.o(.text)
    .text                                    0x080034b4   Section        0  stm32f10x_adc.o(.text)
    .text                                    0x08004384   Section        0  stm32f10x_dma.o(.text)
    .text                                    0x08004cc4   Section        0  stm32f10x_gpio.o(.text)
    .text                                    0x08005740   Section        0  stm32f10x_rcc.o(.text)
    .text                                    0x08005f80   Section        0  stm32f10x_spi.o(.text)
    .text                                    0x08006908   Section        0  stm32f10x_tim.o(.text)
    TI4_Config                               0x080073ad   Thumb Code   130  stm32f10x_tim.o(.text)
    TI3_Config                               0x08007495   Thumb Code   122  stm32f10x_tim.o(.text)
    TI2_Config                               0x0800758f   Thumb Code   164  stm32f10x_tim.o(.text)
    TI1_Config                               0x080076cf   Thumb Code   108  stm32f10x_tim.o(.text)
    .text                                    0x0800a080   Section        0  stm32f10x_usart.o(.text)
    .text                                    0x0800ae3c   Section        0  noretval__2sprintf.o(.text)
    .text                                    0x0800ae64   Section        0  _printf_pad.o(.text)
    .text                                    0x0800aeb2   Section        0  __printf_wp.o(.text)
    .text                                    0x0800afc0   Section      138  rt_memcpy_v6.o(.text)
    .text                                    0x0800b04a   Section        0  heapauxi.o(.text)
    .text                                    0x0800b050   Section        0  _printf_fp_dec.o(.text)
    _fp_digits                               0x0800b053   Thumb Code   428  _printf_fp_dec.o(.text)
    .text                                    0x0800b46c   Section        0  _printf_char_common.o(.text)
    _printf_input_char                       0x0800b46d   Thumb Code    10  _printf_char_common.o(.text)
    .text                                    0x0800b49c   Section        0  _sputc.o(.text)
    .text                                    0x0800b4a6   Section      100  rt_memcpy_w.o(.text)
    .text                                    0x0800b50c   Section        8  rt_locale_intlibspace.o(.text)
    .text                                    0x0800b514   Section      138  lludiv10.o(.text)
    .text                                    0x0800b5a0   Section        0  _printf_fp_infnan.o(.text)
    .text                                    0x0800b620   Section        0  bigflt0.o(.text)
    .text                                    0x0800b6fc   Section        8  libspace.o(.text)
    .text                                    0x0800b704   Section       74  sys_stackheap_outer.o(.text)
    .text                                    0x0800b74e   Section        0  exit.o(.text)
    .text                                    0x0800b75c   Section      128  strcmpv7m.o(.text)
    .text                                    0x0800b7dc   Section        0  sys_exit.o(.text)
    .text                                    0x0800b7e8   Section        2  use_no_semi.o(.text)
    .text                                    0x0800b7ea   Section        0  indicate_semi.o(.text)
    CL$$btod_d2e                             0x0800b7ea   Section       62  btod.o(CL$$btod_d2e)
    CL$$btod_d2e_denorm_low                  0x0800b828   Section       70  btod.o(CL$$btod_d2e_denorm_low)
    CL$$btod_d2e_norm_op1                    0x0800b86e   Section       96  btod.o(CL$$btod_d2e_norm_op1)
    CL$$btod_div_common                      0x0800b8ce   Section      824  btod.o(CL$$btod_div_common)
    CL$$btod_e2e                             0x0800bc06   Section      198  btod.o(CL$$btod_e2e)
    CL$$btod_ediv                            0x0800bccc   Section       40  btod.o(CL$$btod_ediv)
    CL$$btod_emul                            0x0800bcf4   Section       40  btod.o(CL$$btod_emul)
    CL$$btod_mult_common                     0x0800bd1c   Section      580  btod.o(CL$$btod_mult_common)
    i.__ARM_fpclassify                       0x0800bf60   Section        0  fpclassify.o(i.__ARM_fpclassify)
    i._is_digit                              0x0800bf88   Section        0  __printf_wp.o(i._is_digit)
    locale$$code                             0x0800bf98   Section       44  lc_numeric_c.o(locale$$code)
    x$fpl$dretinf                            0x0800bfc4   Section       12  dretinf.o(x$fpl$dretinf)
    x$fpl$f2d                                0x0800bfd0   Section       86  f2d.o(x$fpl$f2d)
    x$fpl$fdiv                               0x0800c028   Section      388  fdiv.o(x$fpl$fdiv)
    _fdiv1                                   0x0800c029   Thumb Code     0  fdiv.o(x$fpl$fdiv)
    x$fpl$fnaninf                            0x0800c1ac   Section      140  fnaninf.o(x$fpl$fnaninf)
    x$fpl$fretinf                            0x0800c238   Section       10  fretinf.o(x$fpl$fretinf)
    x$fpl$printf1                            0x0800c242   Section        4  printf1.o(x$fpl$printf1)
    .constdata                               0x0800c246   Section        3  main.o(.constdata)
    x$fpl$usenofp                            0x0800c246   Section        0  usenofp.o(x$fpl$usenofp)
    .constdata                               0x0800c249   Section     2552  oled.o(.constdata)
    .constdata                               0x0800cc44   Section      148  bigflt0.o(.constdata)
    tenpwrs_x                                0x0800cc44   Data          60  bigflt0.o(.constdata)
    tenpwrs_i                                0x0800cc80   Data          64  bigflt0.o(.constdata)
    locale$$data                             0x0800ccf8   Section       28  lc_numeric_c.o(locale$$data)
    __lcnum_c_name                           0x0800ccfc   Data           2  lc_numeric_c.o(locale$$data)
    __lcnum_c_start                          0x0800cd04   Data           0  lc_numeric_c.o(locale$$data)
    __lcnum_c_point                          0x0800cd10   Data           0  lc_numeric_c.o(locale$$data)
    __lcnum_c_thousands                      0x0800cd12   Data           0  lc_numeric_c.o(locale$$data)
    __lcnum_c_grouping                       0x0800cd13   Data           0  lc_numeric_c.o(locale$$data)
    __lcnum_c_end                            0x0800cd14   Data           0  lc_numeric_c.o(locale$$data)
    .data                                    0x20000000   Section       13  main.o(.data)
    ch                                       0x2000000c   Data           1  main.o(.data)
    .data                                    0x2000000e   Section       14  bsp.o(.data)
    .data                                    0x2000001c   Section        8  timertest.o(.data)
    usLastCount                              0x2000001e   Data           2  timertest.o(.data)
    usSettleCount                            0x20000020   Data           2  timertest.o(.data)
    usMaxDifference                          0x20000022   Data           2  timertest.o(.data)
    .data                                    0x20000024   Section        8  serial.o(.data)
    xRxedChars                               0x20000024   Data           4  serial.o(.data)
    xCharsForTx                              0x20000028   Data           4  serial.o(.data)
    .data                                    0x2000002c   Section        8  comtest.o(.data)
    xPort                                    0x2000002c   Data           4  comtest.o(.data)
    uxRxLoops                                0x20000030   Data           4  comtest.o(.data)
    .data                                    0x20000034   Section     2020  oled.o(.data)
    .data                                    0x20000818   Section       60  tasks.o(.data)
    pxDelayedTaskList                        0x2000081c   Data           4  tasks.o(.data)
    pxOverflowDelayedTaskList                0x20000820   Data           4  tasks.o(.data)
    uxDeletedTasksWaitingCleanUp             0x20000824   Data           4  tasks.o(.data)
    uxCurrentNumberOfTasks                   0x20000828   Data           4  tasks.o(.data)
    xTickCount                               0x2000082c   Data           4  tasks.o(.data)
    uxTopReadyPriority                       0x20000830   Data           4  tasks.o(.data)
    xSchedulerRunning                        0x20000834   Data           4  tasks.o(.data)
    uxPendedTicks                            0x20000838   Data           4  tasks.o(.data)
    xYieldPending                            0x2000083c   Data           4  tasks.o(.data)
    xNumOfOverflows                          0x20000840   Data           4  tasks.o(.data)
    uxTaskNumber                             0x20000844   Data           4  tasks.o(.data)
    xNextTaskUnblockTime                     0x20000848   Data           4  tasks.o(.data)
    xIdleTaskHandle                          0x2000084c   Data           4  tasks.o(.data)
    uxSchedulerSuspended                     0x20000850   Data           4  tasks.o(.data)
    .data                                    0x20000854   Section        4  port.o(.data)
    uxCriticalNesting                        0x20000854   Data           4  port.o(.data)
    .data                                    0x20000858   Section       24  heap_2.o(.data)
    xStart                                   0x20000858   Data           8  heap_2.o(.data)
    xEnd                                     0x20000860   Data           8  heap_2.o(.data)
    xFreeBytesRemaining                      0x20000868   Data           4  heap_2.o(.data)
    xHeapHasBeenInitialised                  0x2000086c   Data           4  heap_2.o(.data)
    .data                                    0x20000870   Section       20  stm32f10x_rcc.o(.data)
    APBAHBPrescTable                         0x20000870   Data          16  stm32f10x_rcc.o(.data)
    ADCPrescTable                            0x20000880   Data           4  stm32f10x_rcc.o(.data)
    .bss                                     0x20000884   Section      132  bsp.o(.bss)
    .bss                                     0x20000908   Section       20  oled.o(.bss)
    .bss                                     0x2000091c   Section      200  tasks.o(.bss)
    pxReadyTasksLists                        0x2000091c   Data         100  tasks.o(.bss)
    xDelayedTaskList1                        0x20000980   Data          20  tasks.o(.bss)
    xDelayedTaskList2                        0x20000994   Data          20  tasks.o(.bss)
    xPendingReadyList                        0x200009a8   Data          20  tasks.o(.bss)
    xTasksWaitingTermination                 0x200009bc   Data          20  tasks.o(.bss)
    xSuspendedTaskList                       0x200009d0   Data          20  tasks.o(.bss)
    .bss                                     0x200009e4   Section    17408  heap_2.o(.bss)
    ucHeap                                   0x200009e4   Data       17408  heap_2.o(.bss)
    .bss                                     0x20004de4   Section       96  libspace.o(.bss)
    HEAP                                     0x20004e48   Section        0  startup_stm32f10x_hd.o(HEAP)
    STACK                                    0x20004e48   Section      512  startup_stm32f10x_hd.o(STACK)
    Heap_Mem                                 0x20004e48   Data           0  startup_stm32f10x_hd.o(HEAP)
    Stack_Mem                                0x20004e48   Data         512  startup_stm32f10x_hd.o(STACK)
    __initial_sp                             0x20005048   Data           0  startup_stm32f10x_hd.o(STACK)

    Global Symbols

    Symbol Name                              Value     Ov Type        Size  Object(Section)

    BuildAttributes$$THM_ISAv4$P$D$K$B$S$PE$A:L22UL41UL21$X:L11$S22US41US21$IEEE1$IW$USESV6$~STKCKD$USESV7$~SHL$OTIME$ROPI$IEEEJ$EBA8$UX$STANDARDLIB$REQ8$PRES8$EABIv2 0x00000000   Number         0  anon$$obj.o ABSOLUTE
    __ARM_use_no_argv                        0x00000000   Number         0  main.o ABSOLUTE
    _printf_flags                            0x00000000   Number         0  printf_stubs.o ABSOLUTE
    _printf_return_value                     0x00000000   Number         0  printf_stubs.o ABSOLUTE
    _printf_sizespec                         0x00000000   Number         0  printf_stubs.o ABSOLUTE
    _printf_widthprec                        0x00000000   Number         0  printf_stubs.o ABSOLUTE
    __ARM_exceptions_init                     - Undefined Weak Reference
    __alloca_initialize                       - Undefined Weak Reference
    __arm_preinit_                            - Undefined Weak Reference
    __cpp_initialize__aeabi_                  - Undefined Weak Reference
    __cxa_finalize                            - Undefined Weak Reference
    __sigvec_lookup                           - Undefined Weak Reference
    _atexit_init                              - Undefined Weak Reference
    _call_atexit_fns                          - Undefined Weak Reference
    _clock_init                               - Undefined Weak Reference
    _fp_trap_init                             - Undefined Weak Reference
    _fp_trap_shutdown                         - Undefined Weak Reference
    _get_lc_collate                           - Undefined Weak Reference
    _get_lc_ctype                             - Undefined Weak Reference
    _get_lc_monetary                          - Undefined Weak Reference
    _get_lc_time                              - Undefined Weak Reference
    _getenv_init                              - Undefined Weak Reference
    _handle_redirection                       - Undefined Weak Reference
    _init_alloc                               - Undefined Weak Reference
    _init_user_alloc                          - Undefined Weak Reference
    _initio                                   - Undefined Weak Reference
    _rand_init                                - Undefined Weak Reference
    _signal_finish                            - Undefined Weak Reference
    _signal_init                              - Undefined Weak Reference
    _terminate_alloc                          - Undefined Weak Reference
    _terminate_user_alloc                     - Undefined Weak Reference
    _terminateio                              - Undefined Weak Reference
    __Vectors                                0x08000000   Data           4  startup_stm32f10x_hd.o(RESET)
    __main                                   0x080000ed   Thumb Code     8  __main.o(!!!main)
    __scatterload                            0x080000f5   Thumb Code     0  __scatter.o(!!!scatter)
    __scatterload_rt2                        0x080000f5   Thumb Code    44  __scatter.o(!!!scatter)
    __scatterload_rt2_thumb_only             0x080000f5   Thumb Code     0  __scatter.o(!!!scatter)
    __scatterload_null                       0x08000103   Thumb Code     0  __scatter.o(!!!scatter)
    __decompress                             0x08000129   Thumb Code    90  __dczerorl2.o(!!dczerorl2)
    __decompress1                            0x08000129   Thumb Code     0  __dczerorl2.o(!!dczerorl2)
    __scatterload_zeroinit                   0x08000185   Thumb Code    28  __scatter_zi.o(!!handler_zi)
    _printf_f                                0x080001a1   Thumb Code     0  _printf_f.o(.ARM.Collect$$_printf_percent$$00000003)
    _printf_percent                          0x080001a1   Thumb Code     0  _printf_percent.o(.ARM.Collect$$_printf_percent$$00000000)
    _printf_percent_end                      0x080001a7   Thumb Code     0  _printf_percent_end.o(.ARM.Collect$$_printf_percent$$00000017)
    __rt_lib_init                            0x080001ab   Thumb Code     0  libinit.o(.ARM.Collect$$libinit$$00000000)
    __rt_lib_init_fp_1                       0x080001ad   Thumb Code     0  libinit2.o(.ARM.Collect$$libinit$$00000002)
    __rt_lib_init_heap_1                     0x080001ad   Thumb Code     0  libinit2.o(.ARM.Collect$$libinit$$0000000A)
    __rt_lib_init_lc_common                  0x080001ad   Thumb Code     0  libinit2.o(.ARM.Collect$$libinit$$0000000F)
    __rt_lib_init_preinit_1                  0x080001ad   Thumb Code     0  libinit2.o(.ARM.Collect$$libinit$$00000004)
    __rt_lib_init_rand_1                     0x080001ad   Thumb Code     0  libinit2.o(.ARM.Collect$$libinit$$0000000E)
    __rt_lib_init_user_alloc_1               0x080001ad   Thumb Code     0  libinit2.o(.ARM.Collect$$libinit$$0000000C)
    __rt_lib_init_lc_collate_1               0x080001b3   Thumb Code     0  libinit2.o(.ARM.Collect$$libinit$$00000011)
    __rt_lib_init_lc_ctype_1                 0x080001b3   Thumb Code     0  libinit2.o(.ARM.Collect$$libinit$$00000013)
    __rt_lib_init_lc_monetary_1              0x080001b3   Thumb Code     0  libinit2.o(.ARM.Collect$$libinit$$00000015)
    __rt_lib_init_lc_numeric_2               0x080001b3   Thumb Code     0  libinit2.o(.ARM.Collect$$libinit$$00000016)
    __rt_lib_init_alloca_1                   0x080001bd   Thumb Code     0  libinit2.o(.ARM.Collect$$libinit$$0000002E)
    __rt_lib_init_argv_1                     0x080001bd   Thumb Code     0  libinit2.o(.ARM.Collect$$libinit$$0000002C)
    __rt_lib_init_atexit_1                   0x080001bd   Thumb Code     0  libinit2.o(.ARM.Collect$$libinit$$0000001B)
    __rt_lib_init_clock_1                    0x080001bd   Thumb Code     0  libinit2.o(.ARM.Collect$$libinit$$00000021)
    __rt_lib_init_cpp_1                      0x080001bd   Thumb Code     0  libinit2.o(.ARM.Collect$$libinit$$00000032)
    __rt_lib_init_exceptions_1               0x080001bd   Thumb Code     0  libinit2.o(.ARM.Collect$$libinit$$00000030)
    __rt_lib_init_fp_trap_1                  0x080001bd   Thumb Code     0  libinit2.o(.ARM.Collect$$libinit$$0000001F)
    __rt_lib_init_getenv_1                   0x080001bd   Thumb Code     0  libinit2.o(.ARM.Collect$$libinit$$00000023)
    __rt_lib_init_lc_numeric_1               0x080001bd   Thumb Code     0  libinit2.o(.ARM.Collect$$libinit$$00000017)
    __rt_lib_init_lc_time_1                  0x080001bd   Thumb Code     0  libinit2.o(.ARM.Collect$$libinit$$00000019)
    __rt_lib_init_return                     0x080001bd   Thumb Code     0  libinit2.o(.ARM.Collect$$libinit$$00000033)
    __rt_lib_init_signal_1                   0x080001bd   Thumb Code     0  libinit2.o(.ARM.Collect$$libinit$$0000001D)
    __rt_lib_init_stdio_1                    0x080001bd   Thumb Code     0  libinit2.o(.ARM.Collect$$libinit$$00000025)
    __rt_lib_shutdown                        0x080001bf   Thumb Code     0  libshutdown.o(.ARM.Collect$$libshutdown$$00000000)
    __rt_lib_shutdown_fp_trap_1              0x080001c1   Thumb Code     0  libshutdown2.o(.ARM.Collect$$libshutdown$$00000006)
    __rt_lib_shutdown_heap_1                 0x080001c1   Thumb Code     0  libshutdown2.o(.ARM.Collect$$libshutdown$$0000000E)
    __rt_lib_shutdown_return                 0x080001c1   Thumb Code     0  libshutdown2.o(.ARM.Collect$$libshutdown$$0000000F)
    __rt_lib_shutdown_signal_1               0x080001c1   Thumb Code     0  libshutdown2.o(.ARM.Collect$$libshutdown$$00000009)
    __rt_lib_shutdown_stdio_1                0x080001c1   Thumb Code     0  libshutdown2.o(.ARM.Collect$$libshutdown$$00000003)
    __rt_lib_shutdown_user_alloc_1           0x080001c1   Thumb Code     0  libshutdown2.o(.ARM.Collect$$libshutdown$$0000000B)
    __rt_entry                               0x080001c3   Thumb Code     0  __rtentry.o(.ARM.Collect$$rtentry$$00000000)
    __rt_entry_presh_1                       0x080001c3   Thumb Code     0  __rtentry2.o(.ARM.Collect$$rtentry$$00000002)
    __rt_entry_sh                            0x080001c3   Thumb Code     0  __rtentry4.o(.ARM.Collect$$rtentry$$00000004)
    __rt_entry_li                            0x080001c9   Thumb Code     0  __rtentry2.o(.ARM.Collect$$rtentry$$0000000A)
    __rt_entry_postsh_1                      0x080001c9   Thumb Code     0  __rtentry2.o(.ARM.Collect$$rtentry$$00000009)
    __rt_entry_main                          0x080001cd   Thumb Code     0  __rtentry2.o(.ARM.Collect$$rtentry$$0000000D)
    __rt_entry_postli_1                      0x080001cd   Thumb Code     0  __rtentry2.o(.ARM.Collect$$rtentry$$0000000C)
    __rt_exit                                0x080001d5   Thumb Code     0  rtexit.o(.ARM.Collect$$rtexit$$00000000)
    __rt_exit_ls                             0x080001d7   Thumb Code     0  rtexit2.o(.ARM.Collect$$rtexit$$00000003)
    __rt_exit_prels_1                        0x080001d7   Thumb Code     0  rtexit2.o(.ARM.Collect$$rtexit$$00000002)
    __rt_exit_exit                           0x080001db   Thumb Code     0  rtexit2.o(.ARM.Collect$$rtexit$$00000004)
    vPortSVCHandler                          0x080001e1   Thumb Code    32  port.o(.emb_text)
    __asm___6_port_c_39a90d8d__prvStartFirstTask 0x08000205   Thumb Code    28  port.o(.emb_text)
    xPortPendSVHandler                       0x08000225   Thumb Code    72  port.o(.emb_text)
    vPortGetIPSR                             0x08000271   Thumb Code     6  port.o(.emb_text)
    start_oled091_task                       0x080002d9   Thumb Code    26  main.o(.text)
    start_rin_task                           0x0800031d   Thumb Code    24  main.o(.text)
    start_led_task                           0x08000357   Thumb Code    24  main.o(.text)
    main                                     0x080003fb   Thumb Code    86  main.o(.text)
    start_rs422_task                         0x08000485   Thumb Code    24  main.o(.text)
    start_rs422_receive_task                 0x0800049d   Thumb Code    24  main.o(.text)
    assert_failed                            0x080004b5   Thumb Code     4  main.o(.text)
    NMI_Handler                              0x08000521   Thumb Code     2  stm32f10x_it.o(.text)
    HardFault_Handler                        0x08000523   Thumb Code     4  stm32f10x_it.o(.text)
    MemManage_Handler                        0x08000527   Thumb Code     4  stm32f10x_it.o(.text)
    BusFault_Handler                         0x0800052b   Thumb Code     4  stm32f10x_it.o(.text)
    UsageFault_Handler                       0x0800052f   Thumb Code     4  stm32f10x_it.o(.text)
    SVC_Handler                              0x08000533   Thumb Code     2  stm32f10x_it.o(.text)
    DebugMon_Handler                         0x08000535   Thumb Code     2  stm32f10x_it.o(.text)
    PendSV_Handler                           0x08000537   Thumb Code     2  stm32f10x_it.o(.text)
    SysTick_Handler                          0x08000539   Thumb Code     2  stm32f10x_it.o(.text)
    gpio_init                                0x0800053d   Thumb Code    76  bsp.o(.text)
    delay_ms                                 0x08000589   Thumb Code    28  bsp.o(.text)
    spi_init                                 0x080005a5   Thumb Code   506  bsp.o(.text)
    adc_init                                 0x0800079f   Thumb Code   234  bsp.o(.text)
    di_init                                  0x08000889   Thumb Code    44  bsp.o(.text)
    bsp_init                                 0x080008b5   Thumb Code    24  bsp.o(.text)
    read_di                                  0x080008cd   Thumb Code   172  bsp.o(.text)
    usart1_init                              0x08000979   Thumb Code   138  bsp.o(.text)
    vSetupTimerTest                          0x08000a15   Thumb Code   156  timertest.o(.text)
    vTimer2IntHandler                        0x08000ab1   Thumb Code    72  timertest.o(.text)
    xSerialPortInitMinimal                   0x08000b0d   Thumb Code   238  serial.o(.text)
    xSerialGetChar                           0x08000bfb   Thumb Code    32  serial.o(.text)
    xSerialPutChar                           0x08000c1b   Thumb Code    46  serial.o(.text)
    vSerialPutString                         0x08000c49   Thumb Code    38  serial.o(.text)
    vSerialClose                             0x08000c6f   Thumb Code     2  serial.o(.text)
    vUARTInterruptHandler                    0x08000c71   Thumb Code   120  serial.o(.text)
    vAltStartComTestTasks                    0x08000dc1   Thumb Code    56  comtest.o(.text)
    xAreComTestTasksStillRunning             0x08000df9   Thumb Code    20  comtest.o(.text)
    uDelay                                   0x08000e39   Thumb Code    14  oled.o(.text)
    SPI2_Init                                0x08000e47   Thumb Code   204  oled.o(.text)
    SPI2_NRF_SendByte                        0x08000f13   Thumb Code    28  oled.o(.text)
    OLED_WR_Byte                             0x08000f2f   Thumb Code    74  oled.o(.text)
    OLED_Set_Pos                             0x08000f79   Thumb Code    46  oled.o(.text)
    OLED_Display_On                          0x08000fa7   Thumb Code    28  oled.o(.text)
    OLED_Display_Off                         0x08000fc3   Thumb Code    28  oled.o(.text)
    OLED_Clear                               0x08000fdf   Thumb Code    64  oled.o(.text)
    OLED_ShowChar                            0x0800101f   Thumb Code   108  oled.o(.text)
    OLED_ShowChar_816                        0x0800108b   Thumb Code   156  oled.o(.text)
    OLED_ShowString_816                      0x08001127   Thumb Code    52  oled.o(.text)
    oled_pow                                 0x0800115b   Thumb Code    22  oled.o(.text)
    OLED_ShowNum                             0x08001171   Thumb Code    84  oled.o(.text)
    OLED_ShowString                          0x080011c5   Thumb Code    52  oled.o(.text)
    OLED_ShowCHinese                         0x080011f9   Thumb Code   184  oled.o(.text)
    OLED_DrawBMP                             0x080012b1   Thumb Code   118  oled.o(.text)
    Delay                                    0x08001327   Thumb Code    30  oled.o(.text)
    OLED_Init                                0x08001345   Thumb Code   300  oled.o(.text)
    Menu                                     0x08001471   Thumb Code  1256  oled.o(.text)
    Reset_Handler                            0x080019bd   Thumb Code     4  startup_stm32f10x_hd.o(.text)
    ADC_IRQHandler                           0x080019d3   Thumb Code     0  startup_stm32f10x_hd.o(.text)
    CAN_RX1_IRQHandler                       0x080019d3   Thumb Code     0  startup_stm32f10x_hd.o(.text)
    CAN_SCE_IRQHandler                       0x080019d3   Thumb Code     0  startup_stm32f10x_hd.o(.text)
    DMAChannel1_IRQHandler                   0x080019d3   Thumb Code     0  startup_stm32f10x_hd.o(.text)
    DMAChannel2_IRQHandler                   0x080019d3   Thumb Code     0  startup_stm32f10x_hd.o(.text)
    DMAChannel3_IRQHandler                   0x080019d3   Thumb Code     0  startup_stm32f10x_hd.o(.text)
    DMAChannel4_IRQHandler                   0x080019d3   Thumb Code     0  startup_stm32f10x_hd.o(.text)
    DMAChannel5_IRQHandler                   0x080019d3   Thumb Code     0  startup_stm32f10x_hd.o(.text)
    DMAChannel6_IRQHandler                   0x080019d3   Thumb Code     0  startup_stm32f10x_hd.o(.text)
    DMAChannel7_IRQHandler                   0x080019d3   Thumb Code     0  startup_stm32f10x_hd.o(.text)
    EXTI0_IRQHandler                         0x080019d3   Thumb Code     0  startup_stm32f10x_hd.o(.text)
    EXTI15_10_IRQHandler                     0x080019d3   Thumb Code     0  startup_stm32f10x_hd.o(.text)
    EXTI1_IRQHandler                         0x080019d3   Thumb Code     0  startup_stm32f10x_hd.o(.text)
    EXTI2_IRQHandler                         0x080019d3   Thumb Code     0  startup_stm32f10x_hd.o(.text)
    EXTI3_IRQHandler                         0x080019d3   Thumb Code     0  startup_stm32f10x_hd.o(.text)
    EXTI4_IRQHandler                         0x080019d3   Thumb Code     0  startup_stm32f10x_hd.o(.text)
    EXTI9_5_IRQHandler                       0x080019d3   Thumb Code     0  startup_stm32f10x_hd.o(.text)
    FLASH_IRQHandler                         0x080019d3   Thumb Code     0  startup_stm32f10x_hd.o(.text)
    I2C1_ER_IRQHandler                       0x080019d3   Thumb Code     0  startup_stm32f10x_hd.o(.text)
    I2C1_EV_IRQHandler                       0x080019d3   Thumb Code     0  startup_stm32f10x_hd.o(.text)
    I2C2_ER_IRQHandler                       0x080019d3   Thumb Code     0  startup_stm32f10x_hd.o(.text)
    I2C2_EV_IRQHandler                       0x080019d3   Thumb Code     0  startup_stm32f10x_hd.o(.text)
    PVD_IRQHandler                           0x080019d3   Thumb Code     0  startup_stm32f10x_hd.o(.text)
    RCC_IRQHandler                           0x080019d3   Thumb Code     0  startup_stm32f10x_hd.o(.text)
    RTCAlarm_IRQHandler                      0x080019d3   Thumb Code     0  startup_stm32f10x_hd.o(.text)
    RTC_IRQHandler                           0x080019d3   Thumb Code     0  startup_stm32f10x_hd.o(.text)
    SPI1_IRQHandler                          0x080019d3   Thumb Code     0  startup_stm32f10x_hd.o(.text)
    SPI2_IRQHandler                          0x080019d3   Thumb Code     0  startup_stm32f10x_hd.o(.text)
    TAMPER_IRQHandler                        0x080019d3   Thumb Code     0  startup_stm32f10x_hd.o(.text)
    TIM1_BRK_IRQHandler                      0x080019d3   Thumb Code     0  startup_stm32f10x_hd.o(.text)
    TIM1_CC_IRQHandler                       0x080019d3   Thumb Code     0  startup_stm32f10x_hd.o(.text)
    TIM1_TRG_COM_IRQHandler                  0x080019d3   Thumb Code     0  startup_stm32f10x_hd.o(.text)
    TIM1_UP_IRQHandler                       0x080019d3   Thumb Code     0  startup_stm32f10x_hd.o(.text)
    TIM2_IRQHandler                          0x080019d3   Thumb Code     0  startup_stm32f10x_hd.o(.text)
    TIM3_IRQHandler                          0x080019d3   Thumb Code     0  startup_stm32f10x_hd.o(.text)
    TIM4_IRQHandler                          0x080019d3   Thumb Code     0  startup_stm32f10x_hd.o(.text)
    USART1_IRQHandler                        0x080019d3   Thumb Code     0  startup_stm32f10x_hd.o(.text)
    USART2_IRQHandler                        0x080019d3   Thumb Code     0  startup_stm32f10x_hd.o(.text)
    USART3_IRQHandler                        0x080019d3   Thumb Code     0  startup_stm32f10x_hd.o(.text)
    USBWakeUp_IRQHandler                     0x080019d3   Thumb Code     0  startup_stm32f10x_hd.o(.text)
    USB_HP_CAN_TX_IRQHandler                 0x080019d3   Thumb Code     0  startup_stm32f10x_hd.o(.text)
    USB_LP_CAN_RX0_IRQHandler                0x080019d3   Thumb Code     0  startup_stm32f10x_hd.o(.text)
    WWDG_IRQHandler                          0x080019d3   Thumb Code     0  startup_stm32f10x_hd.o(.text)
    __user_initial_stackheap                 0x080019d5   Thumb Code     0  startup_stm32f10x_hd.o(.text)
    vListInitialise                          0x080019f1   Thumb Code    26  list.o(.text)
    vListInitialiseItem                      0x08001a0b   Thumb Code     6  list.o(.text)
    vListInsertEnd                           0x08001a11   Thumb Code    24  list.o(.text)
    vListInsert                              0x08001a29   Thumb Code    52  list.o(.text)
    uxListRemove                             0x08001a5d   Thumb Code    40  list.o(.text)
    xQueueGenericReset                       0x08001a85   Thumb Code   122  queue.o(.text)
    xQueueGenericCreate                      0x08001b25   Thumb Code    56  queue.o(.text)
    xQueueGenericSend                        0x08001c63   Thumb Code   276  queue.o(.text)
    xQueueGenericSendFromISR                 0x08001d77   Thumb Code   134  queue.o(.text)
    xQueueGiveFromISR                        0x08001dfd   Thumb Code   120  queue.o(.text)
    xQueueGenericReceive                     0x08001ebd   Thumb Code   312  queue.o(.text)
    xQueueReceiveFromISR                     0x08001ff5   Thumb Code   130  queue.o(.text)
    xQueuePeekFromISR                        0x08002077   Thumb Code    74  queue.o(.text)
    uxQueueMessagesWaiting                   0x080020c1   Thumb Code    18  queue.o(.text)
    uxQueueSpacesAvailable                   0x080020d3   Thumb Code    24  queue.o(.text)
    uxQueueMessagesWaitingFromISR            0x080020eb   Thumb Code     6  queue.o(.text)
    vQueueDelete                             0x080020f1   Thumb Code    14  queue.o(.text)
    xQueueIsQueueEmptyFromISR                0x080020ff   Thumb Code    14  queue.o(.text)
    xQueueIsQueueFullFromISR                 0x0800210d   Thumb Code    18  queue.o(.text)
    xTaskCreate                              0x08002281   Thumb Code    96  tasks.o(.text)
    vTaskDelete                              0x0800231d   Thumb Code   166  tasks.o(.text)
    xTaskIncrementTick                       0x080023c3   Thumb Code   238  tasks.o(.text)
    xTaskResumeAll                           0x080024b1   Thumb Code   284  tasks.o(.text)
    vTaskSuspendAll                          0x08002649   Thumb Code    12  tasks.o(.text)
    vTaskDelayUntil                          0x08002655   Thumb Code   106  tasks.o(.text)
    vTaskDelay                               0x080026bf   Thumb Code    46  tasks.o(.text)
    uxTaskPriorityGet                        0x080026ed   Thumb Code    30  tasks.o(.text)
    uxTaskPriorityGetFromISR                 0x0800270b   Thumb Code    52  tasks.o(.text)
    vTaskPrioritySet                         0x0800273f   Thumb Code   216  tasks.o(.text)
    vTaskSwitchContext                       0x08002817   Thumb Code    76  tasks.o(.text)
    vTaskSuspend                             0x08002863   Thumb Code   160  tasks.o(.text)
    vTaskResume                              0x0800293b   Thumb Code   170  tasks.o(.text)
    xTaskResumeFromISR                       0x080029e5   Thumb Code   130  tasks.o(.text)
    vTaskStartScheduler                      0x08002add   Thumb Code    72  tasks.o(.text)
    vTaskEndScheduler                        0x08002b25   Thumb Code    32  tasks.o(.text)
    xTaskGetTickCount                        0x08002b45   Thumb Code     6  tasks.o(.text)
    xTaskGetTickCountFromISR                 0x08002b4b   Thumb Code     8  tasks.o(.text)
    uxTaskGetNumberOfTasks                   0x08002b53   Thumb Code     6  tasks.o(.text)
    pcTaskGetName                            0x08002b59   Thumb Code    20  tasks.o(.text)
    vTaskPlaceOnEventList                    0x08002b6d   Thumb Code    28  tasks.o(.text)
    vTaskPlaceOnUnorderedEventList           0x08002b89   Thumb Code    40  tasks.o(.text)
    xTaskRemoveFromEventList                 0x08002bb1   Thumb Code   104  tasks.o(.text)
    xTaskRemoveFromUnorderedEventList        0x08002c19   Thumb Code    94  tasks.o(.text)
    vTaskSetTimeOutState                     0x08002c77   Thumb Code    14  tasks.o(.text)
    xTaskCheckForTimeOut                     0x08002c85   Thumb Code    84  tasks.o(.text)
    vTaskMissedYield                         0x08002cd9   Thumb Code     8  tasks.o(.text)
    uxTaskResetEventItemValue                0x08002ce1   Thumb Code    24  tasks.o(.text)
    ulTaskNotifyTake                         0x08002cf9   Thumb Code   108  tasks.o(.text)
    xTaskNotifyWait                          0x08002d65   Thumb Code   226  tasks.o(.text)
    xTaskGenericNotify                       0x08002e47   Thumb Code   178  tasks.o(.text)
    xTaskGenericNotifyFromISR                0x08002ef9   Thumb Code   228  tasks.o(.text)
    vTaskNotifyGiveFromISR                   0x08002fdd   Thumb Code   154  tasks.o(.text)
    xTaskNotifyStateClear                    0x08003077   Thumb Code    48  tasks.o(.text)
    pxPortInitialiseStack                    0x080030db   Thumb Code    30  port.o(.text)
    vPortSetupTimerInterrupt                 0x080030f9   Thumb Code    14  port.o(.text)
    xPortStartScheduler                      0x08003107   Thumb Code    42  port.o(.text)
    vPortEndScheduler                        0x08003131   Thumb Code     2  port.o(.text)
    vPortEnterCritical                       0x08003133   Thumb Code    30  port.o(.text)
    vPortExitCritical                        0x08003151   Thumb Code    28  port.o(.text)
    xPortSysTickHandler                      0x0800316d   Thumb Code    48  port.o(.text)
    pvPortMalloc                             0x080031d7   Thumb Code   166  heap_2.o(.text)
    vPortFree                                0x0800327d   Thumb Code    56  heap_2.o(.text)
    xPortGetFreeHeapSize                     0x080032b5   Thumb Code     6  heap_2.o(.text)
    vPortInitialiseBlocks                    0x080032bb   Thumb Code     2  heap_2.o(.text)
    NVIC_PriorityGroupConfig                 0x080032d1   Thumb Code    54  misc.o(.text)
    NVIC_Init                                0x08003307   Thumb Code   158  misc.o(.text)
    NVIC_SetVectorTable                      0x080033a5   Thumb Code    60  misc.o(.text)
    NVIC_SystemLPConfig                      0x080033e1   Thumb Code    78  misc.o(.text)
    SysTick_CLKSourceConfig                  0x0800342f   Thumb Code    62  misc.o(.text)
    ADC_DeInit                               0x080034b5   Thumb Code   106  stm32f10x_adc.o(.text)
    ADC_Init                                 0x0800351f   Thumb Code   388  stm32f10x_adc.o(.text)
    ADC_StructInit                           0x080036a3   Thumb Code    18  stm32f10x_adc.o(.text)
    ADC_Cmd                                  0x080036b5   Thumb Code    76  stm32f10x_adc.o(.text)
    ADC_DMACmd                               0x08003701   Thumb Code    70  stm32f10x_adc.o(.text)
    ADC_ITConfig                             0x08003747   Thumb Code   104  stm32f10x_adc.o(.text)
    ADC_ResetCalibration                     0x080037af   Thumb Code    44  stm32f10x_adc.o(.text)
    ADC_GetResetCalibrationStatus            0x080037db   Thumb Code    54  stm32f10x_adc.o(.text)
    ADC_StartCalibration                     0x08003811   Thumb Code    44  stm32f10x_adc.o(.text)
    ADC_GetCalibrationStatus                 0x0800383d   Thumb Code    54  stm32f10x_adc.o(.text)
    ADC_SoftwareStartConvCmd                 0x08003873   Thumb Code   156  stm32f10x_adc.o(.text)
    ADC_GetSoftwareStartConvStatus           0x0800390f   Thumb Code    56  stm32f10x_adc.o(.text)
    ADC_DiscModeChannelCountConfig           0x08003947   Thumb Code    84  stm32f10x_adc.o(.text)
    ADC_DiscModeCmd                          0x0800399b   Thumb Code    80  stm32f10x_adc.o(.text)
    ADC_RegularChannelConfig                 0x080039eb   Thumb Code   412  stm32f10x_adc.o(.text)
    ADC_ExternalTrigConvCmd                  0x08003b87   Thumb Code    80  stm32f10x_adc.o(.text)
    ADC_GetConversionValue                   0x08003bd7   Thumb Code    42  stm32f10x_adc.o(.text)
    ADC_GetDualModeConversionValue           0x08003c01   Thumb Code     8  stm32f10x_adc.o(.text)
    ADC_AutoInjectedConvCmd                  0x08003c09   Thumb Code    80  stm32f10x_adc.o(.text)
    ADC_InjectedDiscModeCmd                  0x08003c59   Thumb Code    80  stm32f10x_adc.o(.text)
    ADC_ExternalTrigInjectedConvConfig       0x08003ca9   Thumb Code   154  stm32f10x_adc.o(.text)
    ADC_ExternalTrigInjectedConvCmd          0x08003d43   Thumb Code    80  stm32f10x_adc.o(.text)
    ADC_SoftwareStartInjectedConvCmd         0x08003d93   Thumb Code    80  stm32f10x_adc.o(.text)
    ADC_GetSoftwareStartInjectedConvCmdStatus 0x08003de3   Thumb Code    56  stm32f10x_adc.o(.text)
    ADC_InjectedChannelConfig                0x08003e1b   Thumb Code   336  stm32f10x_adc.o(.text)
    ADC_InjectedSequencerLengthConfig        0x08003f6b   Thumb Code    84  stm32f10x_adc.o(.text)
    ADC_SetInjectedOffset                    0x08003fbf   Thumb Code   108  stm32f10x_adc.o(.text)
    ADC_GetInjectedConversionValue           0x0800402b   Thumb Code    92  stm32f10x_adc.o(.text)
    ADC_AnalogWatchdogCmd                    0x08004087   Thumb Code   106  stm32f10x_adc.o(.text)
    ADC_AnalogWatchdogThresholdsConfig       0x080040f1   Thumb Code   110  stm32f10x_adc.o(.text)
    ADC_AnalogWatchdogSingleChannelConfig    0x0800415f   Thumb Code   136  stm32f10x_adc.o(.text)
    ADC_TempSensorVrefintCmd                 0x080041e7   Thumb Code    62  stm32f10x_adc.o(.text)
    ADC_GetFlagStatus                        0x08004225   Thumb Code    90  stm32f10x_adc.o(.text)
    ADC_ClearFlag                            0x0800427f   Thumb Code    66  stm32f10x_adc.o(.text)
    ADC_GetITStatus                          0x080042c1   Thumb Code   112  stm32f10x_adc.o(.text)
    ADC_ClearITPendingBit                    0x08004331   Thumb Code    72  stm32f10x_adc.o(.text)
    DMA_DeInit                               0x08004385   Thumb Code   430  stm32f10x_dma.o(.text)
    DMA_Init                                 0x08004533   Thumb Code   388  stm32f10x_dma.o(.text)
    DMA_StructInit                           0x080046b7   Thumb Code    26  stm32f10x_dma.o(.text)
    DMA_Cmd                                  0x080046d1   Thumb Code   216  stm32f10x_dma.o(.text)
    DMA_ITConfig                             0x080047a9   Thumb Code   174  stm32f10x_dma.o(.text)
    DMA_SetCurrDataCounter                   0x08004857   Thumb Code   116  stm32f10x_dma.o(.text)
    DMA_GetCurrDataCounter                   0x080048cb   Thumb Code   116  stm32f10x_dma.o(.text)
    DMA_GetFlagStatus                        0x0800493f   Thumb Code   346  stm32f10x_dma.o(.text)
    DMA_ClearFlag                            0x08004a99   Thumb Code    54  stm32f10x_dma.o(.text)
    DMA_GetITStatus                          0x08004acf   Thumb Code   396  stm32f10x_dma.o(.text)
    DMA_ClearITPendingBit                    0x08004c5b   Thumb Code    52  stm32f10x_dma.o(.text)
    GPIO_DeInit                              0x08004cc5   Thumb Code   224  stm32f10x_gpio.o(.text)
    GPIO_AFIODeInit                          0x08004da5   Thumb Code    20  stm32f10x_gpio.o(.text)
    GPIO_Init                                0x08004db9   Thumb Code   378  stm32f10x_gpio.o(.text)
    GPIO_StructInit                          0x08004f33   Thumb Code    16  stm32f10x_gpio.o(.text)
    GPIO_ReadInputDataBit                    0x08004f43   Thumb Code   170  stm32f10x_gpio.o(.text)
    GPIO_ReadInputData                       0x08004fed   Thumb Code    64  stm32f10x_gpio.o(.text)
    GPIO_ReadOutputDataBit                   0x0800502d   Thumb Code   256  stm32f10x_gpio.o(.text)
    GPIO_ReadOutputData                      0x0800512d   Thumb Code    66  stm32f10x_gpio.o(.text)
    GPIO_SetBits                             0x0800516f   Thumb Code    86  stm32f10x_gpio.o(.text)
    GPIO_ResetBits                           0x080051c5   Thumb Code    86  stm32f10x_gpio.o(.text)
    GPIO_WriteBit                            0x0800521b   Thumb Code   188  stm32f10x_gpio.o(.text)
    GPIO_Write                               0x080052d7   Thumb Code    66  stm32f10x_gpio.o(.text)
    GPIO_PinLockConfig                       0x08005319   Thumb Code   100  stm32f10x_gpio.o(.text)
    GPIO_EventOutputConfig                   0x0800537d   Thumb Code   138  stm32f10x_gpio.o(.text)
    GPIO_EventOutputCmd                      0x08005407   Thumb Code    30  stm32f10x_gpio.o(.text)
    GPIO_PinRemapConfig                      0x08005425   Thumb Code   552  stm32f10x_gpio.o(.text)
    GPIO_EXTILineConfig                      0x0800564d   Thumb Code   186  stm32f10x_gpio.o(.text)
    GPIO_ETH_MediaInterfaceConfig            0x08005707   Thumb Code    30  stm32f10x_gpio.o(.text)
    RCC_DeInit                               0x08005741   Thumb Code    64  stm32f10x_rcc.o(.text)
    RCC_HSEConfig                            0x08005781   Thumb Code   100  stm32f10x_rcc.o(.text)
    RCC_GetFlagStatus                        0x080057e5   Thumb Code   118  stm32f10x_rcc.o(.text)
    RCC_WaitForHSEStartUp                    0x0800585b   Thumb Code    56  stm32f10x_rcc.o(.text)
    RCC_AdjustHSICalibrationValue            0x08005893   Thumb Code    38  stm32f10x_rcc.o(.text)
    RCC_HSICmd                               0x080058b9   Thumb Code    28  stm32f10x_rcc.o(.text)
    RCC_PLLConfig                            0x080058d5   Thumb Code   152  stm32f10x_rcc.o(.text)
    RCC_PLLCmd                               0x0800596d   Thumb Code    28  stm32f10x_rcc.o(.text)
    RCC_SYSCLKConfig                         0x08005989   Thumb Code    42  stm32f10x_rcc.o(.text)
    RCC_GetSYSCLKSource                      0x080059b3   Thumb Code    10  stm32f10x_rcc.o(.text)
    RCC_HCLKConfig                           0x080059bd   Thumb Code    66  stm32f10x_rcc.o(.text)
    RCC_PCLK1Config                          0x080059ff   Thumb Code    58  stm32f10x_rcc.o(.text)
    RCC_PCLK2Config                          0x08005a39   Thumb Code    60  stm32f10x_rcc.o(.text)
    RCC_ITConfig                             0x08005a75   Thumb Code    70  stm32f10x_rcc.o(.text)
    RCC_USBCLKConfig                         0x08005abb   Thumb Code    30  stm32f10x_rcc.o(.text)
    RCC_ADCCLKConfig                         0x08005ad9   Thumb Code    52  stm32f10x_rcc.o(.text)
    RCC_LSEConfig                            0x08005b0d   Thumb Code   146  stm32f10x_rcc.o(.text)
    RCC_LSICmd                               0x08005b9f   Thumb Code    30  stm32f10x_rcc.o(.text)
    RCC_RTCCLKConfig                         0x08005bbd   Thumb Code    52  stm32f10x_rcc.o(.text)
    RCC_RTCCLKCmd                            0x08005bf1   Thumb Code    32  stm32f10x_rcc.o(.text)
    RCC_GetClocksFreq                        0x08005c11   Thumb Code   208  stm32f10x_rcc.o(.text)
    RCC_AHBPeriphClockCmd                    0x08005ce1   Thumb Code    86  stm32f10x_rcc.o(.text)
    RCC_APB2PeriphClockCmd                   0x08005d37   Thumb Code    82  stm32f10x_rcc.o(.text)
    RCC_APB1PeriphClockCmd                   0x08005d89   Thumb Code    82  stm32f10x_rcc.o(.text)
    RCC_APB2PeriphResetCmd                   0x08005ddb   Thumb Code    82  stm32f10x_rcc.o(.text)
    RCC_APB1PeriphResetCmd                   0x08005e2d   Thumb Code    82  stm32f10x_rcc.o(.text)
    RCC_BackupResetCmd                       0x08005e7f   Thumb Code    32  stm32f10x_rcc.o(.text)
    RCC_ClockSecuritySystemCmd               0x08005e9f   Thumb Code    30  stm32f10x_rcc.o(.text)
    RCC_MCOConfig                            0x08005ebd   Thumb Code    44  stm32f10x_rcc.o(.text)
    RCC_ClearFlag                            0x08005ee9   Thumb Code    18  stm32f10x_rcc.o(.text)
    RCC_GetITStatus                          0x08005efb   Thumb Code    64  stm32f10x_rcc.o(.text)
    RCC_ClearITPendingBit                    0x08005f3b   Thumb Code    34  stm32f10x_rcc.o(.text)
    SPI_I2S_DeInit                           0x08005f81   Thumb Code   104  stm32f10x_spi.o(.text)
    SPI_Init                                 0x08005fe9   Thumb Code   328  stm32f10x_spi.o(.text)
    I2S_Init                                 0x08006131   Thumb Code   434  stm32f10x_spi.o(.text)
    SPI_StructInit                           0x080062e3   Thumb Code    24  stm32f10x_spi.o(.text)
    I2S_StructInit                           0x080062fb   Thumb Code    20  stm32f10x_spi.o(.text)
    SPI_Cmd                                  0x0800630f   Thumb Code    78  stm32f10x_spi.o(.text)
    I2S_Cmd                                  0x0800635d   Thumb Code   148  stm32f10x_spi.o(.text)
    SPI_I2S_ITConfig                         0x080063f1   Thumb Code   126  stm32f10x_spi.o(.text)
    SPI_I2S_DMACmd                           0x0800646f   Thumb Code   102  stm32f10x_spi.o(.text)
    SPI_I2S_SendData                         0x080064d5   Thumb Code    42  stm32f10x_spi.o(.text)
    SPI_I2S_ReceiveData                      0x080064ff   Thumb Code    40  stm32f10x_spi.o(.text)
    SPI_NSSInternalSoftwareConfig            0x08006527   Thumb Code    96  stm32f10x_spi.o(.text)
    SPI_SSOutputCmd                          0x08006587   Thumb Code    82  stm32f10x_spi.o(.text)
    SPI_DataSizeConfig                       0x080065d9   Thumb Code    78  stm32f10x_spi.o(.text)
    SPI_TransmitCRC                          0x08006627   Thumb Code    46  stm32f10x_spi.o(.text)
    SPI_CalculateCRC                         0x08006655   Thumb Code    82  stm32f10x_spi.o(.text)
    SPI_GetCRC                               0x080066a7   Thumb Code    74  stm32f10x_spi.o(.text)
    SPI_GetCRCPolynomial                     0x080066f1   Thumb Code    40  stm32f10x_spi.o(.text)
    SPI_BiDirectionalLineConfig              0x08006719   Thumb Code    94  stm32f10x_spi.o(.text)
    SPI_I2S_GetFlagStatus                    0x08006777   Thumb Code   114  stm32f10x_spi.o(.text)
    SPI_I2S_ClearFlag                        0x080067e9   Thumb Code    62  stm32f10x_spi.o(.text)
    SPI_I2S_GetITStatus                      0x08006827   Thumb Code   138  stm32f10x_spi.o(.text)
    SPI_I2S_ClearITPendingBit                0x080068b1   Thumb Code    74  stm32f10x_spi.o(.text)
    TIM_DeInit                               0x08006909   Thumb Code   536  stm32f10x_tim.o(.text)
    TIM_TimeBaseInit                         0x08006b21   Thumb Code   308  stm32f10x_tim.o(.text)
    TIM_OC1Init                              0x08006c55   Thumb Code   572  stm32f10x_tim.o(.text)
    TIM_OC2Init                              0x08006e91   Thumb Code   438  stm32f10x_tim.o(.text)
    TIM_OC3Init                              0x08007047   Thumb Code   458  stm32f10x_tim.o(.text)
    TIM_OC4Init                              0x08007211   Thumb Code   302  stm32f10x_tim.o(.text)
    TIM_SetIC4Prescaler                      0x0800733f   Thumb Code   110  stm32f10x_tim.o(.text)
    TIM_SetIC3Prescaler                      0x0800742f   Thumb Code   102  stm32f10x_tim.o(.text)
    TIM_SetIC2Prescaler                      0x0800750f   Thumb Code   128  stm32f10x_tim.o(.text)
    TIM_SetIC1Prescaler                      0x08007633   Thumb Code   156  stm32f10x_tim.o(.text)
    TIM_ICInit                               0x0800773b   Thumb Code   600  stm32f10x_tim.o(.text)
    TIM_PWMIConfig                           0x08007993   Thumb Code   250  stm32f10x_tim.o(.text)
    TIM_BDTRConfig                           0x08007a8d   Thumb Code   254  stm32f10x_tim.o(.text)
    TIM_TimeBaseStructInit                   0x08007b8b   Thumb Code    18  stm32f10x_tim.o(.text)
    TIM_OCStructInit                         0x08007b9d   Thumb Code    20  stm32f10x_tim.o(.text)
    TIM_ICStructInit                         0x08007bb1   Thumb Code    18  stm32f10x_tim.o(.text)
    TIM_BDTRStructInit                       0x08007bc3   Thumb Code    18  stm32f10x_tim.o(.text)
    TIM_Cmd                                  0x08007bd5   Thumb Code   166  stm32f10x_tim.o(.text)
    TIM_CtrlPWMOutputs                       0x08007c7b   Thumb Code   100  stm32f10x_tim.o(.text)
    TIM_ITConfig                             0x08007cdf   Thumb Code   178  stm32f10x_tim.o(.text)
    TIM_GenerateEvent                        0x08007d91   Thumb Code   144  stm32f10x_tim.o(.text)
    TIM_DMAConfig                            0x08007e21   Thumb Code   358  stm32f10x_tim.o(.text)
    TIM_DMACmd                               0x08007f87   Thumb Code   144  stm32f10x_tim.o(.text)
    TIM_InternalClockConfig                  0x08008017   Thumb Code    82  stm32f10x_tim.o(.text)
    TIM_SelectInputTrigger                   0x08008069   Thumb Code   130  stm32f10x_tim.o(.text)
    TIM_ITRxExternalClockConfig              0x080080eb   Thumb Code   116  stm32f10x_tim.o(.text)
    TIM_TIxExternalClockConfig               0x0800815f   Thumb Code   186  stm32f10x_tim.o(.text)
    TIM_ETRConfig                            0x08008219   Thumb Code   164  stm32f10x_tim.o(.text)
    TIM_ETRClockMode1Config                  0x080082bd   Thumb Code   224  stm32f10x_tim.o(.text)
    TIM_ETRClockMode2Config                  0x0800839d   Thumb Code   152  stm32f10x_tim.o(.text)
    TIM_PrescalerConfig                      0x08008435   Thumb Code   146  stm32f10x_tim.o(.text)
    TIM_CounterModeConfig                    0x080084c7   Thumb Code   100  stm32f10x_tim.o(.text)
    TIM_EncoderInterfaceConfig               0x0800852b   Thumb Code   212  stm32f10x_tim.o(.text)
    TIM_ForcedOC1Config                      0x080085ff   Thumb Code   144  stm32f10x_tim.o(.text)
    TIM_ForcedOC2Config                      0x0800868f   Thumb Code   116  stm32f10x_tim.o(.text)
    TIM_ForcedOC3Config                      0x08008703   Thumb Code   160  stm32f10x_tim.o(.text)
    TIM_ForcedOC4Config                      0x080087a3   Thumb Code    98  stm32f10x_tim.o(.text)
    TIM_ARRPreloadConfig                     0x08008805   Thumb Code   162  stm32f10x_tim.o(.text)
    TIM_SelectCOM                            0x080088a7   Thumb Code    90  stm32f10x_tim.o(.text)
    TIM_SelectCCDMA                          0x08008901   Thumb Code   114  stm32f10x_tim.o(.text)
    TIM_CCPreloadControl                     0x08008973   Thumb Code   102  stm32f10x_tim.o(.text)
    TIM_OC1PreloadConfig                     0x080089d9   Thumb Code   142  stm32f10x_tim.o(.text)
    TIM_OC2PreloadConfig                     0x08008a67   Thumb Code   114  stm32f10x_tim.o(.text)
    TIM_OC3PreloadConfig                     0x08008ad9   Thumb Code    88  stm32f10x_tim.o(.text)
    TIM_OC4PreloadConfig                     0x08008b31   Thumb Code   166  stm32f10x_tim.o(.text)
    TIM_OC1FastConfig                        0x08008bd7   Thumb Code   142  stm32f10x_tim.o(.text)
    TIM_OC2FastConfig                        0x08008c65   Thumb Code   114  stm32f10x_tim.o(.text)
    TIM_OC3FastConfig                        0x08008cd7   Thumb Code    88  stm32f10x_tim.o(.text)
    TIM_OC4FastConfig                        0x08008d2f   Thumb Code    96  stm32f10x_tim.o(.text)
    TIM_ClearOC1Ref                          0x08008d8f   Thumb Code    88  stm32f10x_tim.o(.text)
    TIM_ClearOC2Ref                          0x08008de7   Thumb Code    94  stm32f10x_tim.o(.text)
    TIM_ClearOC3Ref                          0x08008e45   Thumb Code    88  stm32f10x_tim.o(.text)
    TIM_ClearOC4Ref                          0x08008e9d   Thumb Code    94  stm32f10x_tim.o(.text)
    TIM_OC1PolarityConfig                    0x08008efb   Thumb Code   202  stm32f10x_tim.o(.text)
    TIM_OC1NPolarityConfig                   0x08008fc5   Thumb Code    82  stm32f10x_tim.o(.text)
    TIM_OC2PolarityConfig                    0x08009017   Thumb Code   114  stm32f10x_tim.o(.text)
    TIM_OC2NPolarityConfig                   0x08009089   Thumb Code    72  stm32f10x_tim.o(.text)
    TIM_OC3PolarityConfig                    0x080090d1   Thumb Code    96  stm32f10x_tim.o(.text)
    TIM_OC3NPolarityConfig                   0x08009131   Thumb Code    72  stm32f10x_tim.o(.text)
    TIM_OC4PolarityConfig                    0x08009179   Thumb Code    96  stm32f10x_tim.o(.text)
    TIM_CCxCmd                               0x080091d9   Thumb Code   186  stm32f10x_tim.o(.text)
    TIM_CCxNCmd                              0x08009293   Thumb Code   122  stm32f10x_tim.o(.text)
    TIM_SelectOCxM                           0x0800930d   Thumb Code   326  stm32f10x_tim.o(.text)
    TIM_UpdateDisableConfig                  0x08009453   Thumb Code   162  stm32f10x_tim.o(.text)
    TIM_UpdateRequestConfig                  0x080094f5   Thumb Code   162  stm32f10x_tim.o(.text)
    TIM_SelectHallSensor                     0x08009597   Thumb Code   114  stm32f10x_tim.o(.text)
    TIM_SelectOnePulseMode                   0x08009609   Thumb Code   156  stm32f10x_tim.o(.text)
    TIM_SelectOutputTrigger                  0x080096a5   Thumb Code   144  stm32f10x_tim.o(.text)
    TIM_SelectSlaveMode                      0x08009735   Thumb Code   118  stm32f10x_tim.o(.text)
    TIM_SelectMasterSlaveMode                0x080097ab   Thumb Code   176  stm32f10x_tim.o(.text)
    TIM_SetCounter                           0x0800985b   Thumb Code   124  stm32f10x_tim.o(.text)
    TIM_SetAutoreload                        0x080098d7   Thumb Code   124  stm32f10x_tim.o(.text)
    TIM_SetCompare1                          0x08009953   Thumb Code   112  stm32f10x_tim.o(.text)
    TIM_SetCompare2                          0x080099c3   Thumb Code    76  stm32f10x_tim.o(.text)
    TIM_SetCompare3                          0x08009a0f   Thumb Code    58  stm32f10x_tim.o(.text)
    TIM_SetCompare4                          0x08009a49   Thumb Code    60  stm32f10x_tim.o(.text)
    TIM_SetClockDivision                     0x08009a85   Thumb Code   152  stm32f10x_tim.o(.text)
    TIM_GetCapture1                          0x08009b1d   Thumb Code   110  stm32f10x_tim.o(.text)
    TIM_GetCapture2                          0x08009b8b   Thumb Code    74  stm32f10x_tim.o(.text)
    TIM_GetCapture3                          0x08009bd5   Thumb Code   124  stm32f10x_tim.o(.text)
    TIM_GetCapture4                          0x08009c51   Thumb Code    58  stm32f10x_tim.o(.text)
    TIM_GetCounter                           0x08009c8b   Thumb Code   122  stm32f10x_tim.o(.text)
    TIM_GetPrescaler                         0x08009d05   Thumb Code   122  stm32f10x_tim.o(.text)
    TIM_GetFlagStatus                        0x08009d7f   Thumb Code   206  stm32f10x_tim.o(.text)
    TIM_ClearFlag                            0x08009e4d   Thumb Code   146  stm32f10x_tim.o(.text)
    TIM_GetITStatus                          0x08009edf   Thumb Code   204  stm32f10x_tim.o(.text)
    TIM_ClearITPendingBit                    0x08009fab   Thumb Code   214  stm32f10x_tim.o(.text)
    USART_DeInit                             0x0800a081   Thumb Code   174  stm32f10x_usart.o(.text)
    USART_Init                               0x0800a12f   Thumb Code   450  stm32f10x_usart.o(.text)
    USART_StructInit                         0x0800a2f1   Thumb Code    24  stm32f10x_usart.o(.text)
    USART_ClockInit                          0x0800a309   Thumb Code   162  stm32f10x_usart.o(.text)
    USART_ClockStructInit                    0x0800a3ab   Thumb Code    12  stm32f10x_usart.o(.text)
    USART_Cmd                                0x0800a3b7   Thumb Code    90  stm32f10x_usart.o(.text)
    USART_ITConfig                           0x0800a411   Thumb Code   336  stm32f10x_usart.o(.text)
    USART_DMACmd                             0x0800a561   Thumb Code   114  stm32f10x_usart.o(.text)
    USART_SetAddress                         0x0800a5d3   Thumb Code    86  stm32f10x_usart.o(.text)
    USART_WakeUpConfig                       0x0800a629   Thumb Code    90  stm32f10x_usart.o(.text)
    USART_ReceiverWakeUpCmd                  0x0800a683   Thumb Code    94  stm32f10x_usart.o(.text)
    USART_LINBreakDetectLengthConfig         0x0800a6e1   Thumb Code    88  stm32f10x_usart.o(.text)
    USART_LINCmd                             0x0800a739   Thumb Code    94  stm32f10x_usart.o(.text)
    USART_SendData                           0x0800a797   Thumb Code    78  stm32f10x_usart.o(.text)
    USART_ReceiveData                        0x0800a7e5   Thumb Code    56  stm32f10x_usart.o(.text)
    USART_SendBreak                          0x0800a81d   Thumb Code    58  stm32f10x_usart.o(.text)
    USART_SetGuardTime                       0x0800a857   Thumb Code    54  stm32f10x_usart.o(.text)
    USART_SetPrescaler                       0x0800a88d   Thumb Code    66  stm32f10x_usart.o(.text)
    USART_SmartCardCmd                       0x0800a8cf   Thumb Code   102  stm32f10x_usart.o(.text)
    USART_SmartCardNACKCmd                   0x0800a935   Thumb Code    82  stm32f10x_usart.o(.text)
    USART_HalfDuplexCmd                      0x0800a987   Thumb Code    94  stm32f10x_usart.o(.text)
    USART_OverSampling8Cmd                   0x0800a9e5   Thumb Code    92  stm32f10x_usart.o(.text)
    USART_OneBitMethodCmd                    0x0800aa41   Thumb Code    94  stm32f10x_usart.o(.text)
    USART_IrDAConfig                         0x0800aa9f   Thumb Code    88  stm32f10x_usart.o(.text)
    USART_IrDACmd                            0x0800aaf7   Thumb Code    94  stm32f10x_usart.o(.text)
    USART_GetFlagStatus                      0x0800ab55   Thumb Code   164  stm32f10x_usart.o(.text)
    USART_ClearFlag                          0x0800abf9   Thumb Code   122  stm32f10x_usart.o(.text)
    USART_GetITStatus                        0x0800ac73   Thumb Code   280  stm32f10x_usart.o(.text)
    USART_ClearITPendingBit                  0x0800ad8b   Thumb Code   158  stm32f10x_usart.o(.text)
    __2sprintf                               0x0800ae3d   Thumb Code    34  noretval__2sprintf.o(.text)
    _printf_pre_padding                      0x0800ae65   Thumb Code    44  _printf_pad.o(.text)
    _printf_post_padding                     0x0800ae91   Thumb Code    34  _printf_pad.o(.text)
    __printf                                 0x0800aeb3   Thumb Code   270  __printf_wp.o(.text)
    __aeabi_memcpy                           0x0800afc1   Thumb Code     0  rt_memcpy_v6.o(.text)
    __rt_memcpy                              0x0800afc1   Thumb Code   138  rt_memcpy_v6.o(.text)
    _memcpy_lastbytes                        0x0800b027   Thumb Code     0  rt_memcpy_v6.o(.text)
    __use_two_region_memory                  0x0800b04b   Thumb Code     2  heapauxi.o(.text)
    __rt_heap_escrow$2region                 0x0800b04d   Thumb Code     2  heapauxi.o(.text)
    __rt_heap_expand$2region                 0x0800b04f   Thumb Code     2  heapauxi.o(.text)
    __lib_sel_fp_printf                      0x0800b051   Thumb Code     2  _printf_fp_dec.o(.text)
    _printf_fp_dec_real                      0x0800b1ff   Thumb Code   620  _printf_fp_dec.o(.text)
    _printf_char_common                      0x0800b477   Thumb Code    32  _printf_char_common.o(.text)
    _sputc                                   0x0800b49d   Thumb Code    10  _sputc.o(.text)
    __aeabi_memcpy4                          0x0800b4a7   Thumb Code     0  rt_memcpy_w.o(.text)
    __aeabi_memcpy8                          0x0800b4a7   Thumb Code     0  rt_memcpy_w.o(.text)
    __rt_memcpy_w                            0x0800b4a7   Thumb Code   100  rt_memcpy_w.o(.text)
    _memcpy_lastbytes_aligned                0x0800b4ef   Thumb Code     0  rt_memcpy_w.o(.text)
    __rt_locale                              0x0800b50d   Thumb Code     8  rt_locale_intlibspace.o(.text)
    _ll_udiv10                               0x0800b515   Thumb Code   138  lludiv10.o(.text)
    _printf_fp_infnan                        0x0800b5a1   Thumb Code   112  _printf_fp_infnan.o(.text)
    _btod_etento                             0x0800b621   Thumb Code   216  bigflt0.o(.text)
    __user_libspace                          0x0800b6fd   Thumb Code     8  libspace.o(.text)
    __user_perproc_libspace                  0x0800b6fd   Thumb Code     0  libspace.o(.text)
    __user_perthread_libspace                0x0800b6fd   Thumb Code     0  libspace.o(.text)
    __user_setup_stackheap                   0x0800b705   Thumb Code    74  sys_stackheap_outer.o(.text)
    exit                                     0x0800b74f   Thumb Code    12  exit.o(.text)
    strcmp                                   0x0800b75d   Thumb Code   128  strcmpv7m.o(.text)
    _sys_exit                                0x0800b7dd   Thumb Code     8  sys_exit.o(.text)
    __I$use$semihosting                      0x0800b7e9   Thumb Code     0  use_no_semi.o(.text)
    __use_no_semihosting_swi                 0x0800b7e9   Thumb Code     2  use_no_semi.o(.text)
    __semihosting_library_function           0x0800b7eb   Thumb Code     0  indicate_semi.o(.text)
    _btod_d2e                                0x0800b7eb   Thumb Code    62  btod.o(CL$$btod_d2e)
    _d2e_denorm_low                          0x0800b829   Thumb Code    70  btod.o(CL$$btod_d2e_denorm_low)
    _d2e_norm_op1                            0x0800b86f   Thumb Code    96  btod.o(CL$$btod_d2e_norm_op1)
    __btod_div_common                        0x0800b8cf   Thumb Code   696  btod.o(CL$$btod_div_common)
    _e2e                                     0x0800bc07   Thumb Code   198  btod.o(CL$$btod_e2e)
    _btod_ediv                               0x0800bccd   Thumb Code    40  btod.o(CL$$btod_ediv)
    _btod_emul                               0x0800bcf5   Thumb Code    40  btod.o(CL$$btod_emul)
    __btod_mult_common                       0x0800bd1d   Thumb Code   580  btod.o(CL$$btod_mult_common)
    __ARM_fpclassify                         0x0800bf61   Thumb Code    40  fpclassify.o(i.__ARM_fpclassify)
    _is_digit                                0x0800bf89   Thumb Code    14  __printf_wp.o(i._is_digit)
    _get_lc_numeric                          0x0800bf99   Thumb Code    44  lc_numeric_c.o(locale$$code)
    __fpl_dretinf                            0x0800bfc5   Thumb Code    12  dretinf.o(x$fpl$dretinf)
    __aeabi_f2d                              0x0800bfd1   Thumb Code     0  f2d.o(x$fpl$f2d)
    _f2d                                     0x0800bfd1   Thumb Code    86  f2d.o(x$fpl$f2d)
    __aeabi_fdiv                             0x0800c029   Thumb Code     0  fdiv.o(x$fpl$fdiv)
    _fdiv                                    0x0800c029   Thumb Code   384  fdiv.o(x$fpl$fdiv)
    __fpl_fnaninf                            0x0800c1ad   Thumb Code   140  fnaninf.o(x$fpl$fnaninf)
    __fpl_fretinf                            0x0800c239   Thumb Code    10  fretinf.o(x$fpl$fretinf)
    _printf_fp_dec                           0x0800c243   Thumb Code     4  printf1.o(x$fpl$printf1)
    __I$use$fp                               0x0800c246   Number         0  usenofp.o(x$fpl$usenofp)
    high                                     0x0800c246   Data           3  main.o(.constdata)
    F6x8                                     0x0800c249   Data         552  oled.o(.constdata)
    F8X16                                    0x0800c471   Data        1520  oled.o(.constdata)
    F16X24                                   0x0800ca61   Data         480  oled.o(.constdata)
    Region$$Table$$Base                      0x0800ccd8   Number         0  anon$$obj.o(Region$$Table)
    Region$$Table$$Limit                     0x0800ccf8   Number         0  anon$$obj.o(Region$$Table)
    hx                                       0x20000000   Data           1  main.o(.data)
    hy                                       0x20000001   Data           1  main.o(.data)
    hlen                                     0x20000002   Data           1  main.o(.data)
    hsize                                    0x20000003   Data           1  main.o(.data)
    h                                        0x20000004   Data           4  main.o(.data)
    xSemaphore                               0x20000008   Data           4  main.o(.data)
    GPIO_InitStructure                       0x2000000e   Data           4  bsp.o(.data)
    ADCConvertedValue                        0x20000012   Data           2  bsp.o(.data)
    com_sdata                                0x20000014   Data           8  bsp.o(.data)
    usMaxJitter                              0x2000001c   Data           2  timertest.o(.data)
    Hzk                                      0x20000034   Data         448  oled.o(.data)
    BMP1                                     0x200001f4   Data         512  oled.o(.data)
    BMP2                                     0x200003f4   Data        1024  oled.o(.data)
    parm_sel                                 0x200007f4   Data           4  oled.o(.data)
    x_buf                                    0x200007f8   Data           6  oled.o(.data)
    t                                        0x200007fe   Data           1  oled.o(.data)
    a                                        0x20000800   Data           4  oled.o(.data)
    b                                        0x20000804   Data           4  oled.o(.data)
    c                                        0x20000808   Data           4  oled.o(.data)
    d                                        0x2000080c   Data           4  oled.o(.data)
    e                                        0x20000810   Data           4  oled.o(.data)
    f                                        0x20000814   Data           4  oled.o(.data)
    pxCurrentTCB                             0x20000818   Data           4  tasks.o(.data)
    USART_InitStructure                      0x20000884   Data          16  bsp.o(.bss)
    ADC_InitStructure                        0x20000894   Data          20  bsp.o(.bss)
    DMA_InitStructure                        0x200008a8   Data          44  bsp.o(.bss)
    di_value                                 0x200008d4   Data          52  bsp.o(.bss)
    ptr                                      0x20000908   Data          20  oled.o(.bss)
    __libspace_start                         0x20004de4   Data          96  libspace.o(.bss)
    __temporary_stack_top$libspace           0x20004e44   Data           0  libspace.o(.bss)



==============================================================================

Memory Map of the image

  Image Entry point : 0x080000ed

  Load Region LR_IROM1 (Base: 0x08000000, Size: 0x0000d598, Max: 0x00040000, ABSOLUTE, COMPRESSED[0x0000cfa0])

    Execution Region ER_IROM1 (Base: 0x08000000, Size: 0x0000cd14, Max: 0x00040000, ABSOLUTE)

    Base Addr    Size         Type   Attr      Idx    E Section Name        Object

    0x08000000   0x000000ec   Data   RO          301    RESET               startup_stm32f10x_hd.o
    0x080000ec   0x00000008   Code   RO          757  * !!!main             c_w.l(__main.o)
    0x080000f4   0x00000034   Code   RO          984    !!!scatter          c_w.l(__scatter.o)
    0x08000128   0x0000005a   Code   RO          982    !!dczerorl2         c_w.l(__dczerorl2.o)
    0x08000182   0x00000002   PAD
    0x08000184   0x0000001c   Code   RO          986    !!handler_zi        c_w.l(__scatter_zi.o)
    0x080001a0   0x00000000   Code   RO          752    .ARM.Collect$$_printf_percent$$00000000  c_w.l(_printf_percent.o)
    0x080001a0   0x00000006   Code   RO          751    .ARM.Collect$$_printf_percent$$00000003  c_w.l(_printf_f.o)
    0x080001a6   0x00000004   Code   RO          774    .ARM.Collect$$_printf_percent$$00000017  c_w.l(_printf_percent_end.o)
    0x080001aa   0x00000002   Code   RO          856    .ARM.Collect$$libinit$$00000000  c_w.l(libinit.o)
    0x080001ac   0x00000000   Code   RO          858    .ARM.Collect$$libinit$$00000002  c_w.l(libinit2.o)
    0x080001ac   0x00000000   Code   RO          860    .ARM.Collect$$libinit$$00000004  c_w.l(libinit2.o)
    0x080001ac   0x00000000   Code   RO          863    .ARM.Collect$$libinit$$0000000A  c_w.l(libinit2.o)
    0x080001ac   0x00000000   Code   RO          865    .ARM.Collect$$libinit$$0000000C  c_w.l(libinit2.o)
    0x080001ac   0x00000000   Code   RO          867    .ARM.Collect$$libinit$$0000000E  c_w.l(libinit2.o)
    0x080001ac   0x00000006   Code   RO          868    .ARM.Collect$$libinit$$0000000F  c_w.l(libinit2.o)
    0x080001b2   0x00000000   Code   RO          870    .ARM.Collect$$libinit$$00000011  c_w.l(libinit2.o)
    0x080001b2   0x00000000   Code   RO          872    .ARM.Collect$$libinit$$00000013  c_w.l(libinit2.o)
    0x080001b2   0x00000000   Code   RO          874    .ARM.Collect$$libinit$$00000015  c_w.l(libinit2.o)
    0x080001b2   0x0000000a   Code   RO          875    .ARM.Collect$$libinit$$00000016  c_w.l(libinit2.o)
    0x080001bc   0x00000000   Code   RO          876    .ARM.Collect$$libinit$$00000017  c_w.l(libinit2.o)
    0x080001bc   0x00000000   Code   RO          878    .ARM.Collect$$libinit$$00000019  c_w.l(libinit2.o)
    0x080001bc   0x00000000   Code   RO          880    .ARM.Collect$$libinit$$0000001B  c_w.l(libinit2.o)
    0x080001bc   0x00000000   Code   RO          882    .ARM.Collect$$libinit$$0000001D  c_w.l(libinit2.o)
    0x080001bc   0x00000000   Code   RO          884    .ARM.Collect$$libinit$$0000001F  c_w.l(libinit2.o)
    0x080001bc   0x00000000   Code   RO          886    .ARM.Collect$$libinit$$00000021  c_w.l(libinit2.o)
    0x080001bc   0x00000000   Code   RO          888    .ARM.Collect$$libinit$$00000023  c_w.l(libinit2.o)
    0x080001bc   0x00000000   Code   RO          890    .ARM.Collect$$libinit$$00000025  c_w.l(libinit2.o)
    0x080001bc   0x00000000   Code   RO          894    .ARM.Collect$$libinit$$0000002C  c_w.l(libinit2.o)
    0x080001bc   0x00000000   Code   RO          896    .ARM.Collect$$libinit$$0000002E  c_w.l(libinit2.o)
    0x080001bc   0x00000000   Code   RO          898    .ARM.Collect$$libinit$$00000030  c_w.l(libinit2.o)
    0x080001bc   0x00000000   Code   RO          900    .ARM.Collect$$libinit$$00000032  c_w.l(libinit2.o)
    0x080001bc   0x00000002   Code   RO          901    .ARM.Collect$$libinit$$00000033  c_w.l(libinit2.o)
    0x080001be   0x00000002   Code   RO          931    .ARM.Collect$$libshutdown$$00000000  c_w.l(libshutdown.o)
    0x080001c0   0x00000000   Code   RO          943    .ARM.Collect$$libshutdown$$00000003  c_w.l(libshutdown2.o)
    0x080001c0   0x00000000   Code   RO          946    .ARM.Collect$$libshutdown$$00000006  c_w.l(libshutdown2.o)
    0x080001c0   0x00000000   Code   RO          949    .ARM.Collect$$libshutdown$$00000009  c_w.l(libshutdown2.o)
    0x080001c0   0x00000000   Code   RO          951    .ARM.Collect$$libshutdown$$0000000B  c_w.l(libshutdown2.o)
    0x080001c0   0x00000000   Code   RO          954    .ARM.Collect$$libshutdown$$0000000E  c_w.l(libshutdown2.o)
    0x080001c0   0x00000002   Code   RO          955    .ARM.Collect$$libshutdown$$0000000F  c_w.l(libshutdown2.o)
    0x080001c2   0x00000000   Code   RO          767    .ARM.Collect$$rtentry$$00000000  c_w.l(__rtentry.o)
    0x080001c2   0x00000000   Code   RO          785    .ARM.Collect$$rtentry$$00000002  c_w.l(__rtentry2.o)
    0x080001c2   0x00000006   Code   RO          797    .ARM.Collect$$rtentry$$00000004  c_w.l(__rtentry4.o)
    0x080001c8   0x00000000   Code   RO          787    .ARM.Collect$$rtentry$$00000009  c_w.l(__rtentry2.o)
    0x080001c8   0x00000004   Code   RO          788    .ARM.Collect$$rtentry$$0000000A  c_w.l(__rtentry2.o)
    0x080001cc   0x00000000   Code   RO          790    .ARM.Collect$$rtentry$$0000000C  c_w.l(__rtentry2.o)
    0x080001cc   0x00000008   Code   RO          791    .ARM.Collect$$rtentry$$0000000D  c_w.l(__rtentry2.o)
    0x080001d4   0x00000002   Code   RO          902    .ARM.Collect$$rtexit$$00000000  c_w.l(rtexit.o)
    0x080001d6   0x00000000   Code   RO          909    .ARM.Collect$$rtexit$$00000002  c_w.l(rtexit2.o)
    0x080001d6   0x00000004   Code   RO          910    .ARM.Collect$$rtexit$$00000003  c_w.l(rtexit2.o)
    0x080001da   0x00000006   Code   RO          911    .ARM.Collect$$rtexit$$00000004  c_w.l(rtexit2.o)
    0x080001e0   0x00000096   Code   RO          380    .emb_text           port.o
    0x08000276   0x00000002   PAD
    0x08000278   0x000002a8   Code   RO            1    .text               main.o
    0x08000520   0x0000001a   Code   RO          162    .text               stm32f10x_it.o
    0x0800053a   0x00000002   PAD
    0x0800053c   0x000004d8   Code   RO          177    .text               bsp.o
    0x08000a14   0x000000f8   Code   RO          199    .text               timertest.o
    0x08000b0c   0x000001f0   Code   RO          220    .text               serial.o
    0x08000cfc   0x0000013c   Code   RO          234    .text               comtest.o
    0x08000e38   0x00000b84   Code   RO          254    .text               oled.o
    0x080019bc   0x00000034   Code   RO          302    .text               startup_stm32f10x_hd.o
    0x080019f0   0x00000094   Code   RO          307    .text               list.o
    0x08001a84   0x000006a0   Code   RO          319    .text               queue.o
    0x08002124   0x00000fa0   Code   RO          346    .text               tasks.o
    0x080030c4   0x000000e8   Code   RO          381    .text               port.o
    0x080031ac   0x00000124   Code   RO          410    .text               heap_2.o
    0x080032d0   0x000001e4   Code   RO          425    .text               misc.o
    0x080034b4   0x00000ed0   Code   RO          437    .text               stm32f10x_adc.o
    0x08004384   0x00000940   Code   RO          521    .text               stm32f10x_dma.o
    0x08004cc4   0x00000a7c   Code   RO          569    .text               stm32f10x_gpio.o
    0x08005740   0x00000840   Code   RO          617    .text               stm32f10x_rcc.o
    0x08005f80   0x00000988   Code   RO          655    .text               stm32f10x_spi.o
    0x08006908   0x00003778   Code   RO          667    .text               stm32f10x_tim.o
    0x0800a080   0x00000dbc   Code   RO          679    .text               stm32f10x_usart.o
    0x0800ae3c   0x00000028   Code   RO          725    .text               c_w.l(noretval__2sprintf.o)
    0x0800ae64   0x0000004e   Code   RO          729    .text               c_w.l(_printf_pad.o)
    0x0800aeb2   0x0000010e   Code   RO          739    .text               c_w.l(__printf_wp.o)
    0x0800afc0   0x0000008a   Code   RO          753    .text               c_w.l(rt_memcpy_v6.o)
    0x0800b04a   0x00000006   Code   RO          755    .text               c_w.l(heapauxi.o)
    0x0800b050   0x0000041a   Code   RO          768    .text               c_w.l(_printf_fp_dec.o)
    0x0800b46a   0x00000002   PAD
    0x0800b46c   0x00000030   Code   RO          770    .text               c_w.l(_printf_char_common.o)
    0x0800b49c   0x0000000a   Code   RO          772    .text               c_w.l(_sputc.o)
    0x0800b4a6   0x00000064   Code   RO          775    .text               c_w.l(rt_memcpy_w.o)
    0x0800b50a   0x00000002   PAD
    0x0800b50c   0x00000008   Code   RO          802    .text               c_w.l(rt_locale_intlibspace.o)
    0x0800b514   0x0000008a   Code   RO          804    .text               c_w.l(lludiv10.o)
    0x0800b59e   0x00000002   PAD
    0x0800b5a0   0x00000080   Code   RO          806    .text               c_w.l(_printf_fp_infnan.o)
    0x0800b620   0x000000dc   Code   RO          810    .text               c_w.l(bigflt0.o)
    0x0800b6fc   0x00000008   Code   RO          842    .text               c_w.l(libspace.o)
    0x0800b704   0x0000004a   Code   RO          845    .text               c_w.l(sys_stackheap_outer.o)
    0x0800b74e   0x0000000c   Code   RO          847    .text               c_w.l(exit.o)
    0x0800b75a   0x00000002   PAD
    0x0800b75c   0x00000080   Code   RO          849    .text               c_w.l(strcmpv7m.o)
    0x0800b7dc   0x0000000c   Code   RO          921    .text               c_w.l(sys_exit.o)
    0x0800b7e8   0x00000002   Code   RO          932    .text               c_w.l(use_no_semi.o)
    0x0800b7ea   0x00000000   Code   RO          934    .text               c_w.l(indicate_semi.o)
    0x0800b7ea   0x0000003e   Code   RO          813    CL$$btod_d2e        c_w.l(btod.o)
    0x0800b828   0x00000046   Code   RO          815    CL$$btod_d2e_denorm_low  c_w.l(btod.o)
    0x0800b86e   0x00000060   Code   RO          814    CL$$btod_d2e_norm_op1  c_w.l(btod.o)
    0x0800b8ce   0x00000338   Code   RO          823    CL$$btod_div_common  c_w.l(btod.o)
    0x0800bc06   0x000000c6   Code   RO          820    CL$$btod_e2e        c_w.l(btod.o)
    0x0800bccc   0x00000028   Code   RO          817    CL$$btod_ediv       c_w.l(btod.o)
    0x0800bcf4   0x00000028   Code   RO          816    CL$$btod_emul       c_w.l(btod.o)
    0x0800bd1c   0x00000244   Code   RO          822    CL$$btod_mult_common  c_w.l(btod.o)
    0x0800bf60   0x00000028   Code   RO          840    i.__ARM_fpclassify  m_ws.l(fpclassify.o)
    0x0800bf88   0x0000000e   Code   RO          741    i._is_digit         c_w.l(__printf_wp.o)
    0x0800bf96   0x00000002   PAD
    0x0800bf98   0x0000002c   Code   RO          836    locale$$code        c_w.l(lc_numeric_c.o)
    0x0800bfc4   0x0000000c   Code   RO          777    x$fpl$dretinf       fz_ws.l(dretinf.o)
    0x0800bfd0   0x00000056   Code   RO          759    x$fpl$f2d           fz_ws.l(f2d.o)
    0x0800c026   0x00000002   PAD
    0x0800c028   0x00000184   Code   RO          762    x$fpl$fdiv          fz_ws.l(fdiv.o)
    0x0800c1ac   0x0000008c   Code   RO          779    x$fpl$fnaninf       fz_ws.l(fnaninf.o)
    0x0800c238   0x0000000a   Code   RO          781    x$fpl$fretinf       fz_ws.l(fretinf.o)
    0x0800c242   0x00000004   Code   RO          765    x$fpl$printf1       fz_ws.l(printf1.o)
    0x0800c246   0x00000000   Code   RO          783    x$fpl$usenofp       fz_ws.l(usenofp.o)
    0x0800c246   0x00000003   Data   RO            2    .constdata          main.o
    0x0800c249   0x000009f8   Data   RO          256    .constdata          oled.o
    0x0800cc41   0x00000003   PAD
    0x0800cc44   0x00000094   Data   RO          811    .constdata          c_w.l(bigflt0.o)
    0x0800ccd8   0x00000020   Data   RO          980    Region$$Table       anon$$obj.o
    0x0800ccf8   0x0000001c   Data   RO          835    locale$$data        c_w.l(lc_numeric_c.o)


    Execution Region RW_IRAM1 (Base: 0x20000000, Size: 0x00005048, Max: 0x0000c000, ABSOLUTE, COMPRESSED[0x0000028c])

    Base Addr    Size         Type   Attr      Idx    E Section Name        Object

    0x20000000   0x0000000d   Data   RW            3    .data               main.o
    0x2000000d   0x00000001   PAD
    0x2000000e   0x0000000e   Data   RW          179    .data               bsp.o
    0x2000001c   0x00000008   Data   RW          200    .data               timertest.o
    0x20000024   0x00000008   Data   RW          221    .data               serial.o
    0x2000002c   0x00000008   Data   RW          235    .data               comtest.o
    0x20000034   0x000007e4   Data   RW          257    .data               oled.o
    0x20000818   0x0000003c   Data   RW          348    .data               tasks.o
    0x20000854   0x00000004   Data   RW          382    .data               port.o
    0x20000858   0x00000018   Data   RW          412    .data               heap_2.o
    0x20000870   0x00000014   Data   RW          618    .data               stm32f10x_rcc.o
    0x20000884   0x00000084   Zero   RW          178    .bss                bsp.o
    0x20000908   0x00000014   Zero   RW          255    .bss                oled.o
    0x2000091c   0x000000c8   Zero   RW          347    .bss                tasks.o
    0x200009e4   0x00004400   Zero   RW          411    .bss                heap_2.o
    0x20004de4   0x00000060   Zero   RW          843    .bss                c_w.l(libspace.o)
    0x20004e44   0x00000004   PAD
    0x20004e48   0x00000000   Zero   RW          300    HEAP                startup_stm32f10x_hd.o
    0x20004e48   0x00000200   Zero   RW          299    STACK               startup_stm32f10x_hd.o


==============================================================================

Image component sizes


      Code (inc. data)   RO Data    RW Data    ZI Data      Debug   Object Name

      1240         66          0         14        132       5166   bsp.o
       316         44          0          8          0       2429   comtest.o
       292         20          0         24      17408       3120   heap_2.o
       148          0          0          0          0       1774   list.o
       680        104          3         13          0     294661   main.o
       484         72          0          0          0       1981   misc.o
      2948        172       2552       2020         20       7355   oled.o
       382         28          0          4          0       6772   port.o
      1696         10          0          0          0      17790   queue.o
       496         20          0          8          0       2367   serial.o
        52         18        236          0        512        800   startup_stm32f10x_hd.o
      3792        126          0          0          0      12913   stm32f10x_adc.o
      2368        172          0          0          0       5458   stm32f10x_dma.o
      2684        206          0          0          0       7029   stm32f10x_gpio.o
        26          0          0          0          0       1174   stm32f10x_it.o
      2112        108          0         20          0       9944   stm32f10x_rcc.o
      2440         98          0          0          0       7770   stm32f10x_spi.o
     14200        836          0          0          0      29688   stm32f10x_tim.o
      3516        142          0          0          0      10124   stm32f10x_usart.o
      4000        260          0         60        200      26035   tasks.o
       248         20          0          8          0       1126   timertest.o

    ----------------------------------------------------------------------
     44124       2522       2826       2180      18272     455476   Object Totals
         0          0         32          0          0          0   (incl. Generated)
         4          0          3          1          0          0   (incl. Padding)

    ----------------------------------------------------------------------

      Code (inc. data)   RO Data    RW Data    ZI Data      Debug   Library Member Name

        90          0          0          0          0          0   __dczerorl2.o
         8          0          0          0          0         68   __main.o
       284          0          0          0          0        156   __printf_wp.o
         0          0          0          0          0          0   __rtentry.o
        12          0          0          0          0          0   __rtentry2.o
         6          0          0          0          0          0   __rtentry4.o
        52          8          0          0          0          0   __scatter.o
        28          0          0          0          0          0   __scatter_zi.o
        48          6          0          0          0         96   _printf_char_common.o
         6          0          0          0          0          0   _printf_f.o
      1050          0          0          0          0        216   _printf_fp_dec.o
       128         16          0          0          0         84   _printf_fp_infnan.o
        78          0          0          0          0        108   _printf_pad.o
         0          0          0          0          0          0   _printf_percent.o
         4          0          0          0          0          0   _printf_percent_end.o
        10          0          0          0          0         68   _sputc.o
       220          4        148          0          0         96   bigflt0.o
      1910        128          0          0          0        672   btod.o
        12          0          0          0          0         72   exit.o
         6          0          0          0          0        152   heapauxi.o
         0          0          0          0          0          0   indicate_semi.o
        44         10         28          0          0         76   lc_numeric_c.o
         2          0          0          0          0          0   libinit.o
        18          0          0          0          0          0   libinit2.o
         2          0          0          0          0          0   libshutdown.o
         2          0          0          0          0          0   libshutdown2.o
         8          4          0          0         96         68   libspace.o
       138          0          0          0          0         80   lludiv10.o
        40          6          0          0          0         84   noretval__2sprintf.o
         8          4          0          0          0         68   rt_locale_intlibspace.o
       138          0          0          0          0         68   rt_memcpy_v6.o
       100          0          0          0          0         80   rt_memcpy_w.o
         2          0          0          0          0          0   rtexit.o
        10          0          0          0          0          0   rtexit2.o
       128          0          0          0          0         68   strcmpv7m.o
        12          4          0          0          0         68   sys_exit.o
        74          0          0          0          0         80   sys_stackheap_outer.o
         2          0          0          0          0         68   use_no_semi.o
        12          0          0          0          0         68   dretinf.o
        86          4          0          0          0         84   f2d.o
       388         76          0          0          0         96   fdiv.o
       140          4          0          0          0         84   fnaninf.o
        10          0          0          0          0         68   fretinf.o
         4          0          0          0          0         68   printf1.o
         0          0          0          0          0          0   usenofp.o
        40          0          0          0          0         68   fpclassify.o

    ----------------------------------------------------------------------
      5374        274        176          0        100       3132   Library Totals
        14          0          0          0          4          0   (incl. Padding)

    ----------------------------------------------------------------------

      Code (inc. data)   RO Data    RW Data    ZI Data      Debug   Library Name

      4680        190        176          0         96       2596   c_w.l
       640         84          0          0          0        468   fz_ws.l
        40          0          0          0          0         68   m_ws.l

    ----------------------------------------------------------------------
      5374        274        176          0        100       3132   Library Totals

    ----------------------------------------------------------------------

==============================================================================


      Code (inc. data)   RO Data    RW Data    ZI Data      Debug   

     49498       2796       3002       2180      18372     454808   Grand Totals
     49498       2796       3002        652      18372     454808   ELF Image Totals (compressed)
     49498       2796       3002        652          0          0   ROM Totals

==============================================================================

    Total RO  Size (Code + RO Data)                52500 (  51.27kB)
    Total RW  Size (RW Data + ZI Data)             20552 (  20.07kB)
    Total ROM Size (Code + RO Data + RW Data)      53152 (  51.91kB)

==============================================================================

