Component: ARM Compiler 5.05 update 1 (build 106) Tool: armlink [4d0efa]

==============================================================================

Section Cross References

    main.o(.text) refers to oo_oled.o(.text) for oled_clear
    main.o(.text) refers to tasks.o(.text) for vTaskDelay
    main.o(.text) refers to oled.o(.text) for OLED_Clear
    main.o(.text) refers to queue.o(.text) for xQueueGenericReceive
    main.o(.text) refers to bsp.o(.text) for read_di
    main.o(.text) refers to stm32f10x_gpio.o(.text) for GPIO_ReadOutputDataBit
    main.o(.text) refers to stm32f10x_rcc.o(.text) for RCC_DeInit
    main.o(.text) refers to misc.o(.text) for NVIC_SetVectorTable
    main.o(.text) refers to comtest.o(.text) for vAltStartComTestTasks
    main.o(.text) refers to stm32f10x_usart.o(.text) for USART_SendData
    main.o(.text) refers to bsp.o(.bss) for di_value
    main.o(.text) refers to main.o(.constdata) for high
    main.o(.text) refers to main.o(.data) for hlen
    main.o(.text) refers to oo_oled.o(.data) for POS_Y_HIGHV
    bsp.o(.text) refers to stm32f10x_rcc.o(.text) for RCC_APB2PeriphClockCmd
    bsp.o(.text) refers to stm32f10x_gpio.o(.text) for GPIO_Init
    bsp.o(.text) refers to stm32f10x_spi.o(.text) for SPI_Init
    bsp.o(.text) refers to oled.o(.text) for OLED_WR_Byte
    bsp.o(.text) refers to oo_oled.o(.text) for oled_242_wr_byte
    bsp.o(.text) refers to stm32f10x_dma.o(.text) for DMA_DeInit
    bsp.o(.text) refers to stm32f10x_adc.o(.text) for ADC_Init
    bsp.o(.text) refers to bsp.o(.data) for GPIO_InitStructure
    bsp.o(.text) refers to bsp.o(.bss) for DMA_InitStructure
    bsp.o(.text) refers to misc.o(.text) for NVIC_PriorityGroupConfig
    bsp.o(.text) refers to stm32f10x_usart.o(.text) for USART_Init
    timertest.o(.text) refers to stm32f10x_rcc.o(.text) for RCC_APB1PeriphClockCmd
    timertest.o(.text) refers to stm32f10x_tim.o(.text) for TIM_DeInit
    timertest.o(.text) refers to misc.o(.text) for NVIC_Init
    timertest.o(.text) refers to timertest.o(.data) for usSettleCount
    serial.o(.text) refers to queue.o(.text) for xQueueGenericCreate
    serial.o(.text) refers to stm32f10x_rcc.o(.text) for RCC_APB2PeriphClockCmd
    serial.o(.text) refers to stm32f10x_gpio.o(.text) for GPIO_Init
    serial.o(.text) refers to stm32f10x_usart.o(.text) for USART_Init
    serial.o(.text) refers to misc.o(.text) for NVIC_Init
    serial.o(.text) refers to serial.o(.data) for xRxedChars
    comtest.o(.text) refers to serial.o(.text) for xSerialGetChar
    comtest.o(.text) refers to tasks.o(.text) for xTaskGetTickCount
    comtest.o(.text) refers to comtest.o(.data) for xPort
    comtest.o(.text) refers to bsp.o(.bss) for di_value
    comtest.o(.text) refers to bsp.o(.data) for com_sdata
    oled.o(.text) refers to _printf_pad.o(.text) for _printf_pre_padding
    oled.o(.text) refers to _printf_percent.o(.ARM.Collect$$_printf_percent$$00000000) for _printf_percent
    oled.o(.text) refers to _printf_f.o(.ARM.Collect$$_printf_percent$$00000003) for _printf_f
    oled.o(.text) refers to printf1.o(x$fpl$printf1) for _printf_fp_dec
    oled.o(.text) refers to stm32f10x_rcc.o(.text) for RCC_APB1PeriphClockCmd
    oled.o(.text) refers to stm32f10x_gpio.o(.text) for GPIO_Init
    oled.o(.text) refers to stm32f10x_spi.o(.text) for SPI_Init
    oled.o(.text) refers to oled.o(.data) for parm_sel
    oled.o(.text) refers to oledfont.o(.constdata) for F6x8
    oled.o(.text) refers to fdiv.o(x$fpl$fdiv) for __aeabi_fdiv
    oled.o(.text) refers to f2d.o(x$fpl$f2d) for __aeabi_f2d
    oled.o(.text) refers to noretval__2sprintf.o(.text) for __2sprintf
    oled.o(.text) refers to oled.o(.bss) for ptr
    oo_oled.o(.text) refers to stm32f10x_gpio.o(.text) for GPIO_SetBits
    oo_oled.o(.text) refers to oled.o(.text) for SPI2_NRF_SendByte
    oo_oled.o(.text) refers to oo_oled.o(.data) for parm_sel1
    oo_oled.o(.text) refers to oledfont.o(.constdata) for F6x8
    system_stm32f10x.o(.text) refers to system_stm32f10x.o(.data) for SystemCoreClock
    startup_stm32f10x_hd.o(STACK) refers (Special) to heapauxi.o(.text) for __use_two_region_memory
    startup_stm32f10x_hd.o(HEAP) refers (Special) to heapauxi.o(.text) for __use_two_region_memory
    startup_stm32f10x_hd.o(RESET) refers (Special) to heapauxi.o(.text) for __use_two_region_memory
    startup_stm32f10x_hd.o(RESET) refers to startup_stm32f10x_hd.o(STACK) for __initial_sp
    startup_stm32f10x_hd.o(RESET) refers to startup_stm32f10x_hd.o(.text) for Reset_Handler
    startup_stm32f10x_hd.o(RESET) refers to stm32f10x_it.o(.text) for NMI_Handler
    startup_stm32f10x_hd.o(RESET) refers to port.o(.emb_text) for vPortSVCHandler
    startup_stm32f10x_hd.o(RESET) refers to port.o(.text) for xPortSysTickHandler
    startup_stm32f10x_hd.o(RESET) refers to timertest.o(.text) for vTimer2IntHandler
    startup_stm32f10x_hd.o(RESET) refers to serial.o(.text) for vUARTInterruptHandler
[...]
    .text                                    0x0800bff4   Section       74  sys_stackheap_outer.o(.text)
    .text                                    0x0800c03e   Section        0  exit.o(.text)
    .text                                    0x0800c04c   Section      128  strcmpv7m.o(.text)
    .text                                    0x0800c0cc   Section        0  sys_exit.o(.text)
    .text                                    0x0800c0d8   Section        2  use_no_semi.o(.text)
    .text                                    0x0800c0da   Section        0  indicate_semi.o(.text)
    CL$$btod_d2e                             0x0800c0da   Section       62  btod.o(CL$$btod_d2e)
    CL$$btod_d2e_denorm_low                  0x0800c118   Section       70  btod.o(CL$$btod_d2e_denorm_low)
    CL$$btod_d2e_norm_op1                    0x0800c15e   Section       96  btod.o(CL$$btod_d2e_norm_op1)
    CL$$btod_div_common                      0x0800c1be   Section      824  btod.o(CL$$btod_div_common)
    CL$$btod_e2e                             0x0800c4f6   Section      198  btod.o(CL$$btod_e2e)
    CL$$btod_ediv                            0x0800c5bc   Section       40  btod.o(CL$$btod_ediv)
    CL$$btod_emul                            0x0800c5e4   Section       40  btod.o(CL$$btod_emul)
    CL$$btod_mult_common                     0x0800c60c   Section      580  btod.o(CL$$btod_mult_common)
    i.__ARM_fpclassify                       0x0800c850   Section        0  fpclassify.o(i.__ARM_fpclassify)
    i._is_digit                              0x0800c878   Section        0  __printf_wp.o(i._is_digit)
    locale$$code                             0x0800c888   Section       44  lc_numeric_c.o(locale$$code)
    x$fpl$dretinf                            0x0800c8b4   Section       12  dretinf.o(x$fpl$dretinf)
    x$fpl$f2d                                0x0800c8c0   Section       86  f2d.o(x$fpl$f2d)
    x$fpl$fdiv                               0x0800c918   Section      388  fdiv.o(x$fpl$fdiv)
    _fdiv1                                   0x0800c919   Thumb Code     0  fdiv.o(x$fpl$fdiv)
    x$fpl$fnaninf                            0x0800ca9c   Section      140  fnaninf.o(x$fpl$fnaninf)
    x$fpl$fretinf                            0x0800cb28   Section       10  fretinf.o(x$fpl$fretinf)
    x$fpl$printf1                            0x0800cb32   Section        4  printf1.o(x$fpl$printf1)
    .constdata                               0x0800cb36   Section        3  main.o(.constdata)
    x$fpl$usenofp                            0x0800cb36   Section        0  usenofp.o(x$fpl$usenofp)
    .constdata                               0x0800cb39   Section     5816  oledfont.o(.constdata)
    .constdata                               0x0800e1f4   Section      148  bigflt0.o(.constdata)
    tenpwrs_x                                0x0800e1f4   Data          60  bigflt0.o(.constdata)
    tenpwrs_i                                0x0800e230   Data          64  bigflt0.o(.constdata)
    locale$$data                             0x0800e2a8   Section       28  lc_numeric_c.o(locale$$data)
    __lcnum_c_name                           0x0800e2ac   Data           2  lc_numeric_c.o(locale$$data)
    __lcnum_c_start                          0x0800e2b4   Data           0  lc_numeric_c.o(locale$$data)
    __lcnum_c_point                          0x0800e2c0   Data           0  lc_numeric_c.o(locale$$data)
    __lcnum_c_thousands                      0x0800e2c2   Data           0  lc_numeric_c.o(locale$$data)
    __lcnum_c_grouping                       0x0800e2c3   Data           0  lc_numeric_c.o(locale$$data)
    __lcnum_c_end                            0x0800e2c4   Data           0  lc_numeric_c.o(locale$$data)
    .data                                    0x20000000   Section       15  main.o(.data)
    ch                                       0x2000000e   Data           1  main.o(.data)
    .data                                    0x20000010   Section       14  bsp.o(.data)
    .data                                    0x2000001e   Section        8  timertest.o(.data)
    usLastCount                              0x20000020   Data           2  timertest.o(.data)
    usSettleCount                            0x20000022   Data           2  timertest.o(.data)
    usMaxDifference                          0x20000024   Data           2  timertest.o(.data)
    .data                                    0x20000028   Section        8  serial.o(.data)
    xRxedChars                               0x20000028   Data           4  serial.o(.data)
    xCharsForTx                              0x2000002c   Data           4  serial.o(.data)
    .data                                    0x20000030   Section        8  comtest.o(.data)
    xPort                                    0x20000030   Data           4  comtest.o(.data)
    uxRxLoops                                0x20000034   Data           4  comtest.o(.data)
    .data                                    0x20000038   Section     1572  oled.o(.data)
    .data                                    0x2000065c   Section       56  oo_oled.o(.data)
    .data                                    0x20000694   Section       60  tasks.o(.data)
    pxDelayedTaskList                        0x20000698   Data           4  tasks.o(.data)
    pxOverflowDelayedTaskList                0x2000069c   Data           4  tasks.o(.data)
    uxDeletedTasksWaitingCleanUp             0x200006a0   Data           4  tasks.o(.data)
    uxCurrentNumberOfTasks                   0x200006a4   Data           4  tasks.o(.data)
    xTickCount                               0x200006a8   Data           4  tasks.o(.data)
    uxTopReadyPriority                       0x200006ac   Data           4  tasks.o(.data)
    xSchedulerRunning                        0x200006b0   Data           4  tasks.o(.data)
    uxPendedTicks                            0x200006b4   Data           4  tasks.o(.data)
    xYieldPending                            0x200006b8   Data           4  tasks.o(.data)
    xNumOfOverflows                          0x200006bc   Data           4  tasks.o(.data)
    uxTaskNumber                             0x200006c0   Data           4  tasks.o(.data)
    xNextTaskUnblockTime                     0x200006c4   Data           4  tasks.o(.data)
    xIdleTaskHandle                          0x200006c8   Data           4  tasks.o(.data)
    uxSchedulerSuspended                     0x200006cc   Data           4  tasks.o(.data)
    .data                                    0x200006d0   Section        4  port.o(.data)
    uxCriticalNesting                        0x200006d0   Data           4  port.o(.data)
    .data                                    0x200006d4   Section       24  heap_2.o(.data)
    xStart                                   0x200006d4   Data           8  heap_2.o(.data)
    xEnd                                     0x200006dc   Data           8  heap_2.o(.data)
    xFreeBytesRemaining                      0x200006e4   Data           4  heap_2.o(.data)
    xHeapHasBeenInitialised                  0x200006e8   Data           4  heap_2.o(.data)
    .data                                    0x200006ec   Section       20  stm32f10x_rcc.o(.data)
    APBAHBPrescTable                         0x200006ec   Data          16  stm32f10x_rcc.o(.data)
    ADCPrescTable                            0x200006fc   Data           4  stm32f10x_rcc.o(.data)
    .bss                                     0x20000700   Section      158  bsp.o(.bss)
    .bss                                     0x2000079e   Section       20  oled.o(.bss)
    .bss                                     0x200007b4   Section      200  tasks.o(.bss)
    pxReadyTasksLists                        0x200007b4   Data         100  tasks.o(.bss)
    xDelayedTaskList1                        0x20000818   Data          20  tasks.o(.bss)
    xDelayedTaskList2                        0x2000082c   Data          20  tasks.o(.bss)
    xPendingReadyList                        0x20000840   Data          20  tasks.o(.bss)
    xTasksWaitingTermination                 0x20000854   Data          20  tasks.o(.bss)
    xSuspendedTaskList                       0x20000868   Data          20  tasks.o(.bss)
    .bss                                     0x2000087c   Section    17408  heap_2.o(.bss)
    ucHeap                                   0x2000087c   Data       17408  heap_2.o(.bss)
    .bss                                     0x20004c7c   Section       96  libspace.o(.bss)
    HEAP                                     0x20004ce0   Section        0  startup_stm32f10x_hd.o(HEAP)
    STACK                                    0x20004ce0   Section      512  startup_stm32f10x_hd.o(STACK)
    Heap_Mem                                 0x20004ce0   Data           0  startup_stm32f10x_hd.o(HEAP)
    Stack_Mem                                0x20004ce0   Data         512  startup_stm32f10x_hd.o(STACK)
    __initial_sp                             0x20004ee0   Data           0  startup_stm32f10x_hd.o(STACK)

    Global Symbols

    Symbol Name                              Value     Ov Type        Size  Object(Section)

    BuildAttributes$$THM_ISAv4$P$D$K$B$S$PE$A:L22UL41UL21$X:L11$S22US41US21$IEEE1$IW$USESV6$~STKCKD$USESV7$~SHL$OTIME$ROPI$IEEEJ$EBA8$UX$STANDARDLIB$REQ8$PRES8$EABIv2 0x00000000   Number         0  anon$$obj.o ABSOLUTE
    __ARM_use_no_argv                        0x00000000   Number         0  main.o ABSOLUTE
    _printf_flags                            0x00000000   Number         0  printf_stubs.o ABSOLUTE
    _printf_return_value                     0x00000000   Number         0  printf_stubs.o ABSOLUTE
    _printf_sizespec                         0x00000000   Number         0  printf_stubs.o ABSOLUTE
    _printf_widthprec                        0x00000000   Number         0  printf_stubs.o ABSOLUTE
    __ARM_exceptions_init                     - Undefined Weak Reference
    __alloca_initialize                       - Undefined Weak Reference
    __arm_preinit_                            - Undefined Weak Reference
    __cpp_initialize__aeabi_                  - Undefined Weak Reference
    __cxa_finalize                            - Undefined Weak Reference
    __sigvec_lookup                           - Undefined Weak Reference
    _atexit_init                              - Undefined Weak Reference
    _call_atexit_fns                          - Undefined Weak Reference
    _clock_init                               - Undefined Weak Reference
    _fp_trap_init                             - Undefined Weak Reference
    _fp_trap_shutdown                         - Undefined Weak Reference
    _get_lc_collate                           - Undefined Weak Reference
    _get_lc_ctype                             - Undefined Weak Reference
    _get_lc_monetary                          - Undefined Weak Reference
    _get_lc_time                              - Undefined Weak Reference
    _getenv_init                              - Undefined Weak Reference
    _handle_redirection                       - Undefined Weak Reference
    _init_alloc                               - Undefined Weak Reference
    _init_user_alloc                          - Undefined Weak Reference
    _initio                                   - Undefined Weak Reference
    _rand_init                                - Undefined Weak Reference
    _signal_finish                            - Undefined Weak Reference
    _signal_init                              - Undefined Weak Reference
    _terminate_alloc                          - Undefined Weak Reference
    _terminate_user_alloc                     - Undefined Weak Reference
    _terminateio                              - Undefined Weak Reference
    __Vectors                                0x08000000   Data           4  startup_stm32f10x_hd.o(RESET)
    __main                                   0x080000ed   Thumb Code     8  __main.o(!!!main)
    __scatterload                            0x080000f5   Thumb Code     0  __scatter.o(!!!scatter)
    __scatterload_rt2                        0x080000f5   Thumb Code    44  __scatter.o(!!!scatter)
    __scatterload_rt2_thumb_only             0x080000f5   Thumb Code     0  __scatter.o(!!!scatter)
    __scatterload_null                       0x08000103   Thumb Code     0  __scatter.o(!!!scatter)
    __decompress                             0x08000129   Thumb Code    90  __dczerorl2.o(!!dczerorl2)
    __decompress1                            0x08000129   Thumb Code     0  __dczerorl2.o(!!dczerorl2)
    __scatterload_zeroinit                   0x08000185   Thumb Code    28  __scatter_zi.o(!!handler_zi)
    _printf_f                                0x080001a1   Thumb Code     0  _printf_f.o(.ARM.Collect$$_printf_percent$$00000003)
    _printf_percent                          0x080001a1   Thumb Code     0  _printf_percent.o(.ARM.Collect$$_printf_percent$$00000000)
    _printf_percent_end                      0x080001a7   Thumb Code     0  _printf_percent_end.o(.ARM.Collect$$_printf_percent$$00000017)
    __rt_lib_init                            0x080001ab   Thumb Code     0  libinit.o(.ARM.Collect$$libinit$$00000000)
    __rt_lib_init_fp_1                       0x080001ad   Thumb Code     0  libinit2.o(.ARM.Collect$$libinit$$00000002)
    __rt_lib_init_heap_1                     0x080001ad   Thumb Code     0  libinit2.o(.ARM.Collect$$libinit$$0000000A)
    __rt_lib_init_lc_common                  0x080001ad   Thumb Code     0  libinit2.o(.ARM.Collect$$libinit$$0000000F)
    __rt_lib_init_preinit_1                  0x080001ad   Thumb Code     0  libinit2.o(.ARM.Collect$$libinit$$00000004)
    __rt_lib_init_rand_1                     0x080001ad   Thumb Code     0  libinit2.o(.ARM.Collect$$libinit$$0000000E)
    __rt_lib_init_user_alloc_1               0x080001ad   Thumb Code     0  libinit2.o(.ARM.Collect$$libinit$$0000000C)
    __rt_lib_init_lc_collate_1               0x080001b3   Thumb Code     0  libinit2.o(.ARM.Collect$$libinit$$00000011)
    __rt_lib_init_lc_ctype_1                 0x080001b3   Thumb Code     0  libinit2.o(.ARM.Collect$$libinit$$00000013)
    __rt_lib_init_lc_monetary_1              0x080001b3   Thumb Code     0  libinit2.o(.ARM.Collect$$libinit$$00000015)
    __rt_lib_init_lc_numeric_2               0x080001b3   Thumb Code     0  libinit2.o(.ARM.Collect$$libinit$$00000016)
    __rt_lib_init_alloca_1                   0x080001bd   Thumb Code     0  libinit2.o(.ARM.Collect$$libinit$$0000002E)
    __rt_lib_init_argv_1                     0x080001bd   Thumb Code     0  libinit2.o(.ARM.Collect$$libinit$$0000002C)
    __rt_lib_init_atexit_1                   0x080001bd   Thumb Code     0  libinit2.o(.ARM.Collect$$libinit$$0000001B)
    __rt_lib_init_clock_1                    0x080001bd   Thumb Code     0  libinit2.o(.ARM.Collect$$libinit$$00000021)
    __rt_lib_init_cpp_1                      0x080001bd   Thumb Code     0  libinit2.o(.ARM.Collect$$libinit$$00000032)
    __rt_lib_init_exceptions_1               0x080001bd   Thumb Code     0  libinit2.o(.ARM.Collect$$libinit$$00000030)
    __rt_lib_init_fp_trap_1                  0x080001bd   Thumb Code     0  libinit2.o(.ARM.Collect$$libinit$$0000001F)
    __rt_lib_init_getenv_1                   0x080001bd   Thumb Code     0  libinit2.o(.ARM.Collect$$libinit$$00000023)
    __rt_lib_init_lc_numeric_1               0x080001bd   Thumb Code     0  libinit2.o(.ARM.Collect$$libinit$$00000017)
    __rt_lib_init_lc_time_1                  0x080001bd   Thumb Code     0  libinit2.o(.ARM.Collect$$libinit$$00000019)
    __rt_lib_init_return                     0x080001bd   Thumb Code     0  libinit2.o(.ARM.Collect$$libinit$$00000033)
    __rt_lib_init_signal_1                   0x080001bd   Thumb Code     0  libinit2.o(.ARM.Collect$$libinit$$0000001D)
    __rt_lib_init_stdio_1                    0x080001bd   Thumb Code     0  libinit2.o(.ARM.Collect$$libinit$$00000025)
    __rt_lib_shutdown                        0x080001bf   Thumb Code     0  libshutdown.o(.ARM.Collect$$libshutdown$$00000000)
    __rt_lib_shutdown_fp_trap_1              0x080001c1   Thumb Code     0  libshutdown2.o(.ARM.Collect$$libshutdown$$00000006)
    __rt_lib_shutdown_heap_1                 0x080001c1   Thumb Code     0  libshutdown2.o(.ARM.Collect$$libshutdown$$0000000E)
    __rt_lib_shutdown_return                 0x080001c1   Thumb Code     0  libshutdown2.o(.ARM.Collect$$libshutdown$$0000000F)
    __rt_lib_shutdown_signal_1               0x080001c1   Thumb Code     0  libshutdown2.o(.ARM.Collect$$libshutdown$$00000009)
    __rt_lib_shutdown_stdio_1                0x080001c1   Thumb Code     0  libshutdown2.o(.ARM.Collect$$libshutdown$$00000003)
    __rt_lib_shutdown_user_alloc_1           0x080001c1   Thumb Code     0  libshutdown2.o(.ARM.Collect$$libshutdown$$0000000B)
    __rt_entry                               0x080001c3   Thumb Code     0  __rtentry.o(.ARM.Collect$$rtentry$$00000000)
    __rt_entry_presh_1                       0x080001c3   Thumb Code     0  __rtentry2.o(.ARM.Collect$$rtentry$$00000002)
    __rt_entry_sh                            0x080001c3   Thumb Code     0  __rtentry4.o(.ARM.Collect$$rtentry$$00000004)
    __rt_entry_li                            0x080001c9   Thumb Code     0  __rtentry2.o(.ARM.Collect$$rtentry$$0000000A)
    __rt_entry_postsh_1                      0x080001c9   Thumb Code     0  __rtentry2.o(.ARM.Collect$$rtentry$$00000009)
    __rt_entry_main                          0x080001cd   Thumb Code     0  __rtentry2.o(.ARM.Collect$$rtentry$$0000000D)
    __rt_entry_postli_1                      0x080001cd   Thumb Code     0  __rtentry2.o(.ARM.Collect$$rtentry$$0000000C)
    __rt_exit                                0x080001d5   Thumb Code     0  rtexit.o(.ARM.Collect$$rtexit$$00000000)
    __rt_exit_ls                             0x080001d7   Thumb Code     0  rtexit2.o(.ARM.Collect$$rtexit$$00000003)
    __rt_exit_prels_1                        0x080001d7   Thumb Code     0  rtexit2.o(.ARM.Collect$$rtexit$$00000002)
    __rt_exit_exit                           0x080001db   Thumb Code     0  rtexit2.o(.ARM.Collect$$rtexit$$00000004)
    vPortSVCHandler                          0x080001e1   Thumb Code    32  port.o(.emb_text)
    __asm___6_port_c_39a90d8d__prvStartFirstTask 0x08000205   Thumb Code    28  port.o(.emb_text)
    xPortPendSVHandler                       0x08000225   Thumb Code    72  port.o(.emb_text)
    vPortGetIPSR                             0x08000271   Thumb Code     6  port.o(.emb_text)
    start_oled242_task                       0x0800040b   Thumb Code    26  main.o(.text)
    start_oled091_task                       0x08000485   Thumb Code    26  main.o(.text)
    start_rin_task                           0x080004c9   Thumb Code    24  main.o(.text)
    start_led_task                           0x08000505   Thumb Code    24  main.o(.text)
    main                                     0x080005a9   Thumb Code    92  main.o(.text)
    start_rs422_task                         0x08000639   Thumb Code    24  main.o(.text)
    start_rs422_receive_task                 0x08000651   Thumb Code   256  main.o(.text)
    assert_failed                            0x08000751   Thumb Code     4  main.o(.text)
    NMI_Handler                              0x08000755   Thumb Code     2  stm32f10x_it.o(.text)
    HardFault_Handler                        0x08000757   Thumb Code     4  stm32f10x_it.o(.text)
    MemManage_Handler                        0x0800075b   Thumb Code     4  stm32f10x_it.o(.text)
    BusFault_Handler                         0x0800075f   Thumb Code     4  stm32f10x_it.o(.text)
    UsageFault_Handler                       0x08000763   Thumb Code     4  stm32f10x_it.o(.text)
    SVC_Handler                              0x08000767   Thumb Code     2  stm32f10x_it.o(.text)
    DebugMon_Handler                         0x08000769   Thumb Code     2  stm32f10x_it.o(.text)
    PendSV_Handler                           0x0800076b   Thumb Code     2  stm32f10x_it.o(.text)
    SysTick_Handler                          0x0800076d   Thumb Code     2  stm32f10x_it.o(.text)
    gpio_init                                0x08000771   Thumb Code    76  bsp.o(.text)
    delay_ms                                 0x080007bd   Thumb Code    28  bsp.o(.text)
    spi_init                                 0x080007d9   Thumb Code   762  bsp.o(.text)
    adc_init                                 0x08000ad3   Thumb Code   268  bsp.o(.text)
    di_init                                  0x08000bdf   Thumb Code    44  bsp.o(.text)
    bsp_init                                 0x08000c0b   Thumb Code    24  bsp.o(.text)
    read_di                                  0x08000c23   Thumb Code   122  bsp.o(.text)
    usart1_init                              0x08000c9d   Thumb Code   138  bsp.o(.text)
    vSetupTimerTest                          0x08000d45   Thumb Code   156  timertest.o(.text)
    vTimer2IntHandler                        0x08000de1   Thumb Code    72  timertest.o(.text)
    xSerialPortInitMinimal                   0x08000e3d   Thumb Code   238  serial.o(.text)
    xSerialGetChar                           0x08000f2b   Thumb Code    32  serial.o(.text)
    xSerialPutChar                           0x08000f4b   Thumb Code    46  serial.o(.text)
    vSerialPutString                         0x08000f79   Thumb Code    38  serial.o(.text)
    vSerialClose                             0x08000f9f   Thumb Code     2  serial.o(.text)
    vUARTInterruptHandler                    0x08000fa1   Thumb Code   120  serial.o(.text)
    vAltStartComTestTasks                    0x080010f1   Thumb Code    56  comtest.o(.text)
    xAreComTestTasksStillRunning             0x08001129   Thumb Code    20  comtest.o(.text)
    uDelay                                   0x08001169   Thumb Code    14  oled.o(.text)
    SPI2_Init                                0x08001177   Thumb Code   204  oled.o(.text)
    SPI2_NRF_SendByte                        0x08001243   Thumb Code    28  oled.o(.text)
    OLED_WR_Byte                             0x0800125f   Thumb Code    92  oled.o(.text)
    OLED_Set_Pos                             0x080012bb   Thumb Code    46  oled.o(.text)
    OLED_Display_On                          0x080012e9   Thumb Code    28  oled.o(.text)
    OLED_Display_Off                         0x08001305   Thumb Code    28  oled.o(.text)
    OLED_Clear                               0x08001321   Thumb Code    64  oled.o(.text)
    OLED_ShowChar                            0x08001361   Thumb Code   108  oled.o(.text)
    OLED_ShowChar_816                        0x080013cd   Thumb Code   156  oled.o(.text)
    OLED_ShowString_816                      0x08001469   Thumb Code    52  oled.o(.text)
    oled_pow                                 0x0800149d   Thumb Code    22  oled.o(.text)
    OLED_ShowNum                             0x080014b3   Thumb Code    84  oled.o(.text)
    OLED_ShowString                          0x08001507   Thumb Code    52  oled.o(.text)
    OLED_ShowCHinese                         0x0800153b   Thumb Code   186  oled.o(.text)
    OLED_DrawBMP                             0x080015f5   Thumb Code   118  oled.o(.text)
    Delay                                    0x0800166b   Thumb Code    30  oled.o(.text)
    OLED_Init                                0x08001689   Thumb Code   300  oled.o(.text)
    Menu                                     0x080017b5   Thumb Code  1256  oled.o(.text)
    oled_242_wr_byte                         0x08001d01   Thumb Code    92  oo_oled.o(.text)
    oled_set_pos                             0x08001d5d   Thumb Code    46  oo_oled.o(.text)
    oled_show_char                           0x08001d8b   Thumb Code   108  oo_oled.o(.text)
    oled_show_string                         0x08001df7   Thumb Code    52  oo_oled.o(.text)
    oled_init_display                        0x08001e2b   Thumb Code   172  oo_oled.o(.text)
    oled_091_wr_byte                         0x08001ed7   Thumb Code    92  oo_oled.o(.text)
    oled_display_on                          0x08001f33   Thumb Code    28  oo_oled.o(.text)
    oled_display_off                         0x08001f4f   Thumb Code    28  oo_oled.o(.text)
    oled_clear                               0x08001f6b   Thumb Code    64  oo_oled.o(.text)
    oled_show_char_8x16                      0x08001fab   Thumb Code   102  oo_oled.o(.text)
    oled_show_string_8x16                    0x08002011   Thumb Code    54  oo_oled.o(.text)
    oled_show_number                         0x08002047   Thumb Code    84  oo_oled.o(.text)
    oled_show_chinese                        0x0800209b   Thumb Code   406  oo_oled.o(.text)
    oled_draw_bmp                            0x08002231   Thumb Code   118  oo_oled.o(.text)
    Reset_Handler                            0x080022ad   Thumb Code     4  startup_stm32f10x_hd.o(.text)
    ADC_IRQHandler                           0x080022c3   Thumb Code     0  startup_stm32f10x_hd.o(.text)
    CAN_RX1_IRQHandler                       0x080022c3   Thumb Code     0  startup_stm32f10x_hd.o(.text)
    CAN_SCE_IRQHandler                       0x080022c3   Thumb Code     0  startup_stm32f10x_hd.o(.text)
    DMAChannel1_IRQHandler                   0x080022c3   Thumb Code     0  startup_stm32f10x_hd.o(.text)
    DMAChannel2_IRQHandler                   0x080022c3   Thumb Code     0  startup_stm32f10x_hd.o(.text)
    DMAChannel3_IRQHandler                   0x080022c3   Thumb Code     0  startup_stm32f10x_hd.o(.text)
    DMAChannel4_IRQHandler                   0x080022c3   Thumb Code     0  startup_stm32f10x_hd.o(.text)
    DMAChannel5_IRQHandler                   0x080022c3   Thumb Code     0  startup_stm32f10x_hd.o(.text)
    DMAChannel6_IRQHandler                   0x080022c3   Thumb Code     0  startup_stm32f10x_hd.o(.text)
    DMAChannel7_IRQHandler                   0x080022c3   Thumb Code     0  startup_stm32f10x_hd.o(.text)
    EXTI0_IRQHandler                         0x080022c3   Thumb Code     0  startup_stm32f10x_hd.o(.text)
    EXTI15_10_IRQHandler                     0x080022c3   Thumb Code     0  startup_stm32f10x_hd.o(.text)
    EXTI1_IRQHandler                         0x080022c3   Thumb Code     0  startup_stm32f10x_hd.o(.text)
    EXTI2_IRQHandler                         0x080022c3   Thumb Code     0  startup_stm32f10x_hd.o(.text)
    EXTI3_IRQHandler                         0x080022c3   Thumb Code     0  startup_stm32f10x_hd.o(.text)
    EXTI4_IRQHandler                         0x080022c3   Thumb Code     0  startup_stm32f10x_hd.o(.text)
    EXTI9_5_IRQHandler                       0x080022c3   Thumb Code     0  startup_stm32f10x_hd.o(.text)
    FLASH_IRQHandler                         0x080022c3   Thumb Code     0  startup_stm32f10x_hd.o(.text)
    I2C1_ER_IRQHandler                       0x080022c3   Thumb Code     0  startup_stm32f10x_hd.o(.text)
    I2C1_EV_IRQHandler                       0x080022c3   Thumb Code     0  startup_stm32f10x_hd.o(.text)
    I2C2_ER_IRQHandler                       0x080022c3   Thumb Code     0  startup_stm32f10x_hd.o(.text)
    I2C2_EV_IRQHandler                       0x080022c3   Thumb Code     0  startup_stm32f10x_hd.o(.text)
    PVD_IRQHandler                           0x080022c3   Thumb Code     0  startup_stm32f10x_hd.o(.text)
    RCC_IRQHandler                           0x080022c3   Thumb Code     0  startup_stm32f10x_hd.o(.text)
    RTCAlarm_IRQHandler                      0x080022c3   Thumb Code     0  startup_stm32f10x_hd.o(.text)
    RTC_IRQHandler                           0x080022c3   Thumb Code     0  startup_stm32f10x_hd.o(.text)
    SPI1_IRQHandler                          0x080022c3   Thumb Code     0  startup_stm32f10x_hd.o(.text)
    SPI2_IRQHandler                          0x080022c3   Thumb Code     0  startup_stm32f10x_hd.o(.text)
    TAMPER_IRQHandler                        0x080022c3   Thumb Code     0  startup_stm32f10x_hd.o(.text)
    TIM1_BRK_IRQHandler                      0x080022c3   Thumb Code     0  startup_stm32f10x_hd.o(.text)
    TIM1_CC_IRQHandler                       0x080022c3   Thumb Code     0  startup_stm32f10x_hd.o(.text)
    TIM1_TRG_COM_IRQHandler                  0x080022c3   Thumb Code     0  startup_stm32f10x_hd.o(.text)
    TIM1_UP_IRQHandler                       0x080022c3   Thumb Code     0  startup_stm32f10x_hd.o(.text)
    TIM2_IRQHandler                          0x080022c3   Thumb Code     0  startup_stm32f10x_hd.o(.text)
    TIM3_IRQHandler                          0x080022c3   Thumb Code     0  startup_stm32f10x_hd.o(.text)
    TIM4_IRQHandler                          0x080022c3   Thumb Code     0  startup_stm32f10x_hd.o(.text)
    USART1_IRQHandler                        0x080022c3   Thumb Code     0  startup_stm32f10x_hd.o(.text)
    USART2_IRQHandler                        0x080022c3   Thumb Code     0  startup_stm32f10x_hd.o(.text)
    USART3_IRQHandler                        0x080022c3   Thumb Code     0  startup_stm32f10x_hd.o(.text)
    USBWakeUp_IRQHandler                     0x080022c3   Thumb Code     0  startup_stm32f10x_hd.o(.text)
    USB_HP_CAN_TX_IRQHandler                 0x080022c3   Thumb Code     0  startup_stm32f10x_hd.o(.text)
    USB_LP_CAN_RX0_IRQHandler                0x080022c3   Thumb Code     0  startup_stm32f10x_hd.o(.text)
    WWDG_IRQHandler                          0x080022c3   Thumb Code     0  startup_stm32f10x_hd.o(.text)
    __user_initial_stackheap                 0x080022c5   Thumb Code     0  startup_stm32f10x_hd.o(.text)
    vListInitialise                          0x080022e1   Thumb Code    26  list.o(.text)
    vListInitialiseItem                      0x080022fb   Thumb Code     6  list.o(.text)
    vListInsertEnd                           0x08002301   Thumb Code    24  list.o(.text)
    vListInsert                              0x08002319   Thumb Code    52  list.o(.text)
    uxListRemove                             0x0800234d   Thumb Code    40  list.o(.text)
    xQueueGenericReset                       0x08002375   Thumb Code   122  queue.o(.text)
    xQueueGenericCreate                      0x08002415   Thumb Code    56  queue.o(.text)
    xQueueGenericSend                        0x08002553   Thumb Code   276  queue.o(.text)
    xQueueGenericSendFromISR                 0x08002667   Thumb Code   134  queue.o(.text)
    xQueueGiveFromISR                        0x080026ed   Thumb Code   120  queue.o(.text)
    xQueueGenericReceive                     0x080027ad   Thumb Code   312  queue.o(.text)
    xQueueReceiveFromISR                     0x080028e5   Thumb Code   130  queue.o(.text)
    xQueuePeekFromISR                        0x08002967   Thumb Code    74  queue.o(.text)
    uxQueueMessagesWaiting                   0x080029b1   Thumb Code    18  queue.o(.text)
    uxQueueSpacesAvailable                   0x080029c3   Thumb Code    24  queue.o(.text)
    uxQueueMessagesWaitingFromISR            0x080029db   Thumb Code     6  queue.o(.text)
    vQueueDelete                             0x080029e1   Thumb Code    14  queue.o(.text)
    xQueueIsQueueEmptyFromISR                0x080029ef   Thumb Code    14  queue.o(.text)
    xQueueIsQueueFullFromISR                 0x080029fd   Thumb Code    18  queue.o(.text)
    xTaskCreate                              0x08002b71   Thumb Code    96  tasks.o(.text)
    vTaskDelete                              0x08002c0d   Thumb Code   166  tasks.o(.text)
    xTaskIncrementTick                       0x08002cb3   Thumb Code   238  tasks.o(.text)
    xTaskResumeAll                           0x08002da1   Thumb Code   284  tasks.o(.text)
    vTaskSuspendAll                          0x08002f39   Thumb Code    12  tasks.o(.text)
    vTaskDelayUntil                          0x08002f45   Thumb Code   106  tasks.o(.text)
    vTaskDelay                               0x08002faf   Thumb Code    46  tasks.o(.text)
    uxTaskPriorityGet                        0x08002fdd   Thumb Code    30  tasks.o(.text)
    uxTaskPriorityGetFromISR                 0x08002ffb   Thumb Code    52  tasks.o(.text)
    vTaskPrioritySet                         0x0800302f   Thumb Code   216  tasks.o(.text)
    vTaskSwitchContext                       0x08003107   Thumb Code    76  tasks.o(.text)
    vTaskSuspend                             0x08003153   Thumb Code   160  tasks.o(.text)
    vTaskResume                              0x0800322b   Thumb Code   170  tasks.o(.text)
    xTaskResumeFromISR                       0x080032d5   Thumb Code   130  tasks.o(.text)
    vTaskStartScheduler                      0x080033cd   Thumb Code    72  tasks.o(.text)
    vTaskEndScheduler                        0x08003415   Thumb Code    32  tasks.o(.text)
    xTaskGetTickCount                        0x08003435   Thumb Code     6  tasks.o(.text)
    xTaskGetTickCountFromISR                 0x0800343b   Thumb Code     8  tasks.o(.text)
    uxTaskGetNumberOfTasks                   0x08003443   Thumb Code     6  tasks.o(.text)
    pcTaskGetName                            0x08003449   Thumb Code    20  tasks.o(.text)
    vTaskPlaceOnEventList                    0x0800345d   Thumb Code    28  tasks.o(.text)
    vTaskPlaceOnUnorderedEventList           0x08003479   Thumb Code    40  tasks.o(.text)
    xTaskRemoveFromEventList                 0x080034a1   Thumb Code   104  tasks.o(.text)
    xTaskRemoveFromUnorderedEventList        0x08003509   Thumb Code    94  tasks.o(.text)
    vTaskSetTimeOutState                     0x08003567   Thumb Code    14  tasks.o(.text)
    xTaskCheckForTimeOut                     0x08003575   Thumb Code    84  tasks.o(.text)
    vTaskMissedYield                         0x080035c9   Thumb Code     8  tasks.o(.text)
    uxTaskResetEventItemValue                0x080035d1   Thumb Code    24  tasks.o(.text)
    ulTaskNotifyTake                         0x080035e9   Thumb Code   108  tasks.o(.text)
    xTaskNotifyWait                          0x08003655   Thumb Code   226  tasks.o(.text)
    xTaskGenericNotify                       0x08003737   Thumb Code   178  tasks.o(.text)
    xTaskGenericNotifyFromISR                0x080037e9   Thumb Code   228  tasks.o(.text)
    vTaskNotifyGiveFromISR                   0x080038cd   Thumb Code   154  tasks.o(.text)
    xTaskNotifyStateClear                    0x08003967   Thumb Code    48  tasks.o(.text)
    pxPortInitialiseStack                    0x080039cb   Thumb Code    30  port.o(.text)
    vPortSetupTimerInterrupt                 0x080039e9   Thumb Code    14  port.o(.text)
    xPortStartScheduler                      0x080039f7   Thumb Code    42  port.o(.text)
    vPortEndScheduler                        0x08003a21   Thumb Code     2  port.o(.text)
    vPortEnterCritical                       0x08003a23   Thumb Code    30  port.o(.text)
    vPortExitCritical                        0x08003a41   Thumb Code    28  port.o(.text)
    xPortSysTickHandler                      0x08003a5d   Thumb Code    48  port.o(.text)
    pvPortMalloc                             0x08003ac7   Thumb Code   166  heap_2.o(.text)
    vPortFree                                0x08003b6d   Thumb Code    56  heap_2.o(.text)
    xPortGetFreeHeapSize                     0x08003ba5   Thumb Code     6  heap_2.o(.text)
    vPortInitialiseBlocks                    0x08003bab   Thumb Code     2  heap_2.o(.text)
    NVIC_PriorityGroupConfig                 0x08003bc1   Thumb Code    54  misc.o(.text)
    NVIC_Init                                0x08003bf7   Thumb Code   158  misc.o(.text)
    NVIC_SetVectorTable                      0x08003c95   Thumb Code    60  misc.o(.text)
    NVIC_SystemLPConfig                      0x08003cd1   Thumb Code    78  misc.o(.text)
    SysTick_CLKSourceConfig                  0x08003d1f   Thumb Code    62  misc.o(.text)
    ADC_DeInit                               0x08003da5   Thumb Code   106  stm32f10x_adc.o(.text)
    ADC_Init                                 0x08003e0f   Thumb Code   388  stm32f10x_adc.o(.text)
    ADC_StructInit                           0x08003f93   Thumb Code    18  stm32f10x_adc.o(.text)
    ADC_Cmd                                  0x08003fa5   Thumb Code    76  stm32f10x_adc.o(.text)
    ADC_DMACmd                               0x08003ff1   Thumb Code    70  stm32f10x_adc.o(.text)
    ADC_ITConfig                             0x08004037   Thumb Code   104  stm32f10x_adc.o(.text)
    ADC_ResetCalibration                     0x0800409f   Thumb Code    44  stm32f10x_adc.o(.text)
    ADC_GetResetCalibrationStatus            0x080040cb   Thumb Code    54  stm32f10x_adc.o(.text)
    ADC_StartCalibration                     0x08004101   Thumb Code    44  stm32f10x_adc.o(.text)
    ADC_GetCalibrationStatus                 0x0800412d   Thumb Code    54  stm32f10x_adc.o(.text)
    ADC_SoftwareStartConvCmd                 0x08004163   Thumb Code   156  stm32f10x_adc.o(.text)
    ADC_GetSoftwareStartConvStatus           0x080041ff   Thumb Code    56  stm32f10x_adc.o(.text)
    ADC_DiscModeChannelCountConfig           0x08004237   Thumb Code    84  stm32f10x_adc.o(.text)
    ADC_DiscModeCmd                          0x0800428b   Thumb Code    80  stm32f10x_adc.o(.text)
    ADC_RegularChannelConfig                 0x080042db   Thumb Code   412  stm32f10x_adc.o(.text)
    ADC_ExternalTrigConvCmd                  0x08004477   Thumb Code    80  stm32f10x_adc.o(.text)
    ADC_GetConversionValue                   0x080044c7   Thumb Code    42  stm32f10x_adc.o(.text)
    ADC_GetDualModeConversionValue           0x080044f1   Thumb Code     8  stm32f10x_adc.o(.text)
    ADC_AutoInjectedConvCmd                  0x080044f9   Thumb Code    80  stm32f10x_adc.o(.text)
    ADC_InjectedDiscModeCmd                  0x08004549   Thumb Code    80  stm32f10x_adc.o(.text)
    ADC_ExternalTrigInjectedConvConfig       0x08004599   Thumb Code   154  stm32f10x_adc.o(.text)
    ADC_ExternalTrigInjectedConvCmd          0x08004633   Thumb Code    80  stm32f10x_adc.o(.text)
    ADC_SoftwareStartInjectedConvCmd         0x08004683   Thumb Code    80  stm32f10x_adc.o(.text)
    ADC_GetSoftwareStartInjectedConvCmdStatus 0x080046d3   Thumb Code    56  stm32f10x_adc.o(.text)
    ADC_InjectedChannelConfig                0x0800470b   Thumb Code   336  stm32f10x_adc.o(.text)
    ADC_InjectedSequencerLengthConfig        0x0800485b   Thumb Code    84  stm32f10x_adc.o(.text)
    ADC_SetInjectedOffset                    0x080048af   Thumb Code   108  stm32f10x_adc.o(.text)
    ADC_GetInjectedConversionValue           0x0800491b   Thumb Code    92  stm32f10x_adc.o(.text)
    ADC_AnalogWatchdogCmd                    0x08004977   Thumb Code   106  stm32f10x_adc.o(.text)
    ADC_AnalogWatchdogThresholdsConfig       0x080049e1   Thumb Code   110  stm32f10x_adc.o(.text)
    ADC_AnalogWatchdogSingleChannelConfig    0x08004a4f   Thumb Code   136  stm32f10x_adc.o(.text)
    ADC_TempSensorVrefintCmd                 0x08004ad7   Thumb Code    62  stm32f10x_adc.o(.text)
    ADC_GetFlagStatus                        0x08004b15   Thumb Code    90  stm32f10x_adc.o(.text)
    ADC_ClearFlag                            0x08004b6f   Thumb Code    66  stm32f10x_adc.o(.text)
    ADC_GetITStatus                          0x08004bb1   Thumb Code   112  stm32f10x_adc.o(.text)
    ADC_ClearITPendingBit                    0x08004c21   Thumb Code    72  stm32f10x_adc.o(.text)
    DMA_DeInit                               0x08004c75   Thumb Code   430  stm32f10x_dma.o(.text)
    DMA_Init                                 0x08004e23   Thumb Code   388  stm32f10x_dma.o(.text)
    DMA_StructInit                           0x08004fa7   Thumb Code    26  stm32f10x_dma.o(.text)
    DMA_Cmd                                  0x08004fc1   Thumb Code   216  stm32f10x_dma.o(.text)
    DMA_ITConfig                             0x08005099   Thumb Code   174  stm32f10x_dma.o(.text)
    DMA_SetCurrDataCounter                   0x08005147   Thumb Code   116  stm32f10x_dma.o(.text)
    DMA_GetCurrDataCounter                   0x080051bb   Thumb Code   116  stm32f10x_dma.o(.text)
    DMA_GetFlagStatus                        0x0800522f   Thumb Code   346  stm32f10x_dma.o(.text)
    DMA_ClearFlag                            0x08005389   Thumb Code    54  stm32f10x_dma.o(.text)
    DMA_GetITStatus                          0x080053bf   Thumb Code   396  stm32f10x_dma.o(.text)
    DMA_ClearITPendingBit                    0x0800554b   Thumb Code    52  stm32f10x_dma.o(.text)
    GPIO_DeInit                              0x080055b5   Thumb Code   224  stm32f10x_gpio.o(.text)
    GPIO_AFIODeInit                          0x08005695   Thumb Code    20  stm32f10x_gpio.o(.text)
    GPIO_Init                                0x080056a9   Thumb Code   378  stm32f10x_gpio.o(.text)
    GPIO_StructInit                          0x08005823   Thumb Code    16  stm32f10x_gpio.o(.text)
    GPIO_ReadInputDataBit                    0x08005833   Thumb Code   170  stm32f10x_gpio.o(.text)
    GPIO_ReadInputData                       0x080058dd   Thumb Code    64  stm32f10x_gpio.o(.text)
    GPIO_ReadOutputDataBit                   0x0800591d   Thumb Code   256  stm32f10x_gpio.o(.text)
    GPIO_ReadOutputData                      0x08005a1d   Thumb Code    66  stm32f10x_gpio.o(.text)
    GPIO_SetBits                             0x08005a5f   Thumb Code    86  stm32f10x_gpio.o(.text)
    GPIO_ResetBits                           0x08005ab5   Thumb Code    86  stm32f10x_gpio.o(.text)
    GPIO_WriteBit                            0x08005b0b   Thumb Code   188  stm32f10x_gpio.o(.text)
    GPIO_Write                               0x08005bc7   Thumb Code    66  stm32f10x_gpio.o(.text)
    GPIO_PinLockConfig                       0x08005c09   Thumb Code   100  stm32f10x_gpio.o(.text)
    GPIO_EventOutputConfig                   0x08005c6d   Thumb Code   138  stm32f10x_gpio.o(.text)
    GPIO_EventOutputCmd                      0x08005cf7   Thumb Code    30  stm32f10x_gpio.o(.text)
    GPIO_PinRemapConfig                      0x08005d15   Thumb Code   552  stm32f10x_gpio.o(.text)
    GPIO_EXTILineConfig                      0x08005f3d   Thumb Code   186  stm32f10x_gpio.o(.text)
    GPIO_ETH_MediaInterfaceConfig            0x08005ff7   Thumb Code    30  stm32f10x_gpio.o(.text)
    RCC_DeInit                               0x08006031   Thumb Code    64  stm32f10x_rcc.o(.text)
    RCC_HSEConfig                            0x08006071   Thumb Code   100  stm32f10x_rcc.o(.text)
    RCC_GetFlagStatus                        0x080060d5   Thumb Code   118  stm32f10x_rcc.o(.text)
    RCC_WaitForHSEStartUp                    0x0800614b   Thumb Code    56  stm32f10x_rcc.o(.text)
    RCC_AdjustHSICalibrationValue            0x08006183   Thumb Code    38  stm32f10x_rcc.o(.text)
    RCC_HSICmd                               0x080061a9   Thumb Code    28  stm32f10x_rcc.o(.text)
    RCC_PLLConfig                            0x080061c5   Thumb Code   152  stm32f10x_rcc.o(.text)
    RCC_PLLCmd                               0x0800625d   Thumb Code    28  stm32f10x_rcc.o(.text)
    RCC_SYSCLKConfig                         0x08006279   Thumb Code    42  stm32f10x_rcc.o(.text)
    RCC_GetSYSCLKSource                      0x080062a3   Thumb Code    10  stm32f10x_rcc.o(.text)
    RCC_HCLKConfig                           0x080062ad   Thumb Code    66  stm32f10x_rcc.o(.text)
    RCC_PCLK1Config                          0x080062ef   Thumb Code    58  stm32f10x_rcc.o(.text)
    RCC_PCLK2Config                          0x08006329   Thumb Code    60  stm32f10x_rcc.o(.text)
    RCC_ITConfig                             0x08006365   Thumb Code    70  stm32f10x_rcc.o(.text)
    RCC_USBCLKConfig                         0x080063ab   Thumb Code    30  stm32f10x_rcc.o(.text)
    RCC_ADCCLKConfig                         0x080063c9   Thumb Code    52  stm32f10x_rcc.o(.text)
    RCC_LSEConfig                            0x080063fd   Thumb Code   146  stm32f10x_rcc.o(.text)
    RCC_LSICmd                               0x0800648f   Thumb Code    30  stm32f10x_rcc.o(.text)
    RCC_RTCCLKConfig                         0x080064ad   Thumb Code    52  stm32f10x_rcc.o(.text)
    RCC_RTCCLKCmd                            0x080064e1   Thumb Code    32  stm32f10x_rcc.o(.text)
    RCC_GetClocksFreq                        0x08006501   Thumb Code   208  stm32f10x_rcc.o(.text)
    RCC_AHBPeriphClockCmd                    0x080065d1   Thumb Code    86  stm32f10x_rcc.o(.text)
    RCC_APB2PeriphClockCmd                   0x08006627   Thumb Code    82  stm32f10x_rcc.o(.text)
    RCC_APB1PeriphClockCmd                   0x08006679   Thumb Code    82  stm32f10x_rcc.o(.text)
    RCC_APB2PeriphResetCmd                   0x080066cb   Thumb Code    82  stm32f10x_rcc.o(.text)
    RCC_APB1PeriphResetCmd                   0x0800671d   Thumb Code    82  stm32f10x_rcc.o(.text)
    RCC_BackupResetCmd                       0x0800676f   Thumb Code    32  stm32f10x_rcc.o(.text)
    RCC_ClockSecuritySystemCmd               0x0800678f   Thumb Code    30  stm32f10x_rcc.o(.text)
    RCC_MCOConfig                            0x080067ad   Thumb Code    44  stm32f10x_rcc.o(.text)
    RCC_ClearFlag                            0x080067d9   Thumb Code    18  stm32f10x_rcc.o(.text)
    RCC_GetITStatus                          0x080067eb   Thumb Code    64  stm32f10x_rcc.o(.text)
    RCC_ClearITPendingBit                    0x0800682b   Thumb Code    34  stm32f10x_rcc.o(.text)
    SPI_I2S_DeInit                           0x08006871   Thumb Code   104  stm32f10x_spi.o(.text)
    SPI_Init                                 0x080068d9   Thumb Code   328  stm32f10x_spi.o(.text)
    I2S_Init                                 0x08006a21   Thumb Code   434  stm32f10x_spi.o(.text)
    SPI_StructInit                           0x08006bd3   Thumb Code    24  stm32f10x_spi.o(.text)
    I2S_StructInit                           0x08006beb   Thumb Code    20  stm32f10x_spi.o(.text)
    SPI_Cmd                                  0x08006bff   Thumb Code    78  stm32f10x_spi.o(.text)
    I2S_Cmd                                  0x08006c4d   Thumb Code   148  stm32f10x_spi.o(.text)
    SPI_I2S_ITConfig                         0x08006ce1   Thumb Code   126  stm32f10x_spi.o(.text)
    SPI_I2S_DMACmd                           0x08006d5f   Thumb Code   102  stm32f10x_spi.o(.text)
    SPI_I2S_SendData                         0x08006dc5   Thumb Code    42  stm32f10x_spi.o(.text)
    SPI_I2S_ReceiveData                      0x08006def   Thumb Code    40  stm32f10x_spi.o(.text)
    SPI_NSSInternalSoftwareConfig            0x08006e17   Thumb Code    96  stm32f10x_spi.o(.text)
    SPI_SSOutputCmd                          0x08006e77   Thumb Code    82  stm32f10x_spi.o(.text)
    SPI_DataSizeConfig                       0x08006ec9   Thumb Code    78  stm32f10x_spi.o(.text)
    SPI_TransmitCRC                          0x08006f17   Thumb Code    46  stm32f10x_spi.o(.text)
    SPI_CalculateCRC                         0x08006f45   Thumb Code    82  stm32f10x_spi.o(.text)
    SPI_GetCRC                               0x08006f97   Thumb Code    74  stm32f10x_spi.o(.text)
    SPI_GetCRCPolynomial                     0x08006fe1   Thumb Code    40  stm32f10x_spi.o(.text)
    SPI_BiDirectionalLineConfig              0x08007009   Thumb Code    94  stm32f10x_spi.o(.text)
    SPI_I2S_GetFlagStatus                    0x08007067   Thumb Code   114  stm32f10x_spi.o(.text)
    SPI_I2S_ClearFlag                        0x080070d9   Thumb Code    62  stm32f10x_spi.o(.text)
    SPI_I2S_GetITStatus                      0x08007117   Thumb Code   138  stm32f10x_spi.o(.text)
    SPI_I2S_ClearITPendingBit                0x080071a1   Thumb Code    74  stm32f10x_spi.o(.text)
    TIM_DeInit                               0x080071f9   Thumb Code   536  stm32f10x_tim.o(.text)
    TIM_TimeBaseInit                         0x08007411   Thumb Code   308  stm32f10x_tim.o(.text)
    TIM_OC1Init                              0x08007545   Thumb Code   572  stm32f10x_tim.o(.text)
    TIM_OC2Init                              0x08007781   Thumb Code   438  stm32f10x_tim.o(.text)
    TIM_OC3Init                              0x08007937   Thumb Code   458  stm32f10x_tim.o(.text)
    TIM_OC4Init                              0x08007b01   Thumb Code   302  stm32f10x_tim.o(.text)
    TIM_SetIC4Prescaler                      0x08007c2f   Thumb Code   110  stm32f10x_tim.o(.text)
    TIM_SetIC3Prescaler                      0x08007d1f   Thumb Code   102  stm32f10x_tim.o(.text)
    TIM_SetIC2Prescaler                      0x08007dff   Thumb Code   128  stm32f10x_tim.o(.text)
    TIM_SetIC1Prescaler                      0x08007f23   Thumb Code   156  stm32f10x_tim.o(.text)
    TIM_ICInit                               0x0800802b   Thumb Code   600  stm32f10x_tim.o(.text)
    TIM_PWMIConfig                           0x08008283   Thumb Code   250  stm32f10x_tim.o(.text)
    TIM_BDTRConfig                           0x0800837d   Thumb Code   254  stm32f10x_tim.o(.text)
    TIM_TimeBaseStructInit                   0x0800847b   Thumb Code    18  stm32f10x_tim.o(.text)
    TIM_OCStructInit                         0x0800848d   Thumb Code    20  stm32f10x_tim.o(.text)
    TIM_ICStructInit                         0x080084a1   Thumb Code    18  stm32f10x_tim.o(.text)
    TIM_BDTRStructInit                       0x080084b3   Thumb Code    18  stm32f10x_tim.o(.text)
    TIM_Cmd                                  0x080084c5   Thumb Code   166  stm32f10x_tim.o(.text)
    TIM_CtrlPWMOutputs                       0x0800856b   Thumb Code   100  stm32f10x_tim.o(.text)
    TIM_ITConfig                             0x080085cf   Thumb Code   178  stm32f10x_tim.o(.text)
    TIM_GenerateEvent                        0x08008681   Thumb Code   144  stm32f10x_tim.o(.text)
    TIM_DMAConfig                            0x08008711   Thumb Code   358  stm32f10x_tim.o(.text)
    TIM_DMACmd                               0x08008877   Thumb Code   144  stm32f10x_tim.o(.text)
    TIM_InternalClockConfig                  0x08008907   Thumb Code    82  stm32f10x_tim.o(.text)
    TIM_SelectInputTrigger                   0x08008959   Thumb Code   130  stm32f10x_tim.o(.text)
    TIM_ITRxExternalClockConfig              0x080089db   Thumb Code   116  stm32f10x_tim.o(.text)
    TIM_TIxExternalClockConfig               0x08008a4f   Thumb Code   186  stm32f10x_tim.o(.text)
    TIM_ETRConfig                            0x08008b09   Thumb Code   164  stm32f10x_tim.o(.text)
    TIM_ETRClockMode1Config                  0x08008bad   Thumb Code   224  stm32f10x_tim.o(.text)
    TIM_ETRClockMode2Config                  0x08008c8d   Thumb Code   152  stm32f10x_tim.o(.text)
    TIM_PrescalerConfig                      0x08008d25   Thumb Code   146  stm32f10x_tim.o(.text)
    TIM_CounterModeConfig                    0x08008db7   Thumb Code   100  stm32f10x_tim.o(.text)
    TIM_EncoderInterfaceConfig               0x08008e1b   Thumb Code   212  stm32f10x_tim.o(.text)
    TIM_ForcedOC1Config                      0x08008eef   Thumb Code   144  stm32f10x_tim.o(.text)
    TIM_ForcedOC2Config                      0x08008f7f   Thumb Code   116  stm32f10x_tim.o(.text)
    TIM_ForcedOC3Config                      0x08008ff3   Thumb Code   160  stm32f10x_tim.o(.text)
    TIM_ForcedOC4Config                      0x08009093   Thumb Code    98  stm32f10x_tim.o(.text)
    TIM_ARRPreloadConfig                     0x080090f5   Thumb Code   162  stm32f10x_tim.o(.text)
    TIM_SelectCOM                            0x08009197   Thumb Code    90  stm32f10x_tim.o(.text)
    TIM_SelectCCDMA                          0x080091f1   Thumb Code   114  stm32f10x_tim.o(.text)
    TIM_CCPreloadControl                     0x08009263   Thumb Code   102  stm32f10x_tim.o(.text)
    TIM_OC1PreloadConfig                     0x080092c9   Thumb Code   142  stm32f10x_tim.o(.text)
    TIM_OC2PreloadConfig                     0x08009357   Thumb Code   114  stm32f10x_tim.o(.text)
    TIM_OC3PreloadConfig                     0x080093c9   Thumb Code    88  stm32f10x_tim.o(.text)
    TIM_OC4PreloadConfig                     0x08009421   Thumb Code   166  stm32f10x_tim.o(.text)
    TIM_OC1FastConfig                        0x080094c7   Thumb Code   142  stm32f10x_tim.o(.text)
    TIM_OC2FastConfig                        0x08009555   Thumb Code   114  stm32f10x_tim.o(.text)
    TIM_OC3FastConfig                        0x080095c7   Thumb Code    88  stm32f10x_tim.o(.text)
    TIM_OC4FastConfig                        0x0800961f   Thumb Code    96  stm32f10x_tim.o(.text)
    TIM_ClearOC1Ref                          0x0800967f   Thumb Code    88  stm32f10x_tim.o(.text)
    TIM_ClearOC2Ref                          0x080096d7   Thumb Code    94  stm32f10x_tim.o(.text)
    TIM_ClearOC3Ref                          0x08009735   Thumb Code    88  stm32f10x_tim.o(.text)
    TIM_ClearOC4Ref                          0x0800978d   Thumb Code    94  stm32f10x_tim.o(.text)
    TIM_OC1PolarityConfig                    0x080097eb   Thumb Code   202  stm32f10x_tim.o(.text)
    TIM_OC1NPolarityConfig                   0x080098b5   Thumb Code    82  stm32f10x_tim.o(.text)
    TIM_OC2PolarityConfig                    0x08009907   Thumb Code   114  stm32f10x_tim.o(.text)
    TIM_OC2NPolarityConfig                   0x08009979   Thumb Code    72  stm32f10x_tim.o(.text)
    TIM_OC3PolarityConfig                    0x080099c1   Thumb Code    96  stm32f10x_tim.o(.text)
    TIM_OC3NPolarityConfig                   0x08009a21   Thumb Code    72  stm32f10x_tim.o(.text)
    TIM_OC4PolarityConfig                    0x08009a69   Thumb Code    96  stm32f10x_tim.o(.text)
    TIM_CCxCmd                               0x08009ac9   Thumb Code   186  stm32f10x_tim.o(.text)
    TIM_CCxNCmd                              0x08009b83   Thumb Code   122  stm32f10x_tim.o(.text)
    TIM_SelectOCxM                           0x08009bfd   Thumb Code   326  stm32f10x_tim.o(.text)
    TIM_UpdateDisableConfig                  0x08009d43   Thumb Code   162  stm32f10x_tim.o(.text)
    TIM_UpdateRequestConfig                  0x08009de5   Thumb Code   162  stm32f10x_tim.o(.text)
    TIM_SelectHallSensor                     0x08009e87   Thumb Code   114  stm32f10x_tim.o(.text)
    TIM_SelectOnePulseMode                   0x08009ef9   Thumb Code   156  stm32f10x_tim.o(.text)
    TIM_SelectOutputTrigger                  0x08009f95   Thumb Code   144  stm32f10x_tim.o(.text)
    TIM_SelectSlaveMode                      0x0800a025   Thumb Code   118  stm32f10x_tim.o(.text)
    TIM_SelectMasterSlaveMode                0x0800a09b   Thumb Code   176  stm32f10x_tim.o(.text)
    TIM_SetCounter                           0x0800a14b   Thumb Code   124  stm32f10x_tim.o(.text)
    TIM_SetAutoreload                        0x0800a1c7   Thumb Code   124  stm32f10x_tim.o(.text)
    TIM_SetCompare1                          0x0800a243   Thumb Code   112  stm32f10x_tim.o(.text)
    TIM_SetCompare2                          0x0800a2b3   Thumb Code    76  stm32f10x_tim.o(.text)
    TIM_SetCompare3                          0x0800a2ff   Thumb Code    58  stm32f10x_tim.o(.text)
    TIM_SetCompare4                          0x0800a339   Thumb Code    60  stm32f10x_tim.o(.text)
    TIM_SetClockDivision                     0x0800a375   Thumb Code   152  stm32f10x_tim.o(.text)
    TIM_GetCapture1                          0x0800a40d   Thumb Code   110  stm32f10x_tim.o(.text)
    TIM_GetCapture2                          0x0800a47b   Thumb Code    74  stm32f10x_tim.o(.text)
    TIM_GetCapture3                          0x0800a4c5   Thumb Code   124  stm32f10x_tim.o(.text)
    TIM_GetCapture4                          0x0800a541   Thumb Code    58  stm32f10x_tim.o(.text)
    TIM_GetCounter                           0x0800a57b   Thumb Code   122  stm32f10x_tim.o(.text)
    TIM_GetPrescaler                         0x0800a5f5   Thumb Code   122  stm32f10x_tim.o(.text)
    TIM_GetFlagStatus                        0x0800a66f   Thumb Code   206  stm32f10x_tim.o(.text)
    TIM_ClearFlag                            0x0800a73d   Thumb Code   146  stm32f10x_tim.o(.text)
    TIM_GetITStatus                          0x0800a7cf   Thumb Code   204  stm32f10x_tim.o(.text)
    TIM_ClearITPendingBit                    0x0800a89b   Thumb Code   214  stm32f10x_tim.o(.text)
    USART_DeInit                             0x0800a971   Thumb Code   174  stm32f10x_usart.o(.text)
    USART_Init                               0x0800aa1f   Thumb Code   450  stm32f10x_usart.o(.text)
    USART_StructInit                         0x0800abe1   Thumb Code    24  stm32f10x_usart.o(.text)
    USART_ClockInit                          0x0800abf9   Thumb Code   162  stm32f10x_usart.o(.text)
    USART_ClockStructInit                    0x0800ac9b   Thumb Code    12  stm32f10x_usart.o(.text)
    USART_Cmd                                0x0800aca7   Thumb Code    90  stm32f10x_usart.o(.text)
    USART_ITConfig                           0x0800ad01   Thumb Code   336  stm32f10x_usart.o(.text)
    USART_DMACmd                             0x0800ae51   Thumb Code   114  stm32f10x_usart.o(.text)
    USART_SetAddress                         0x0800aec3   Thumb Code    86  stm32f10x_usart.o(.text)
    USART_WakeUpConfig                       0x0800af19   Thumb Code    90  stm32f10x_usart.o(.text)
    USART_ReceiverWakeUpCmd                  0x0800af73   Thumb Code    94  stm32f10x_usart.o(.text)
    USART_LINBreakDetectLengthConfig         0x0800afd1   Thumb Code    88  stm32f10x_usart.o(.text)
    USART_LINCmd                             0x0800b029   Thumb Code    94  stm32f10x_usart.o(.text)
    USART_SendData                           0x0800b087   Thumb Code    78  stm32f10x_usart.o(.text)
    USART_ReceiveData                        0x0800b0d5   Thumb Code    56  stm32f10x_usart.o(.text)
    USART_SendBreak                          0x0800b10d   Thumb Code    58  stm32f10x_usart.o(.text)
    USART_SetGuardTime                       0x0800b147   Thumb Code    54  stm32f10x_usart.o(.text)
    USART_SetPrescaler                       0x0800b17d   Thumb Code    66  stm32f10x_usart.o(.text)
    USART_SmartCardCmd                       0x0800b1bf   Thumb Code   102  stm32f10x_usart.o(.text)
    USART_SmartCardNACKCmd                   0x0800b225   Thumb Code    82  stm32f10x_usart.o(.text)
    USART_HalfDuplexCmd                      0x0800b277   Thumb Code    94  stm32f10x_usart.o(.text)
    USART_OverSampling8Cmd                   0x0800b2d5   Thumb Code    92  stm32f10x_usart.o(.text)
    USART_OneBitMethodCmd                    0x0800b331   Thumb Code    94  stm32f10x_usart.o(.text)
    USART_IrDAConfig                         0x0800b38f   Thumb Code    88  stm32f10x_usart.o(.text)
    USART_IrDACmd                            0x0800b3e7   Thumb Code    94  stm32f10x_usart.o(.text)
    USART_GetFlagStatus                      0x0800b445   Thumb Code   164  stm32f10x_usart.o(.text)
    USART_ClearFlag                          0x0800b4e9   Thumb Code   122  stm32f10x_usart.o(.text)
    USART_GetITStatus                        0x0800b563   Thumb Code   280  stm32f10x_usart.o(.text)
    USART_ClearITPendingBit                  0x0800b67b   Thumb Code   158  stm32f10x_usart.o(.text)
    __2sprintf                               0x0800b72d   Thumb Code    34  noretval__2sprintf.o(.text)
    _printf_pre_padding                      0x0800b755   Thumb Code    44  _printf_pad.o(.text)
    _printf_post_padding                     0x0800b781   Thumb Code    34  _printf_pad.o(.text)
    __printf                                 0x0800b7a3   Thumb Code   270  __printf_wp.o(.text)
    __aeabi_memcpy                           0x0800b8b1   Thumb Code     0  rt_memcpy_v6.o(.text)
    __rt_memcpy                              0x0800b8b1   Thumb Code   138  rt_memcpy_v6.o(.text)
    _memcpy_lastbytes                        0x0800b917   Thumb Code     0  rt_memcpy_v6.o(.text)
    __use_two_region_memory                  0x0800b93b   Thumb Code     2  heapauxi.o(.text)
    __rt_heap_escrow$2region                 0x0800b93d   Thumb Code     2  heapauxi.o(.text)
    __rt_heap_expand$2region                 0x0800b93f   Thumb Code     2  heapauxi.o(.text)
    __lib_sel_fp_printf                      0x0800b941   Thumb Code     2  _printf_fp_dec.o(.text)
    _printf_fp_dec_real                      0x0800baef   Thumb Code   620  _printf_fp_dec.o(.text)
    _printf_char_common                      0x0800bd67   Thumb Code    32  _printf_char_common.o(.text)
    _sputc                                   0x0800bd8d   Thumb Code    10  _sputc.o(.text)
    __aeabi_memcpy4                          0x0800bd97   Thumb Code     0  rt_memcpy_w.o(.text)
    __aeabi_memcpy8                          0x0800bd97   Thumb Code     0  rt_memcpy_w.o(.text)
    __rt_memcpy_w                            0x0800bd97   Thumb Code   100  rt_memcpy_w.o(.text)
    _memcpy_lastbytes_aligned                0x0800bddf   Thumb Code     0  rt_memcpy_w.o(.text)
    __rt_locale                              0x0800bdfd   Thumb Code     8  rt_locale_intlibspace.o(.text)
    _ll_udiv10                               0x0800be05   Thumb Code   138  lludiv10.o(.text)
    _printf_fp_infnan                        0x0800be91   Thumb Code   112  _printf_fp_infnan.o(.text)
    _btod_etento                             0x0800bf11   Thumb Code   216  bigflt0.o(.text)
    __user_libspace                          0x0800bfed   Thumb Code     8  libspace.o(.text)
    __user_perproc_libspace                  0x0800bfed   Thumb Code     0  libspace.o(.text)
    __user_perthread_libspace                0x0800bfed   Thumb Code     0  libspace.o(.text)
    __user_setup_stackheap                   0x0800bff5   Thumb Code    74  sys_stackheap_outer.o(.text)
    exit                                     0x0800c03f   Thumb Code    12  exit.o(.text)
    strcmp                                   0x0800c04d   Thumb Code   128  strcmpv7m.o(.text)
    _sys_exit                                0x0800c0cd   Thumb Code     8  sys_exit.o(.text)
    __I$use$semihosting                      0x0800c0d9   Thumb Code     0  use_no_semi.o(.text)
    __use_no_semihosting_swi                 0x0800c0d9   Thumb Code     2  use_no_semi.o(.text)
    __semihosting_library_function           0x0800c0db   Thumb Code     0  indicate_semi.o(.text)
    _btod_d2e                                0x0800c0db   Thumb Code    62  btod.o(CL$$btod_d2e)
    _d2e_denorm_low                          0x0800c119   Thumb Code    70  btod.o(CL$$btod_d2e_denorm_low)
    _d2e_norm_op1                            0x0800c15f   Thumb Code    96  btod.o(CL$$btod_d2e_norm_op1)
    __btod_div_common                        0x0800c1bf   Thumb Code   696  btod.o(CL$$btod_div_common)
    _e2e                                     0x0800c4f7   Thumb Code   198  btod.o(CL$$btod_e2e)
    _btod_ediv                               0x0800c5bd   Thumb Code    40  btod.o(CL$$btod_ediv)
    _btod_emul                               0x0800c5e5   Thumb Code    40  btod.o(CL$$btod_emul)
    __btod_mult_common                       0x0800c60d   Thumb Code   580  btod.o(CL$$btod_mult_common)
    __ARM_fpclassify                         0x0800c851   Thumb Code    40  fpclassify.o(i.__ARM_fpclassify)
    _is_digit                                0x0800c879   Thumb Code    14  __printf_wp.o(i._is_digit)
    _get_lc_numeric                          0x0800c889   Thumb Code    44  lc_numeric_c.o(locale$$code)
    __fpl_dretinf                            0x0800c8b5   Thumb Code    12  dretinf.o(x$fpl$dretinf)
    __aeabi_f2d                              0x0800c8c1   Thumb Code     0  f2d.o(x$fpl$f2d)
    _f2d                                     0x0800c8c1   Thumb Code    86  f2d.o(x$fpl$f2d)
    __aeabi_fdiv                             0x0800c919   Thumb Code     0  fdiv.o(x$fpl$fdiv)
    _fdiv                                    0x0800c919   Thumb Code   384  fdiv.o(x$fpl$fdiv)
    __fpl_fnaninf                            0x0800ca9d   Thumb Code   140  fnaninf.o(x$fpl$fnaninf)
    __fpl_fretinf                            0x0800cb29   Thumb Code    10  fretinf.o(x$fpl$fretinf)
    _printf_fp_dec                           0x0800cb33   Thumb Code     4  printf1.o(x$fpl$printf1)
    __I$use$fp                               0x0800cb36   Number         0  usenofp.o(x$fpl$usenofp)
    high                                     0x0800cb36   Data           3  main.o(.constdata)
    F6x8                                     0x0800cb39   Data         552  oledfont.o(.constdata)
    ascii_6x8_sys                            0x0800cd61   Data         768  oledfont.o(.constdata)
    F8X16                                    0x0800d061   Data        1520  oledfont.o(.constdata)
    ascii_8x16                               0x0800d651   Data        2048  oledfont.o(.constdata)
    Hzk                                      0x0800de51   Data         448  oledfont.o(.constdata)
    F16X24                                   0x0800e011   Data         480  oledfont.o(.constdata)
    Region$$Table$$Base                      0x0800e288   Number         0  anon$$obj.o(Region$$Table)
    Region$$Table$$Limit                     0x0800e2a8   Number         0  anon$$obj.o(Region$$Table)
    hx                                       0x20000000   Data           1  main.o(.data)
    hy                                       0x20000001   Data           1  main.o(.data)
    hlen                                     0x20000002   Data           1  main.o(.data)
    hsize                                    0x20000003   Data           1  main.o(.data)
    h                                        0x20000004   Data           4  main.o(.data)
    xSemaphore                               0x20000008   Data           4  main.o(.data)
    oled_cmd                                 0x2000000c   Data           1  main.o(.data)
    chr_test                                 0x2000000d   Data           1  main.o(.data)
    GPIO_InitStructure                       0x20000010   Data           4  bsp.o(.data)
    ADCConvertedValue                        0x20000014   Data           2  bsp.o(.data)
    com_sdata                                0x20000016   Data           8  bsp.o(.data)
    usMaxJitter                              0x2000001e   Data           2  timertest.o(.data)
    BMP1                                     0x20000038   Data         512  oled.o(.data)
    BMP2                                     0x20000238   Data        1024  oled.o(.data)
    parm_sel                                 0x20000638   Data           4  oled.o(.data)
    x_buf                                    0x2000063c   Data           6  oled.o(.data)
    t                                        0x20000642   Data           1  oled.o(.data)
    a                                        0x20000644   Data           4  oled.o(.data)
    b                                        0x20000648   Data           4  oled.o(.data)
    c                                        0x2000064c   Data           4  oled.o(.data)
    d                                        0x20000650   Data           4  oled.o(.data)
    e                                        0x20000654   Data           4  oled.o(.data)
    f                                        0x20000658   Data           4  oled.o(.data)
    POS_X_LOGO                               0x2000065c   Data           1  oo_oled.o(.data)
    POS_Y_LOGO                               0x2000065d   Data           1  oo_oled.o(.data)
    POS_X_LAT                                0x2000065e   Data           1  oo_oled.o(.data)
    POS_Y_LAT                                0x2000065f   Data           1  oo_oled.o(.data)
    POS_X_LATV                               0x20000660   Data           1  oo_oled.o(.data)
    POS_Y_LATV                               0x20000661   Data           1  oo_oled.o(.data)
    POS_X_LONG                               0x20000662   Data           1  oo_oled.o(.data)
    POS_Y_LONG                               0x20000663   Data           1  oo_oled.o(.data)
    POS_X_LONGV                              0x20000664   Data           1  oo_oled.o(.data)
    POS_Y_LONGV                              0x20000665   Data           1  oo_oled.o(.data)
    POS_X_ATT                                0x20000666   Data           1  oo_oled.o(.data)
    POS_Y_ATT                                0x20000667   Data           1  oo_oled.o(.data)
    POS_X_ATTPV                              0x20000668   Data           1  oo_oled.o(.data)
    POS_Y_ATTPV                              0x20000669   Data           1  oo_oled.o(.data)
    POS_X_ATTYV                              0x2000066a   Data           1  oo_oled.o(.data)
    POS_Y_ATTYV                              0x2000066b   Data           1  oo_oled.o(.data)
    POS_X_ATTRV                              0x2000066c   Data           1  oo_oled.o(.data)
    POS_Y_ATTRV                              0x2000066d   Data           1  oo_oled.o(.data)
    POS_X_HIGH                               0x2000066e   Data           1  oo_oled.o(.data)
    POS_Y_HIGH                               0x2000066f   Data           1  oo_oled.o(.data)
    POS_X_HIGHV                              0x20000670   Data           1  oo_oled.o(.data)
    POS_Y_HIGHV                              0x20000671   Data           1  oo_oled.o(.data)
    POS_X_MODE                               0x20000672   Data           1  oo_oled.o(.data)
    POS_Y_MODE                               0x20000673   Data           1  oo_oled.o(.data)
    POS_X_MODEV                              0x20000674   Data           1  oo_oled.o(.data)
    POS_Y_MODEV                              0x20000675   Data           1  oo_oled.o(.data)
    POS_X_STAT                               0x20000676   Data           1  oo_oled.o(.data)
    POS_Y_STAT                               0x20000677   Data           1  oo_oled.o(.data)
    POS_X_STATV                              0x20000678   Data           1  oo_oled.o(.data)
    POS_Y_STATV                              0x20000679   Data           1  oo_oled.o(.data)
    POS_X_BAT                                0x2000067a   Data           1  oo_oled.o(.data)
    POS_Y_BAT                                0x2000067b   Data           1  oo_oled.o(.data)
    POS_X_BATV                               0x2000067c   Data           1  oo_oled.o(.data)
    POS_Y_BATV                               0x2000067d   Data           1  oo_oled.o(.data)
    POS_X_VOLT                               0x2000067e   Data           1  oo_oled.o(.data)
    POS_Y_VOLT                               0x2000067f   Data           1  oo_oled.o(.data)
    POS_X_VOLTV                              0x20000680   Data           1  oo_oled.o(.data)
    POS_Y_VOLTV                              0x20000681   Data           1  oo_oled.o(.data)
    POS_X_CURR                               0x20000682   Data           1  oo_oled.o(.data)
    POS_Y_CURR                               0x20000683   Data           1  oo_oled.o(.data)
    POS_X_CURRV                              0x20000684   Data           1  oo_oled.o(.data)
    POS_Y_CURRV                              0x20000685   Data           1  oo_oled.o(.data)
    POS_X_TEMP                               0x20000686   Data           1  oo_oled.o(.data)
    POS_Y_TEMP                               0x20000687   Data           1  oo_oled.o(.data)
    POS_X_TEMPV                              0x20000688   Data           1  oo_oled.o(.data)
    POS_Y_TEMPV                              0x20000689   Data           1  oo_oled.o(.data)
    POS_X_ALAM                               0x2000068a   Data           1  oo_oled.o(.data)
    POS_Y_ALAM                               0x2000068b   Data           1  oo_oled.o(.data)
    POS_X_ALAMV                              0x2000068c   Data           1  oo_oled.o(.data)
    POS_Y_ALAMV                              0x2000068d   Data           1  oo_oled.o(.data)
    parm_sel1                                0x20000690   Data           4  oo_oled.o(.data)
    pxCurrentTCB                             0x20000694   Data           4  tasks.o(.data)
    USART_InitStructure                      0x20000700   Data          16  bsp.o(.bss)
    ADC_InitStructure                        0x20000710   Data          20  bsp.o(.bss)
    DMA_InitStructure                        0x20000724   Data          44  bsp.o(.bss)
    di_value                                 0x20000750   Data          52  bsp.o(.bss)
    dsp_data                                 0x20000784   Data          26  bsp.o(.bss)
    ptr                                      0x2000079e   Data          20  oled.o(.bss)
    __libspace_start                         0x20004c7c   Data          96  libspace.o(.bss)
    __temporary_stack_top$libspace           0x20004cdc   Data           0  libspace.o(.bss)



==============================================================================

Memory Map of the image

  Image Entry point : 0x080000ed

  Load Region LR_IROM1 (Base: 0x08000000, Size: 0x0000e9c4, Max: 0x00040000, ABSOLUTE, COMPRESSED[0x0000e4d0])

    Execution Region ER_IROM1 (Base: 0x08000000, Size: 0x0000e2c4, Max: 0x00040000, ABSOLUTE)

    Base Addr    Size         Type   Attr      Idx    E Section Name        Object

    0x08000000   0x000000ec   Data   RO          335    RESET               startup_stm32f10x_hd.o
    0x080000ec   0x00000008   Code   RO          791  * !!!main             c_w.l(__main.o)
    0x080000f4   0x00000034   Code   RO         1018    !!!scatter          c_w.l(__scatter.o)
    0x08000128   0x0000005a   Code   RO         1016    !!dczerorl2         c_w.l(__dczerorl2.o)
    0x08000182   0x00000002   PAD
    0x08000184   0x0000001c   Code   RO         1020    !!handler_zi        c_w.l(__scatter_zi.o)
    0x080001a0   0x00000000   Code   RO          786    .ARM.Collect$$_printf_percent$$00000000  c_w.l(_printf_percent.o)
    0x080001a0   0x00000006   Code   RO          785    .ARM.Collect$$_printf_percent$$00000003  c_w.l(_printf_f.o)
    0x080001a6   0x00000004   Code   RO          808    .ARM.Collect$$_printf_percent$$00000017  c_w.l(_printf_percent_end.o)
    0x080001aa   0x00000002   Code   RO          890    .ARM.Collect$$libinit$$00000000  c_w.l(libinit.o)
    0x080001ac   0x00000000   Code   RO          892    .ARM.Collect$$libinit$$00000002  c_w.l(libinit2.o)
    0x080001ac   0x00000000   Code   RO          894    .ARM.Collect$$libinit$$00000004  c_w.l(libinit2.o)
    0x080001ac   0x00000000   Code   RO          897    .ARM.Collect$$libinit$$0000000A  c_w.l(libinit2.o)
    0x080001ac   0x00000000   Code   RO          899    .ARM.Collect$$libinit$$0000000C  c_w.l(libinit2.o)
    0x080001ac   0x00000000   Code   RO          901    .ARM.Collect$$libinit$$0000000E  c_w.l(libinit2.o)
    0x080001ac   0x00000006   Code   RO          902    .ARM.Collect$$libinit$$0000000F  c_w.l(libinit2.o)
    0x080001b2   0x00000000   Code   RO          904    .ARM.Collect$$libinit$$00000011  c_w.l(libinit2.o)
    0x080001b2   0x00000000   Code   RO          906    .ARM.Collect$$libinit$$00000013  c_w.l(libinit2.o)
    0x080001b2   0x00000000   Code   RO          908    .ARM.Collect$$libinit$$00000015  c_w.l(libinit2.o)
    0x080001b2   0x0000000a   Code   RO          909    .ARM.Collect$$libinit$$00000016  c_w.l(libinit2.o)
    0x080001bc   0x00000000   Code   RO          910    .ARM.Collect$$libinit$$00000017  c_w.l(libinit2.o)
    0x080001bc   0x00000000   Code   RO          912    .ARM.Collect$$libinit$$00000019  c_w.l(libinit2.o)
    0x080001bc   0x00000000   Code   RO          914    .ARM.Collect$$libinit$$0000001B  c_w.l(libinit2.o)
    0x080001bc   0x00000000   Code   RO          916    .ARM.Collect$$libinit$$0000001D  c_w.l(libinit2.o)
    0x080001bc   0x00000000   Code   RO          918    .ARM.Collect$$libinit$$0000001F  c_w.l(libinit2.o)
    0x080001bc   0x00000000   Code   RO          920    .ARM.Collect$$libinit$$00000021  c_w.l(libinit2.o)
    0x080001bc   0x00000000   Code   RO          922    .ARM.Collect$$libinit$$00000023  c_w.l(libinit2.o)
    0x080001bc   0x00000000   Code   RO          924    .ARM.Collect$$libinit$$00000025  c_w.l(libinit2.o)
    0x080001bc   0x00000000   Code   RO          928    .ARM.Collect$$libinit$$0000002C  c_w.l(libinit2.o)
    0x080001bc   0x00000000   Code   RO          930    .ARM.Collect$$libinit$$0000002E  c_w.l(libinit2.o)
    0x080001bc   0x00000000   Code   RO          932    .ARM.Collect$$libinit$$00000030  c_w.l(libinit2.o)
    0x080001bc   0x00000000   Code   RO          934    .ARM.Collect$$libinit$$00000032  c_w.l(libinit2.o)
    0x080001bc   0x00000002   Code   RO          935    .ARM.Collect$$libinit$$00000033  c_w.l(libinit2.o)
    0x080001be   0x00000002   Code   RO          965    .ARM.Collect$$libshutdown$$00000000  c_w.l(libshutdown.o)
    0x080001c0   0x00000000   Code   RO          977    .ARM.Collect$$libshutdown$$00000003  c_w.l(libshutdown2.o)
    0x080001c0   0x00000000   Code   RO          980    .ARM.Collect$$libshutdown$$00000006  c_w.l(libshutdown2.o)
    0x080001c0   0x00000000   Code   RO          983    .ARM.Collect$$libshutdown$$00000009  c_w.l(libshutdown2.o)
    0x080001c0   0x00000000   Code   RO          985    .ARM.Collect$$libshutdown$$0000000B  c_w.l(libshutdown2.o)
    0x080001c0   0x00000000   Code   RO          988    .ARM.Collect$$libshutdown$$0000000E  c_w.l(libshutdown2.o)
    0x080001c0   0x00000002   Code   RO          989    .ARM.Collect$$libshutdown$$0000000F  c_w.l(libshutdown2.o)
    0x080001c2   0x00000000   Code   RO          801    .ARM.Collect$$rtentry$$00000000  c_w.l(__rtentry.o)
    0x080001c2   0x00000000   Code   RO          819    .ARM.Collect$$rtentry$$00000002  c_w.l(__rtentry2.o)
    0x080001c2   0x00000006   Code   RO          831    .ARM.Collect$$rtentry$$00000004  c_w.l(__rtentry4.o)
    0x080001c8   0x00000000   Code   RO          821    .ARM.Collect$$rtentry$$00000009  c_w.l(__rtentry2.o)
    0x080001c8   0x00000004   Code   RO          822    .ARM.Collect$$rtentry$$0000000A  c_w.l(__rtentry2.o)
    0x080001cc   0x00000000   Code   RO          824    .ARM.Collect$$rtentry$$0000000C  c_w.l(__rtentry2.o)
    0x080001cc   0x00000008   Code   RO          825    .ARM.Collect$$rtentry$$0000000D  c_w.l(__rtentry2.o)
    0x080001d4   0x00000002   Code   RO          936    .ARM.Collect$$rtexit$$00000000  c_w.l(rtexit.o)
    0x080001d6   0x00000000   Code   RO          943    .ARM.Collect$$rtexit$$00000002  c_w.l(rtexit2.o)
    0x080001d6   0x00000004   Code   RO          944    .ARM.Collect$$rtexit$$00000003  c_w.l(rtexit2.o)
    0x080001da   0x00000006   Code   RO          945    .ARM.Collect$$rtexit$$00000004  c_w.l(rtexit2.o)
    0x080001e0   0x00000096   Code   RO          414    .emb_text           port.o
    0x08000276   0x00000002   PAD
    0x08000278   0x000004dc   Code   RO            1    .text               main.o
    0x08000754   0x0000001a   Code   RO          166    .text               stm32f10x_it.o
    0x0800076e   0x00000002   PAD
    0x08000770   0x000005d4   Code   RO          181    .text               bsp.o
    0x08000d44   0x000000f8   Code   RO          203    .text               timertest.o
    0x08000e3c   0x000001f0   Code   RO          224    .text               serial.o
    0x0800102c   0x0000013c   Code   RO          238    .text               comtest.o
    0x08001168   0x00000b98   Code   RO          258    .text               oled.o
    0x08001d00   0x000005ac   Code   RO          285    .text               oo_oled.o
    0x080022ac   0x00000034   Code   RO          336    .text               startup_stm32f10x_hd.o
    0x080022e0   0x00000094   Code   RO          341    .text               list.o
    0x08002374   0x000006a0   Code   RO          353    .text               queue.o
    0x08002a14   0x00000fa0   Code   RO          380    .text               tasks.o
    0x080039b4   0x000000e8   Code   RO          415    .text               port.o
    0x08003a9c   0x00000124   Code   RO          444    .text               heap_2.o
    0x08003bc0   0x000001e4   Code   RO          459    .text               misc.o
    0x08003da4   0x00000ed0   Code   RO          471    .text               stm32f10x_adc.o
    0x08004c74   0x00000940   Code   RO          555    .text               stm32f10x_dma.o
    0x080055b4   0x00000a7c   Code   RO          603    .text               stm32f10x_gpio.o
    0x08006030   0x00000840   Code   RO          651    .text               stm32f10x_rcc.o
    0x08006870   0x00000988   Code   RO          689    .text               stm32f10x_spi.o
    0x080071f8   0x00003778   Code   RO          701    .text               stm32f10x_tim.o
    0x0800a970   0x00000dbc   Code   RO          713    .text               stm32f10x_usart.o
    0x0800b72c   0x00000028   Code   RO          759    .text               c_w.l(noretval__2sprintf.o)
    0x0800b754   0x0000004e   Code   RO          763    .text               c_w.l(_printf_pad.o)
    0x0800b7a2   0x0000010e   Code   RO          773    .text               c_w.l(__printf_wp.o)
    0x0800b8b0   0x0000008a   Code   RO          787    .text               c_w.l(rt_memcpy_v6.o)
    0x0800b93a   0x00000006   Code   RO          789    .text               c_w.l(heapauxi.o)
    0x0800b940   0x0000041a   Code   RO          802    .text               c_w.l(_printf_fp_dec.o)
    0x0800bd5a   0x00000002   PAD
    0x0800bd5c   0x00000030   Code   RO          804    .text               c_w.l(_printf_char_common.o)
    0x0800bd8c   0x0000000a   Code   RO          806    .text               c_w.l(_sputc.o)
    0x0800bd96   0x00000064   Code   RO          809    .text               c_w.l(rt_memcpy_w.o)
    0x0800bdfa   0x00000002   PAD
    0x0800bdfc   0x00000008   Code   RO          836    .text               c_w.l(rt_locale_intlibspace.o)
    0x0800be04   0x0000008a   Code   RO          838    .text               c_w.l(lludiv10.o)
    0x0800be8e   0x00000002   PAD
    0x0800be90   0x00000080   Code   RO          840    .text               c_w.l(_printf_fp_infnan.o)
    0x0800bf10   0x000000dc   Code   RO          844    .text               c_w.l(bigflt0.o)
    0x0800bfec   0x00000008   Code   RO          876    .text               c_w.l(libspace.o)
    0x0800bff4   0x0000004a   Code   RO          879    .text               c_w.l(sys_stackheap_outer.o)
    0x0800c03e   0x0000000c   Code   RO          881    .text               c_w.l(exit.o)
    0x0800c04a   0x00000002   PAD
    0x0800c04c   0x00000080   Code   RO          883    .text               c_w.l(strcmpv7m.o)
    0x0800c0cc   0x0000000c   Code   RO          955    .text               c_w.l(sys_exit.o)
    0x0800c0d8   0x00000002   Code   RO          966    .text               c_w.l(use_no_semi.o)
    0x0800c0da   0x00000000   Code   RO          968    .text               c_w.l(indicate_semi.o)
    0x0800c0da   0x0000003e   Code   RO          847    CL$$btod_d2e        c_w.l(btod.o)
    0x0800c118   0x00000046   Code   RO          849    CL$$btod_d2e_denorm_low  c_w.l(btod.o)
    0x0800c15e   0x00000060   Code   RO          848    CL$$btod_d2e_norm_op1  c_w.l(btod.o)
    0x0800c1be   0x00000338   Code   RO          857    CL$$btod_div_common  c_w.l(btod.o)
    0x0800c4f6   0x000000c6   Code   RO          854    CL$$btod_e2e        c_w.l(btod.o)
    0x0800c5bc   0x00000028   Code   RO          851    CL$$btod_ediv       c_w.l(btod.o)
    0x0800c5e4   0x00000028   Code   RO          850    CL$$btod_emul       c_w.l(btod.o)
    0x0800c60c   0x00000244   Code   RO          856    CL$$btod_mult_common  c_w.l(btod.o)
    0x0800c850   0x00000028   Code   RO          874    i.__ARM_fpclassify  m_ws.l(fpclassify.o)
    0x0800c878   0x0000000e   Code   RO          775    i._is_digit         c_w.l(__printf_wp.o)
    0x0800c886   0x00000002   PAD
    0x0800c888   0x0000002c   Code   RO          870    locale$$code        c_w.l(lc_numeric_c.o)
    0x0800c8b4   0x0000000c   Code   RO          811    x$fpl$dretinf       fz_ws.l(dretinf.o)
    0x0800c8c0   0x00000056   Code   RO          793    x$fpl$f2d           fz_ws.l(f2d.o)
    0x0800c916   0x00000002   PAD
    0x0800c918   0x00000184   Code   RO          796    x$fpl$fdiv          fz_ws.l(fdiv.o)
    0x0800ca9c   0x0000008c   Code   RO          813    x$fpl$fnaninf       fz_ws.l(fnaninf.o)
    0x0800cb28   0x0000000a   Code   RO          815    x$fpl$fretinf       fz_ws.l(fretinf.o)
    0x0800cb32   0x00000004   Code   RO          799    x$fpl$printf1       fz_ws.l(printf1.o)
    0x0800cb36   0x00000000   Code   RO          817    x$fpl$usenofp       fz_ws.l(usenofp.o)
    0x0800cb36   0x00000003   Data   RO            2    .constdata          main.o
    0x0800cb39   0x000016b8   Data   RO          303    .constdata          oledfont.o
    0x0800e1f1   0x00000003   PAD
    0x0800e1f4   0x00000094   Data   RO          845    .constdata          c_w.l(bigflt0.o)
    0x0800e288   0x00000020   Data   RO         1014    Region$$Table       anon$$obj.o
    0x0800e2a8   0x0000001c   Data   RO          869    locale$$data        c_w.l(lc_numeric_c.o)


    Execution Region RW_IRAM1 (Base: 0x20000000, Size: 0x00004ee0, Max: 0x0000c000, ABSOLUTE, COMPRESSED[0x0000020c])

    Base Addr    Size         Type   Attr      Idx    E Section Name        Object

    0x20000000   0x0000000f   Data   RW            3    .data               main.o
    0x2000000f   0x00000001   PAD
    0x20000010   0x0000000e   Data   RW          183    .data               bsp.o
    0x2000001e   0x00000008   Data   RW          204    .data               timertest.o
    0x20000026   0x00000002   PAD
    0x20000028   0x00000008   Data   RW          225    .data               serial.o
    0x20000030   0x00000008   Data   RW          239    .data               comtest.o
    0x20000038   0x00000624   Data   RW          260    .data               oled.o
    0x2000065c   0x00000038   Data   RW          286    .data               oo_oled.o
    0x20000694   0x0000003c   Data   RW          382    .data               tasks.o
    0x200006d0   0x00000004   Data   RW          416    .data               port.o
    0x200006d4   0x00000018   Data   RW          446    .data               heap_2.o
    0x200006ec   0x00000014   Data   RW          652    .data               stm32f10x_rcc.o
    0x20000700   0x0000009e   Zero   RW          182    .bss                bsp.o
    0x2000079e   0x00000014   Zero   RW          259    .bss                oled.o
    0x200007b2   0x00000002   PAD
    0x200007b4   0x000000c8   Zero   RW          381    .bss                tasks.o
    0x2000087c   0x00004400   Zero   RW          445    .bss                heap_2.o
    0x20004c7c   0x00000060   Zero   RW          877    .bss                c_w.l(libspace.o)
    0x20004cdc   0x00000004   PAD
    0x20004ce0   0x00000000   Zero   RW          334    HEAP                startup_stm32f10x_hd.o
    0x20004ce0   0x00000200   Zero   RW          333    STACK               startup_stm32f10x_hd.o


==============================================================================

Image component sizes


      Code (inc. data)   RO Data    RW Data    ZI Data      Debug   Object Name

      1492         74          0         14        158       5591   bsp.o
       316         44          0          8          0       2429   comtest.o
       292         20          0         24      17408       3120   heap_2.o
       148          0          0          0          0       1774   list.o
      1244        232          3         15          0     295270   main.o
       484         72          0          0          0       1981   misc.o
      2968        172          0       1572         20       6933   oled.o
         0          0       5816          0          0        705   oledfont.o
      1452        254          0         56          0       6984   oo_oled.o
       382         28          0          4          0       6772   port.o
      1696         10          0          0          0      17790   queue.o
       496         20          0          8          0       2367   serial.o
        52         18        236          0        512        800   startup_stm32f10x_hd.o
      3792        126          0          0          0      12913   stm32f10x_adc.o
      2368        172          0          0          0       5458   stm32f10x_dma.o
      2684        206          0          0          0       7029   stm32f10x_gpio.o
        26          0          0          0          0       1174   stm32f10x_it.o
      2112        108          0         20          0       9944   stm32f10x_rcc.o
      2440         98          0          0          0       7770   stm32f10x_spi.o
     14200        836          0          0          0      29688   stm32f10x_tim.o
      3516        142          0          0          0      10124   stm32f10x_usart.o
      4000        260          0         60        200      26035   tasks.o
       248         20          0          8          0       1126   timertest.o

    ----------------------------------------------------------------------
     46412       2912       6090       1792      18300     463777   Object Totals
         0          0         32          0          0          0   (incl. Generated)
         4          0          3          3          2          0   (incl. Padding)

    ----------------------------------------------------------------------

      Code (inc. data)   RO Data    RW Data    ZI Data      Debug   Library Member Name

        90          0          0          0          0          0   __dczerorl2.o
         8          0          0          0          0         68   __main.o
       284          0          0          0          0        156   __printf_wp.o
         0          0          0          0          0          0   __rtentry.o
        12          0          0          0          0          0   __rtentry2.o
         6          0          0          0          0          0   __rtentry4.o
        52          8          0          0          0          0   __scatter.o
        28          0          0          0          0          0   __scatter_zi.o
        48          6          0          0          0         96   _printf_char_common.o
         6          0          0          0          0          0   _printf_f.o
      1050          0          0          0          0        216   _printf_fp_dec.o
       128         16          0          0          0         84   _printf_fp_infnan.o
        78          0          0          0          0        108   _printf_pad.o
         0          0          0          0          0          0   _printf_percent.o
         4          0          0          0          0          0   _printf_percent_end.o
        10          0          0          0          0         68   _sputc.o
       220          4        148          0          0         96   bigflt0.o
      1910        128          0          0          0        672   btod.o
        12          0          0          0          0         72   exit.o
         6          0          0          0          0        152   heapauxi.o
         0          0          0          0          0          0   indicate_semi.o
        44         10         28          0          0         76   lc_numeric_c.o
         2          0          0          0          0          0   libinit.o
        18          0          0          0          0          0   libinit2.o
         2          0          0          0          0          0   libshutdown.o
         2          0          0          0          0          0   libshutdown2.o
         8          4          0          0         96         68   libspace.o
       138          0          0          0          0         80   lludiv10.o
        40          6          0          0          0         84   noretval__2sprintf.o
         8          4          0          0          0         68   rt_locale_intlibspace.o
       138          0          0          0          0         68   rt_memcpy_v6.o
       100          0          0          0          0         80   rt_memcpy_w.o
         2          0          0          0          0          0   rtexit.o
        10          0          0          0          0          0   rtexit2.o
       128          0          0          0          0         68   strcmpv7m.o
        12          4          0          0          0         68   sys_exit.o
        74          0          0          0          0         80   sys_stackheap_outer.o
         2          0          0          0          0         68   use_no_semi.o
        12          0          0          0          0         68   dretinf.o
        86          4          0          0          0         84   f2d.o
       388         76          0          0          0         96   fdiv.o
       140          4          0          0          0         84   fnaninf.o
        10          0          0          0          0         68   fretinf.o
         4          0          0          0          0         68   printf1.o
         0          0          0          0          0          0   usenofp.o
        40          0          0          0          0         68   fpclassify.o

    ----------------------------------------------------------------------
      5374        274        176          0        100       3132   Library Totals
        14          0          0          0          4          0   (incl. Padding)

    ----------------------------------------------------------------------

      Code (inc. data)   RO Data    RW Data    ZI Data      Debug   Library Name

      4680        190        176          0         96       2596   c_w.l
       640         84          0          0          0        468   fz_ws.l
        40          0          0          0          0         68   m_ws.l

    ----------------------------------------------------------------------
      5374        274        176          0        100       3132   Library Totals

    ----------------------------------------------------------------------

==============================================================================


      Code (inc. data)   RO Data    RW Data    ZI Data      Debug   

     51786       3186       6266       1792      18400     463057   Grand Totals
     51786       3186       6266        524      18400     463057   ELF Image Totals (compressed)
     51786       3186       6266        524          0          0   ROM Totals

==============================================================================

    Total RO  Size (Code + RO Data)                58052 (  56.69kB)
    Total RW  Size (RW Data + ZI Data)             20192 (  19.72kB)
    Total ROM Size (Code + RO Data + RW Data)      58576 (  57.20kB)

==============================================================================

