<html>
<body>
<pre>
<h1>µVision Build Log</h1>
<h2>Tool Versions:</h2>
IDE-Version: ¦ÌVision V5.14.0.0
Copyright (C) 2015 ARM Ltd and ARM Germany GmbH. All rights reserved.
License Information: R xl, zxyz, LIC=Z3CX7-E3PIG-JMM98-36KCS-MU3XY-MZ4VU
 
Tool Versions:
Toolchain:       MDK-ARM Professional  Version: 5.14.0.0
Toolchain Path:  d:\Keil_v5\ARM\ARMCC\Bin
C Compiler:      Armcc.exe V5.05 update 1 (build 106)
Assembler:       Armasm.exe V5.05 update 1 (build 106)
Linker/Locator:  ArmLink.exe V5.05 update 1 (build 106)
Library Manager: ArmAr.exe V5.05 update 1 (build 106)
Hex Converter:   FromElf.exe V5.05 update 1 (build 106)
CPU DLL:         SARMCM3.DLL V5.14.0.0
Dialog DLL:      DCM.DLL V1.13.1.0
Target DLL:      Segger\JL2CM3.dll V2.99.13.0
Dialog DLL:      TCM.DLL V1.14.4.0
 
<h2>Project:</h2>
E:\work\keil\sev_ctl_handle\prj\sev_ctl_handle.uvprojx
Project File Date:  05/17/2017

<h2>Output:</h2>
Build target 'Target 1'
compiling main.c...
..\app\main.c(230): warning:  #550-D: variable "rcrc" was set but never used
                  uint32_t crc = 0,rcrc;
..\app\main.c: 1 warning, 0 errors
compiling bsp.c...
compiling comtest.c...
linking...
Program Size: Code=56230 RO-data=8198 RW-data=1808 ZI-data=18512  
".\Objects\sev_ctl_handle.axf" - 0 Error(s), 1 Warning(s).

<h2>Collection of Component include folders:</h2>
  E:\work\keil\sev_ctl_handle\prj\RTE
  d:\Keil_v5\ARM\PACK\Keil\STM32F1xx_DFP\2.2.0

<h2>Collection of Component Files used:</h2>
</pre>
</body>
</html>
